Archive member included to satisfy reference by file (symbol)

c:/st/stm32cubeide_1.10.1/stm32cubeide/plugins/com.st.stm32cube.ide.mcu.externaltools.gnu-tools-for-stm32.10.3-2021.10.win32_1.0.0.202111181127/tools/bin/../lib/gcc/arm-none-eabi/10.3.1/../../../../arm-none-eabi/lib/thumb/v7e-m+fp/hard\libc_nano.a(lib_a-errno.o)
                              ./Core/Src/syscalls.o (__errno)
c:/st/stm32cubeide_1.10.1/stm32cubeide/plugins/com.st.stm32cube.ide.mcu.externaltools.gnu-tools-for-stm32.10.3-2021.10.win32_1.0.0.202111181127/tools/bin/../lib/gcc/arm-none-eabi/10.3.1/../../../../arm-none-eabi/lib/thumb/v7e-m+fp/hard\libc_nano.a(lib_a-exit.o)
                              c:/st/stm32cubeide_1.10.1/stm32cubeide/plugins/com.st.stm32cube.ide.mcu.externaltools.gnu-tools-for-stm32.10.3-2021.10.win32_1.0.0.202111181127/tools/bin/../lib/gcc/arm-none-eabi/10.3.1/../../../../arm-none-eabi/lib/thumb/v7e-m+fp/hard/crt0.o (exit)
c:/st/stm32cubeide_1.10.1/stm32cubeide/plugins/com.st.stm32cube.ide.mcu.externaltools.gnu-tools-for-stm32.10.3-2021.10.win32_1.0.0.202111181127/tools/bin/../lib/gcc/arm-none-eabi/10.3.1/../../../../arm-none-eabi/lib/thumb/v7e-m+fp/hard\libc_nano.a(lib_a-impure.o)
                              c:/st/stm32cubeide_1.10.1/stm32cubeide/plugins/com.st.stm32cube.ide.mcu.externaltools.gnu-tools-for-stm32.10.3-2021.10.win32_1.0.0.202111181127/tools/bin/../lib/gcc/arm-none-eabi/10.3.1/../../../../arm-none-eabi/lib/thumb/v7e-m+fp/hard\libc_nano.a(lib_a-exit.o) (_global_impure_ptr)
c:/st/stm32cubeide_1.10.1/stm32cubeide/plugins/com.st.stm32cube.ide.mcu.externaltools.gnu-tools-for-stm32.10.3-2021.10.win32_1.0.0.202111181127/tools/bin/../lib/gcc/arm-none-eabi/10.3.1/../../../../arm-none-eabi/lib/thumb/v7e-m+fp/hard\libc_nano.a(lib_a-init.o)
                              c:/st/stm32cubeide_1.10.1/stm32cubeide/plugins/com.st.stm32cube.ide.mcu.externaltools.gnu-tools-for-stm32.10.3-2021.10.win32_1.0.0.202111181127/tools/bin/../lib/gcc/arm-none-eabi/10.3.1/../../../../arm-none-eabi/lib/thumb/v7e-m+fp/hard/crt0.o (__libc_init_array)
c:/st/stm32cubeide_1.10.1/stm32cubeide/plugins/com.st.stm32cube.ide.mcu.externaltools.gnu-tools-for-stm32.10.3-2021.10.win32_1.0.0.202111181127/tools/bin/../lib/gcc/arm-none-eabi/10.3.1/../../../../arm-none-eabi/lib/thumb/v7e-m+fp/hard\libc_nano.a(lib_a-malloc.o)
                              ./Core/Src/main.o (malloc)
c:/st/stm32cubeide_1.10.1/stm32cubeide/plugins/com.st.stm32cube.ide.mcu.externaltools.gnu-tools-for-stm32.10.3-2021.10.win32_1.0.0.202111181127/tools/bin/../lib/gcc/arm-none-eabi/10.3.1/../../../../arm-none-eabi/lib/thumb/v7e-m+fp/hard\libc_nano.a(lib_a-memset.o)
                              c:/st/stm32cubeide_1.10.1/stm32cubeide/plugins/com.st.stm32cube.ide.mcu.externaltools.gnu-tools-for-stm32.10.3-2021.10.win32_1.0.0.202111181127/tools/bin/../lib/gcc/arm-none-eabi/10.3.1/../../../../arm-none-eabi/lib/thumb/v7e-m+fp/hard/crt0.o (memset)
c:/st/stm32cubeide_1.10.1/stm32cubeide/plugins/com.st.stm32cube.ide.mcu.externaltools.gnu-tools-for-stm32.10.3-2021.10.win32_1.0.0.202111181127/tools/bin/../lib/gcc/arm-none-eabi/10.3.1/../../../../arm-none-eabi/lib/thumb/v7e-m+fp/hard\libc_nano.a(lib_a-nano-freer.o)
                              c:/st/stm32cubeide_1.10.1/stm32cubeide/plugins/com.st.stm32cube.ide.mcu.externaltools.gnu-tools-for-stm32.10.3-2021.10.win32_1.0.0.202111181127/tools/bin/../lib/gcc/arm-none-eabi/10.3.1/../../../../arm-none-eabi/lib/thumb/v7e-m+fp/hard\libc_nano.a(lib_a-malloc.o) (_free_r)
c:/st/stm32cubeide_1.10.1/stm32cubeide/plugins/com.st.stm32cube.ide.mcu.externaltools.gnu-tools-for-stm32.10.3-2021.10.win32_1.0.0.202111181127/tools/bin/../lib/gcc/arm-none-eabi/10.3.1/../../../../arm-none-eabi/lib/thumb/v7e-m+fp/hard\libc_nano.a(lib_a-nano-mallocr.o)
                              c:/st/stm32cubeide_1.10.1/stm32cubeide/plugins/com.st.stm32cube.ide.mcu.externaltools.gnu-tools-for-stm32.10.3-2021.10.win32_1.0.0.202111181127/tools/bin/../lib/gcc/arm-none-eabi/10.3.1/../../../../arm-none-eabi/lib/thumb/v7e-m+fp/hard\libc_nano.a(lib_a-malloc.o) (_malloc_r)
c:/st/stm32cubeide_1.10.1/stm32cubeide/plugins/com.st.stm32cube.ide.mcu.externaltools.gnu-tools-for-stm32.10.3-2021.10.win32_1.0.0.202111181127/tools/bin/../lib/gcc/arm-none-eabi/10.3.1/../../../../arm-none-eabi/lib/thumb/v7e-m+fp/hard\libc_nano.a(lib_a-printf.o)
                              ./Core/Src/main.o (printf)
c:/st/stm32cubeide_1.10.1/stm32cubeide/plugins/com.st.stm32cube.ide.mcu.externaltools.gnu-tools-for-stm32.10.3-2021.10.win32_1.0.0.202111181127/tools/bin/../lib/gcc/arm-none-eabi/10.3.1/../../../../arm-none-eabi/lib/thumb/v7e-m+fp/hard\libc_nano.a(lib_a-puts.o)
                              ./Core/Src/stm32f4xx_it.o (puts)
[...]
Memory Configuration

Name             Origin             Length             Attributes
CCMRAM           0x0000000010000000 0x0000000000010000 xrw
RAM              0x0000000020000000 0x0000000000020000 xrw
FLASH            0x0000000008000000 0x0000000000080000 xr
*default*        0x0000000000000000 0xffffffffffffffff

Linker script and memory map

LOAD c:/st/stm32cubeide_1.10.1/stm32cubeide/plugins/com.st.stm32cube.ide.mcu.externaltools.gnu-tools-for-stm32.10.3-2021.10.win32_1.0.0.202111181127/tools/bin/../lib/gcc/arm-none-eabi/10.3.1/thumb/v7e-m+fp/hard/crti.o
LOAD c:/st/stm32cubeide_1.10.1/stm32cubeide/plugins/com.st.stm32cube.ide.mcu.externaltools.gnu-tools-for-stm32.10.3-2021.10.win32_1.0.0.202111181127/tools/bin/../lib/gcc/arm-none-eabi/10.3.1/thumb/v7e-m+fp/hard/crtbegin.o
LOAD c:/st/stm32cubeide_1.10.1/stm32cubeide/plugins/com.st.stm32cube.ide.mcu.externaltools.gnu-tools-for-stm32.10.3-2021.10.win32_1.0.0.202111181127/tools/bin/../lib/gcc/arm-none-eabi/10.3.1/../../../../arm-none-eabi/lib/thumb/v7e-m+fp/hard/crt0.o
LOAD ./Core/Src/adc.o
LOAD ./Core/Src/can.o
LOAD ./Core/Src/dma.o
LOAD ./Core/Src/gpio.o
LOAD ./Core/Src/i2c.o
LOAD ./Core/Src/main.o
LOAD ./Core/Src/ringbuffer.o
LOAD ./Core/Src/rtc.o
LOAD ./Core/Src/sdio.o
LOAD ./Core/Src/stm32f4xx_hal_msp.o
LOAD ./Core/Src/stm32f4xx_it.o
LOAD ./Core/Src/syscalls.o
LOAD ./Core/Src/sysmem.o
LOAD ./Core/Src/system_stm32f4xx.o
LOAD ./Core/Src/tim.o
LOAD ./Core/Src/usart.o
LOAD ./Core/Startup/startup_stm32f407vetx.o
LOAD ./Drivers/STM32F4xx_HAL_Driver/Src/stm32f4xx_hal.o
LOAD ./Drivers/STM32F4xx_HAL_Driver/Src/stm32f4xx_hal_adc.o
LOAD ./Drivers/STM32F4xx_HAL_Driver/Src/stm32f4xx_hal_adc_ex.o
LOAD ./Drivers/STM32F4xx_HAL_Driver/Src/stm32f4xx_hal_can.o
LOAD ./Drivers/STM32F4xx_HAL_Driver/Src/stm32f4xx_hal_cortex.o
LOAD ./Drivers/STM32F4xx_HAL_Driver/Src/stm32f4xx_hal_dma.o
LOAD ./Drivers/STM32F4xx_HAL_Driver/Src/stm32f4xx_hal_dma_ex.o
LOAD ./Drivers/STM32F4xx_HAL_Driver/Src/stm32f4xx_hal_exti.o
LOAD ./Drivers/STM32F4xx_HAL_Driver/Src/stm32f4xx_hal_flash.o
LOAD ./Drivers/STM32F4xx_HAL_Driver/Src/stm32f4xx_hal_flash_ex.o
LOAD ./Drivers/STM32F4xx_HAL_Driver/Src/stm32f4xx_hal_flash_ramfunc.o
LOAD ./Drivers/STM32F4xx_HAL_Driver/Src/stm32f4xx_hal_gpio.o
LOAD ./Drivers/STM32F4xx_HAL_Driver/Src/stm32f4xx_hal_i2c.o
LOAD ./Drivers/STM32F4xx_HAL_Driver/Src/stm32f4xx_hal_i2c_ex.o
LOAD ./Drivers/STM32F4xx_HAL_Driver/Src/stm32f4xx_hal_pwr.o
LOAD ./Drivers/STM32F4xx_HAL_Driver/Src/stm32f4xx_hal_pwr_ex.o
LOAD ./Drivers/STM32F4xx_HAL_Driver/Src/stm32f4xx_hal_rcc.o
LOAD ./Drivers/STM32F4xx_HAL_Driver/Src/stm32f4xx_hal_rcc_ex.o
LOAD ./Drivers/STM32F4xx_HAL_Driver/Src/stm32f4xx_hal_rtc.o
LOAD ./Drivers/STM32F4xx_HAL_Driver/Src/stm32f4xx_hal_rtc_ex.o
LOAD ./Drivers/STM32F4xx_HAL_Driver/Src/stm32f4xx_hal_sd.o
LOAD ./Drivers/STM32F4xx_HAL_Driver/Src/stm32f4xx_hal_tim.o
LOAD ./Drivers/STM32F4xx_HAL_Driver/Src/stm32f4xx_hal_tim_ex.o
LOAD ./Drivers/STM32F4xx_HAL_Driver/Src/stm32f4xx_hal_uart.o
LOAD ./Drivers/STM32F4xx_HAL_Driver/Src/stm32f4xx_ll_adc.o
LOAD ./Drivers/STM32F4xx_HAL_Driver/Src/stm32f4xx_ll_sdmmc.o
LOAD ./FATFS/App/fatfs.o
LOAD ./FATFS/Target/bsp_driver_sd.o
LOAD ./FATFS/Target/sd_diskio.o
LOAD ./Middlewares/Third_Party/FatFs/src/diskio.o
LOAD ./Middlewares/Third_Party/FatFs/src/ff.o
LOAD ./Middlewares/Third_Party/FatFs/src/ff_gen_drv.o
LOAD ./Middlewares/Third_Party/FatFs/src/option/ccsbcs.o
LOAD ./Middlewares/Third_Party/FatFs/src/option/syscall.o
START GROUP
LOAD c:/st/stm32cubeide_1.10.1/stm32cubeide/plugins/com.st.stm32cube.ide.mcu.externaltools.gnu-tools-for-stm32.10.3-2021.10.win32_1.0.0.202111181127/tools/bin/../lib/gcc/arm-none-eabi/10.3.1/../../../../arm-none-eabi/lib/thumb/v7e-m+fp/hard\libc_nano.a
LOAD c:/st/stm32cubeide_1.10.1/stm32cubeide/plugins/com.st.stm32cube.ide.mcu.externaltools.gnu-tools-for-stm32.10.3-2021.10.win32_1.0.0.202111181127/tools/bin/../lib/gcc/arm-none-eabi/10.3.1/../../../../arm-none-eabi/lib/thumb/v7e-m+fp/hard\libm.a
END GROUP
START GROUP
LOAD c:/st/stm32cubeide_1.10.1/stm32cubeide/plugins/com.st.stm32cube.ide.mcu.externaltools.gnu-tools-for-stm32.10.3-2021.10.win32_1.0.0.202111181127/tools/bin/../lib/gcc/arm-none-eabi/10.3.1/thumb/v7e-m+fp/hard\libgcc.a
LOAD c:/st/stm32cubeide_1.10.1/stm32cubeide/plugins/com.st.stm32cube.ide.mcu.externaltools.gnu-tools-for-stm32.10.3-2021.10.win32_1.0.0.202111181127/tools/bin/../lib/gcc/arm-none-eabi/10.3.1/../../../../arm-none-eabi/lib/thumb/v7e-m+fp/hard\libc_nano.a
END GROUP
START GROUP
LOAD c:/st/stm32cubeide_1.10.1/stm32cubeide/plugins/com.st.stm32cube.ide.mcu.externaltools.gnu-tools-for-stm32.10.3-2021.10.win32_1.0.0.202111181127/tools/bin/../lib/gcc/arm-none-eabi/10.3.1/thumb/v7e-m+fp/hard\libgcc.a
LOAD c:/st/stm32cubeide_1.10.1/stm32cubeide/plugins/com.st.stm32cube.ide.mcu.externaltools.gnu-tools-for-stm32.10.3-2021.10.win32_1.0.0.202111181127/tools/bin/../lib/gcc/arm-none-eabi/10.3.1/../../../../arm-none-eabi/lib/thumb/v7e-m+fp/hard\libc_nano.a
LOAD c:/st/stm32cubeide_1.10.1/stm32cubeide/plugins/com.st.stm32cube.ide.mcu.externaltools.gnu-tools-for-stm32.10.3-2021.10.win32_1.0.0.202111181127/tools/bin/../lib/gcc/arm-none-eabi/10.3.1/../../../../arm-none-eabi/lib/thumb/v7e-m+fp/hard\libnosys.a
END GROUP
START GROUP
LOAD c:/st/stm32cubeide_1.10.1/stm32cubeide/plugins/com.st.stm32cube.ide.mcu.externaltools.gnu-tools-for-stm32.10.3-2021.10.win32_1.0.0.202111181127/tools/bin/../lib/gcc/arm-none-eabi/10.3.1/thumb/v7e-m+fp/hard\libgcc.a
LOAD c:/st/stm32cubeide_1.10.1/stm32cubeide/plugins/com.st.stm32cube.ide.mcu.externaltools.gnu-tools-for-stm32.10.3-2021.10.win32_1.0.0.202111181127/tools/bin/../lib/gcc/arm-none-eabi/10.3.1/../../../../arm-none-eabi/lib/thumb/v7e-m+fp/hard\libc_nano.a
LOAD c:/st/stm32cubeide_1.10.1/stm32cubeide/plugins/com.st.stm32cube.ide.mcu.externaltools.gnu-tools-for-stm32.10.3-2021.10.win32_1.0.0.202111181127/tools/bin/../lib/gcc/arm-none-eabi/10.3.1/../../../../arm-none-eabi/lib/thumb/v7e-m+fp/hard\libnosys.a
END GROUP
LOAD c:/st/stm32cubeide_1.10.1/stm32cubeide/plugins/com.st.stm32cube.ide.mcu.externaltools.gnu-tools-for-stm32.10.3-2021.10.win32_1.0.0.202111181127/tools/bin/../lib/gcc/arm-none-eabi/10.3.1/thumb/v7e-m+fp/hard/crtend.o
LOAD c:/st/stm32cubeide_1.10.1/stm32cubeide/plugins/com.st.stm32cube.ide.mcu.externaltools.gnu-tools-for-stm32.10.3-2021.10.win32_1.0.0.202111181127/tools/bin/../lib/gcc/arm-none-eabi/10.3.1/thumb/v7e-m+fp/hard/crtn.o
                0x0000000020020000                _estack = (ORIGIN (RAM) + LENGTH (RAM))
                0x0000000000000200                _Min_Heap_Size = 0x200
                0x0000000000000400                _Min_Stack_Size = 0x400

.isr_vector     0x0000000008000000      0x188
                0x0000000008000000                . = ALIGN (0x4)
 *(.isr_vector)
 .isr_vector    0x0000000008000000      0x188 ./Core/Startup/startup_stm32f407vetx.o
                0x0000000008000000                g_pfnVectors
                0x0000000008000188                . = ALIGN (0x4)

.text           0x0000000008000190    0x11f4c
                0x0000000008000190                . = ALIGN (0x4)
 *(.text)
 .text          0x0000000008000190       0x40 c:/st/stm32cubeide_1.10.1/stm32cubeide/plugins/com.st.stm32cube.ide.mcu.externaltools.gnu-tools-for-stm32.10.3-2021.10.win32_1.0.0.202111181127/tools/bin/../lib/gcc/arm-none-eabi/10.3.1/thumb/v7e-m+fp/hard/crtbegin.o
 .text          0x00000000080001d0       0x10 c:/st/stm32cubeide_1.10.1/stm32cubeide/plugins/com.st.stm32cube.ide.mcu.externaltools.gnu-tools-for-stm32.10.3-2021.10.win32_1.0.0.202111181127/tools/bin/../lib/gcc/arm-none-eabi/10.3.1/../../../../arm-none-eabi/lib/thumb/v7e-m+fp/hard\libc_nano.a(lib_a-strlen.o)
                0x00000000080001d0                strlen
 .text          0x00000000080001e0       0xa0 c:/st/stm32cubeide_1.10.1/stm32cubeide/plugins/com.st.stm32cube.ide.mcu.externaltools.gnu-tools-for-stm32.10.3-2021.10.win32_1.0.0.202111181127/tools/bin/../lib/gcc/arm-none-eabi/10.3.1/../../../../arm-none-eabi/lib/thumb/v7e-m+fp/hard\libc_nano.a(lib_a-memchr.o)
                0x00000000080001e0                memchr
 .text          0x0000000008000280      0x378 c:/st/stm32cubeide_1.10.1/stm32cubeide/plugins/com.st.stm32cube.ide.mcu.externaltools.gnu-tools-for-stm32.10.3-2021.10.win32_1.0.0.202111181127/tools/bin/../lib/gcc/arm-none-eabi/10.3.1/thumb/v7e-m+fp/hard\libgcc.a(_arm_addsubdf3.o)
                0x0000000008000280                __aeabi_drsub
                0x0000000008000288                __aeabi_dsub
                0x0000000008000288                __subdf3
                0x000000000800028c                __aeabi_dadd
                0x000000000800028c                __adddf3
                0x0000000008000504                __floatunsidf
                0x0000000008000504                __aeabi_ui2d
                0x0000000008000524                __floatsidf
                0x0000000008000524                __aeabi_i2d
                0x0000000008000548                __aeabi_f2d
                0x0000000008000548                __extendsfdf2
                0x000000000800058c                __floatundidf
                0x000000000800058c                __aeabi_ul2d
                0x000000000800059c                __floatdidf
                0x000000000800059c                __aeabi_l2d
 .text          0x00000000080005f8      0x424 c:/st/stm32cubeide_1.10.1/stm32cubeide/plugins/com.st.stm32cube.ide.mcu.externaltools.gnu-tools-for-stm32.10.3-2021.10.win32_1.0.0.202111181127/tools/bin/../lib/gcc/arm-none-eabi/10.3.1/thumb/v7e-m+fp/hard\libgcc.a(_arm_muldivdf3.o)
                0x00000000080005f8                __aeabi_dmul
                0x00000000080005f8                __muldf3
                0x000000000800084c                __divdf3
                0x000000000800084c                __aeabi_ddiv
 .text          0x0000000008000a1c       0x50 c:/st/stm32cubeide_1.10.1/stm32cubeide/plugins/com.st.stm32cube.ide.mcu.externaltools.gnu-tools-for-stm32.10.3-2021.10.win32_1.0.0.202111181127/tools/bin/../lib/gcc/arm-none-eabi/10.3.1/thumb/v7e-m+fp/hard\libgcc.a(_arm_fixdfsi.o)
                0x0000000008000a1c                __aeabi_d2iz
                0x0000000008000a1c                __fixdfsi
 .text          0x0000000008000a6c       0x40 c:/st/stm32cubeide_1.10.1/stm32cubeide/plugins/com.st.stm32cube.ide.mcu.externaltools.gnu-tools-for-stm32.10.3-2021.10.win32_1.0.0.202111181127/tools/bin/../lib/gcc/arm-none-eabi/10.3.1/thumb/v7e-m+fp/hard\libgcc.a(_arm_fixunsdfsi.o)
                0x0000000008000a6c                __aeabi_d2uiz
                0x0000000008000a6c                __fixunsdfsi
 .text          0x0000000008000aac      0x21c c:/st/stm32cubeide_1.10.1/stm32cubeide/plugins/com.st.stm32cube.ide.mcu.externaltools.gnu-tools-for-stm32.10.3-2021.10.win32_1.0.0.202111181127/tools/bin/../lib/gcc/arm-none-eabi/10.3.1/thumb/v7e-m+fp/hard\libgcc.a(_arm_addsubsf3.o)
                0x0000000008000aac                __aeabi_frsub
                0x0000000008000ab4                __subsf3
                0x0000000008000ab4                __aeabi_fsub
                0x0000000008000ab8                __aeabi_fadd
                0x0000000008000ab8                __addsf3
                0x0000000008000c18                __aeabi_ui2f
                0x0000000008000c18                __floatunsisf
                0x0000000008000c20                __aeabi_i2f
                0x0000000008000c20                __floatsisf
                0x0000000008000c3c                __aeabi_ul2f
                0x0000000008000c3c                __floatundisf
                0x0000000008000c4c                __aeabi_l2f
                0x0000000008000c4c                __floatdisf
 .text          0x0000000008000cc8       0x30 c:/st/stm32cubeide_1.10.1/stm32cubeide/plugins/com.st.stm32cube.ide.mcu.externaltools.gnu-tools-for-stm32.10.3-2021.10.win32_1.0.0.202111181127/tools/bin/../lib/gcc/arm-none-eabi/10.3.1/thumb/v7e-m+fp/hard\libgcc.a(_aeabi_uldivmod.o)
                0x0000000008000cc8                __aeabi_uldivmod
 .text          0x0000000008000cf8      0x2d0 c:/st/stm32cubeide_1.10.1/stm32cubeide/plugins/com.st.stm32cube.ide.mcu.externaltools.gnu-tools-for-stm32.10.3-2021.10.win32_1.0.0.202111181127/tools/bin/../lib/gcc/arm-none-eabi/10.3.1/thumb/v7e-m+fp/hard\libgcc.a(_udivmoddi4.o)
                0x0000000008000cf8                __udivmoddi4
 .text          0x0000000008000fc8        0x4 c:/st/stm32cubeide_1.10.1/stm32cubeide/plugins/com.st.stm32cube.ide.mcu.externaltools.gnu-tools-for-stm32.10.3-2021.10.win32_1.0.0.202111181127/tools/bin/../lib/gcc/arm-none-eabi/10.3.1/thumb/v7e-m+fp/hard\libgcc.a(_dvmd_tls.o)
                0x0000000008000fc8                __aeabi_idiv0
                0x0000000008000fc8                __aeabi_ldiv0
 *(.text*)
 .text.MX_ADC1_Init
                0x0000000008000fcc       0xa4 ./Core/Src/adc.o
                0x0000000008000fcc                MX_ADC1_Init
 .text.HAL_ADC_MspInit
                0x0000000008001070       0x50 ./Core/Src/adc.o
                0x0000000008001070                HAL_ADC_MspInit
 .text.MX_CAN1_Init
                0x00000000080010c0       0x6c ./Core/Src/can.o
                0x00000000080010c0                MX_CAN1_Init
 .text.HAL_CAN_MspInit
                0x000000000800112c       0xb0 ./Core/Src/can.o
                0x000000000800112c                HAL_CAN_MspInit
 .text.MX_DMA_Init
                0x00000000080011dc       0x50 ./Core/Src/dma.o
                0x00000000080011dc                MX_DMA_Init
 .text.MX_GPIO_Init
                0x000000000800122c      0x13c ./Core/Src/gpio.o
                0x000000000800122c                MX_GPIO_Init
 .text.MX_I2C1_Init
                0x0000000008001368       0x5c ./Core/Src/i2c.o
                0x0000000008001368                MX_I2C1_Init
 .text.MX_I2C2_Init
                0x00000000080013c4       0x5c ./Core/Src/i2c.o
                0x00000000080013c4                MX_I2C2_Init
 .text.HAL_I2C_MspInit
                0x0000000008001420      0x118 ./Core/Src/i2c.o
                0x0000000008001420                HAL_I2C_MspInit
 .text._write   0x0000000008001538       0x28 ./Core/Src/main.o
                0x0000000008001538                _write
 .text.getDateTimeBits
                0x0000000008001560      0x198 ./Core/Src/main.o
                0x0000000008001560                getDateTimeBits
 .text.SD_Setup
                0x00000000080016f8       0xac ./Core/Src/main.o
                0x00000000080016f8                SD_Setup
 *fill*         0x00000000080017a4        0x4 
 .text.log_string_generator
                0x00000000080017a8      0x15c ./Core/Src/main.o
                0x00000000080017a8                log_string_generator
 .text.LOGGER   0x0000000008001904      0x1e8 ./Core/Src/main.o
                0x0000000008001904                LOGGER
 .text.Sensor_Setup
                0x0000000008001aec       0xe8 ./Core/Src/main.o
                0x0000000008001aec                Sensor_Setup
 .text.Sensor_Manager
                0x0000000008001bd4      0x23c ./Core/Src/main.o
                0x0000000008001bd4                Sensor_Manager
 .text.RTD_Manager
                0x0000000008001e10      0x108 ./Core/Src/main.o
                0x0000000008001e10                RTD_Manager
 .text.CAN_Setup
                0x0000000008001f18      0x184 ./Core/Src/main.o
                0x0000000008001f18                CAN_Setup
 .text.HAL_CAN_RxFifo0MsgPendingCallback
                0x000000000800209c      0x224 ./Core/Src/main.o
                0x000000000800209c                HAL_CAN_RxFifo0MsgPendingCallback
 .text.HAL_CAN_RxFifo0FullCallback
                0x00000000080022c0       0x7c ./Core/Src/main.o
                0x00000000080022c0                HAL_CAN_RxFifo0FullCallback
 .text.CAN_Manager
                0x000000000800233c      0x194 ./Core/Src/main.o
                0x000000000800233c                CAN_Manager
 .text.HAL_CAN_ErrorCallback
                0x00000000080024d0       0x60 ./Core/Src/main.o
                0x00000000080024d0                HAL_CAN_ErrorCallback
 .text.HAL_UART_RxCpltCallback
                0x0000000008002530      0x118 ./Core/Src/main.o
                0x0000000008002530                HAL_UART_RxCpltCallback
 .text.GPS_Setup
                0x0000000008002648       0x58 ./Core/Src/main.o
                0x0000000008002648                GPS_Setup
 .text.GPS_Manager
                0x00000000080026a0      0x1a0 ./Core/Src/main.o
                0x00000000080026a0                GPS_Manager
 .text.WiFi_Manager
                0x0000000008002840      0x2cc ./Core/Src/main.o
                0x0000000008002840                WiFi_Manager
 .text.HAL_TIM_PeriodElapsedCallback
                0x0000000008002b0c       0xa0 ./Core/Src/main.o
                0x0000000008002b0c                HAL_TIM_PeriodElapsedCallback
 .text.HAL_ADC_ConvCpltCallback
                0x0000000008002bac       0xb0 ./Core/Src/main.o
                0x0000000008002bac                HAL_ADC_ConvCpltCallback
 .text.LCD_Send_CMD
                0x0000000008002c5c       0x60 ./Core/Src/main.o
                0x0000000008002c5c                LCD_Send_CMD
 .text.LCD_Send_DATA
                0x0000000008002cbc       0x60 ./Core/Src/main.o
                0x0000000008002cbc                LCD_Send_DATA
 .text.LCD_Write
                0x0000000008002d1c       0x5a ./Core/Src/main.o
                0x0000000008002d1c                LCD_Write
 *fill*         0x0000000008002d76        0x2 
 .text.LCD_Setup
                0x0000000008002d78       0x7c ./Core/Src/main.o
                0x0000000008002d78                LCD_Setup
 .text.LCD_Manager
                0x0000000008002df4       0xcc ./Core/Src/main.o
                0x0000000008002df4                LCD_Manager
 .text.ACC_Send
                0x0000000008002ec0       0x38 ./Core/Src/main.o
                0x0000000008002ec0                ACC_Send
 .text.ACC_Read
                0x0000000008002ef8       0x34 ./Core/Src/main.o
                0x0000000008002ef8                ACC_Read
 .text.ACC_Setup
                0x0000000008002f2c       0x2c ./Core/Src/main.o
                0x0000000008002f2c                ACC_Setup
 .text.ACC_Manager
                0x0000000008002f58       0x98 ./Core/Src/main.o
                0x0000000008002f58                ACC_Manager
 .text.main     0x0000000008002ff0      0x1d4 ./Core/Src/main.o
                0x0000000008002ff0                main
 .text.SystemClock_Config
                0x00000000080031c4       0xdc ./Core/Src/main.o
                0x00000000080031c4                SystemClock_Config
 .text.Error_Handler
                0x00000000080032a0       0x6c ./Core/Src/main.o
                0x00000000080032a0                Error_Handler
 .text.ring_buffer_is_empty
                0x000000000800330c       0x2e ./Core/Src/ringbuffer.o
                0x000000000800330c                ring_buffer_is_empty
 .text.ring_buffer_is_full
                0x000000000800333a       0x36 ./Core/Src/ringbuffer.o
                0x000000000800333a                ring_buffer_is_full
 .text.ring_buffer_init
                0x0000000008003370       0x2c ./Core/Src/ringbuffer.o
                0x0000000008003370                ring_buffer_init
 .text.ring_buffer_queue
                0x000000000800339c       0x56 ./Core/Src/ringbuffer.o
                0x000000000800339c                ring_buffer_queue
 .text.ring_buffer_queue_arr
                0x00000000080033f2       0x3a ./Core/Src/ringbuffer.o
                0x00000000080033f2                ring_buffer_queue_arr
 .text.ring_buffer_dequeue
                0x000000000800342c       0x48 ./Core/Src/ringbuffer.o
                0x000000000800342c                ring_buffer_dequeue
 .text.ring_buffer_dequeue_arr
                0x0000000008003474       0x52 ./Core/Src/ringbuffer.o
                0x0000000008003474                ring_buffer_dequeue_arr
 *fill*         0x00000000080034c6        0x2 
 .text.MX_RTC_Init
                0x00000000080034c8       0xd4 ./Core/Src/rtc.o
                0x00000000080034c8                MX_RTC_Init
 .text.HAL_RTC_MspInit
                0x000000000800359c       0x54 ./Core/Src/rtc.o
                0x000000000800359c                HAL_RTC_MspInit
 .text.MX_SDIO_SD_Init
                0x00000000080035f0       0x44 ./Core/Src/sdio.o
                0x00000000080035f0                MX_SDIO_SD_Init
 .text.HAL_SD_MspInit
                0x0000000008003634      0x200 ./Core/Src/sdio.o
                0x0000000008003634                HAL_SD_MspInit
 .text.HAL_MspInit
                0x0000000008003834       0x50 ./Core/Src/stm32f4xx_hal_msp.o
                0x0000000008003834                HAL_MspInit
 .text.NMI_Handler
                0x0000000008003884        0xa ./Core/Src/stm32f4xx_it.o
                0x0000000008003884                NMI_Handler
 *fill*         0x000000000800388e        0x2 
 .text.HardFault_Handler
                0x0000000008003890       0x28 ./Core/Src/stm32f4xx_it.o
                0x0000000008003890                HardFault_Handler
 .text.MemManage_Handler
                0x00000000080038b8        0x6 ./Core/Src/stm32f4xx_it.o
                0x00000000080038b8                MemManage_Handler
 .text.BusFault_Handler
                0x00000000080038be        0x6 ./Core/Src/stm32f4xx_it.o
                0x00000000080038be                BusFault_Handler
 .text.UsageFault_Handler
                0x00000000080038c4        0x6 ./Core/Src/stm32f4xx_it.o
                0x00000000080038c4                UsageFault_Handler
 .text.SVC_Handler
                0x00000000080038ca        0xe ./Core/Src/stm32f4xx_it.o
                0x00000000080038ca                SVC_Handler
 .text.DebugMon_Handler
                0x00000000080038d8        0xe ./Core/Src/stm32f4xx_it.o
                0x00000000080038d8                DebugMon_Handler
 .text.PendSV_Handler
                0x00000000080038e6        0xe ./Core/Src/stm32f4xx_it.o
                0x00000000080038e6                PendSV_Handler
 .text.SysTick_Handler
                0x00000000080038f4       0x10 ./Core/Src/stm32f4xx_it.o
                0x00000000080038f4                SysTick_Handler
 .text.ADC_IRQHandler
                0x0000000008003904       0x14 ./Core/Src/stm32f4xx_it.o
                0x0000000008003904                ADC_IRQHandler
 .text.CAN1_TX_IRQHandler
                0x0000000008003918       0x14 ./Core/Src/stm32f4xx_it.o
                0x0000000008003918                CAN1_TX_IRQHandler
 .text.CAN1_RX0_IRQHandler
                0x000000000800392c       0x14 ./Core/Src/stm32f4xx_it.o
                0x000000000800392c                CAN1_RX0_IRQHandler
 .text.TIM2_IRQHandler
                0x0000000008003940       0x14 ./Core/Src/stm32f4xx_it.o
                0x0000000008003940                TIM2_IRQHandler
 .text.TIM3_IRQHandler
                0x0000000008003954       0x14 ./Core/Src/stm32f4xx_it.o
                0x0000000008003954                TIM3_IRQHandler
 .text.TIM4_IRQHandler
                0x0000000008003968       0x14 ./Core/Src/stm32f4xx_it.o
                0x0000000008003968                TIM4_IRQHandler
 .text.I2C1_EV_IRQHandler
                0x000000000800397c       0x14 ./Core/Src/stm32f4xx_it.o
                0x000000000800397c                I2C1_EV_IRQHandler
 .text.I2C2_EV_IRQHandler
                0x0000000008003990       0x14 ./Core/Src/stm32f4xx_it.o
                0x0000000008003990                I2C2_EV_IRQHandler
 .text.USART3_IRQHandler
                0x00000000080039a4       0x14 ./Core/Src/stm32f4xx_it.o
                0x00000000080039a4                USART3_IRQHandler
 .text.TIM8_BRK_TIM12_IRQHandler
                0x00000000080039b8       0x14 ./Core/Src/stm32f4xx_it.o
                0x00000000080039b8                TIM8_BRK_TIM12_IRQHandler
 .text.SDIO_IRQHandler
                0x00000000080039cc       0x14 ./Core/Src/stm32f4xx_it.o
                0x00000000080039cc                SDIO_IRQHandler
 .text.DMA2_Stream3_IRQHandler
                0x00000000080039e0       0x14 ./Core/Src/stm32f4xx_it.o
                0x00000000080039e0                DMA2_Stream3_IRQHandler
 .text.DMA2_Stream6_IRQHandler
                0x00000000080039f4       0x14 ./Core/Src/stm32f4xx_it.o
                0x00000000080039f4                DMA2_Stream6_IRQHandler
 .text.USART6_IRQHandler
                0x0000000008003a08       0x14 ./Core/Src/stm32f4xx_it.o
                0x0000000008003a08                USART6_IRQHandler
 .text._read    0x0000000008003a1c       0x3a ./Core/Src/syscalls.o
                0x0000000008003a1c                _read
 .text._close   0x0000000008003a56       0x18 ./Core/Src/syscalls.o
                0x0000000008003a56                _close
 .text._fstat   0x0000000008003a6e       0x20 ./Core/Src/syscalls.o
                0x0000000008003a6e                _fstat
 .text._isatty  0x0000000008003a8e       0x16 ./Core/Src/syscalls.o
                0x0000000008003a8e                _isatty
 .text._lseek   0x0000000008003aa4       0x1a ./Core/Src/syscalls.o
                0x0000000008003aa4                _lseek
 *fill*         0x0000000008003abe        0x2 
 .text._sbrk    0x0000000008003ac0       0x6c ./Core/Src/sysmem.o
                0x0000000008003ac0                _sbrk
 .text.SystemInit
                0x0000000008003b2c       0x24 ./Core/Src/system_stm32f4xx.o
                0x0000000008003b2c                SystemInit
 .text.MX_TIM2_Init
                0x0000000008003b50       0x9c ./Core/Src/tim.o
                0x0000000008003b50                MX_TIM2_Init
 .text.MX_TIM3_Init
                0x0000000008003bec       0x9c ./Core/Src/tim.o
                0x0000000008003bec                MX_TIM3_Init
 .text.MX_TIM4_Init
                0x0000000008003c88       0x9c ./Core/Src/tim.o
                0x0000000008003c88                MX_TIM4_Init
 .text.MX_TIM12_Init
                0x0000000008003d24       0x74 ./Core/Src/tim.o
                0x0000000008003d24                MX_TIM12_Init
 .text.HAL_TIM_Base_MspInit
                0x0000000008003d98      0x100 ./Core/Src/tim.o
                0x0000000008003d98                HAL_TIM_Base_MspInit
 .text.MX_USART1_UART_Init
                0x0000000008003e98       0x54 ./Core/Src/usart.o
                0x0000000008003e98                MX_USART1_UART_Init
 .text.MX_USART3_UART_Init
                0x0000000008003eec       0x54 ./Core/Src/usart.o
                0x0000000008003eec                MX_USART3_UART_Init
 .text.MX_USART6_UART_Init
                0x0000000008003f40       0x54 ./Core/Src/usart.o
                0x0000000008003f40                MX_USART6_UART_Init
 .text.HAL_UART_MspInit
                0x0000000008003f94      0x18c ./Core/Src/usart.o
                0x0000000008003f94                HAL_UART_MspInit
 .text.Reset_Handler
                0x0000000008004120       0x50 ./Core/Startup/startup_stm32f407vetx.o
                0x0000000008004120                Reset_Handler
 .text.Default_Handler
                0x0000000008004170        0x2 ./Core/Startup/startup_stm32f407vetx.o
                0x0000000008004170                RTC_Alarm_IRQHandler
                0x0000000008004170                HASH_RNG_IRQHandler
                0x0000000008004170                EXTI2_IRQHandler
                0x0000000008004170                TIM8_CC_IRQHandler
                0x0000000008004170                TIM1_CC_IRQHandler
                0x0000000008004170                DMA2_Stream5_IRQHandler
                0x0000000008004170                DMA1_Stream5_IRQHandler
                0x0000000008004170                PVD_IRQHandler
                0x0000000008004170                TAMP_STAMP_IRQHandler
                0x0000000008004170                CAN2_RX1_IRQHandler
                0x0000000008004170                EXTI3_IRQHandler
                0x0000000008004170                TIM8_TRG_COM_TIM14_IRQHandler
                0x0000000008004170                TIM1_UP_TIM10_IRQHandler
                0x0000000008004170                TIM8_UP_TIM13_IRQHandler
                0x0000000008004170                I2C3_ER_IRQHandler
                0x0000000008004170                EXTI0_IRQHandler
                0x0000000008004170                DMA1_Stream2_IRQHandler
                0x0000000008004170                FPU_IRQHandler
                0x0000000008004170                OTG_HS_WKUP_IRQHandler
                0x0000000008004170                CAN2_SCE_IRQHandler
                0x0000000008004170                DMA2_Stream2_IRQHandler
                0x0000000008004170                SPI1_IRQHandler
                0x0000000008004170                TIM6_DAC_IRQHandler
                0x0000000008004170                TIM1_BRK_TIM9_IRQHandler
                0x0000000008004170                DCMI_IRQHandler
                0x0000000008004170                CAN2_RX0_IRQHandler
                0x0000000008004170                CAN1_RX1_IRQHandler
                0x0000000008004170                UART5_IRQHandler
                0x0000000008004170                DMA2_Stream0_IRQHandler
                0x0000000008004170                DMA1_Stream6_IRQHandler
                0x0000000008004170                DMA1_Stream1_IRQHandler
                0x0000000008004170                UART4_IRQHandler
                0x0000000008004170                RCC_IRQHandler
                0x0000000008004170                Default_Handler
                0x0000000008004170                EXTI15_10_IRQHandler
                0x0000000008004170                DMA1_Stream7_IRQHandler
                0x0000000008004170                TIM7_IRQHandler
                0x0000000008004170                CAN2_TX_IRQHandler
                0x0000000008004170                TIM5_IRQHandler
                0x0000000008004170                DMA2_Stream7_IRQHandler
                0x0000000008004170                I2C3_EV_IRQHandler
                0x0000000008004170                EXTI9_5_IRQHandler
                0x0000000008004170                RTC_WKUP_IRQHandler
                0x0000000008004170                ETH_WKUP_IRQHandler
                0x0000000008004170                SPI2_IRQHandler
                0x0000000008004170                OTG_HS_EP1_IN_IRQHandler
                0x0000000008004170                DMA1_Stream0_IRQHandler
                0x0000000008004170                EXTI4_IRQHandler
                0x0000000008004170                FSMC_IRQHandler
                0x0000000008004170                ETH_IRQHandler
                0x0000000008004170                OTG_HS_EP1_OUT_IRQHandler
                0x0000000008004170                WWDG_IRQHandler
                0x0000000008004170                OTG_FS_WKUP_IRQHandler
                0x0000000008004170                TIM1_TRG_COM_TIM11_IRQHandler
                0x0000000008004170                OTG_HS_IRQHandler
                0x0000000008004170                EXTI1_IRQHandler
                0x0000000008004170                USART2_IRQHandler
                0x0000000008004170                I2C2_ER_IRQHandler
                0x0000000008004170                DMA2_Stream1_IRQHandler
                0x0000000008004170                CAN1_SCE_IRQHandler
                0x0000000008004170                FLASH_IRQHandler
                0x0000000008004170                DMA2_Stream4_IRQHandler
                0x0000000008004170                USART1_IRQHandler
                0x0000000008004170                OTG_FS_IRQHandler
                0x0000000008004170                SPI3_IRQHandler
                0x0000000008004170                DMA1_Stream4_IRQHandler
                0x0000000008004170                I2C1_ER_IRQHandler
                0x0000000008004170                DMA1_Stream3_IRQHandler
 *fill*         0x0000000008004172        0x2 
 .text.HAL_Init
                0x0000000008004174       0x44 ./Drivers/STM32F4xx_HAL_Driver/Src/stm32f4xx_hal.o
                0x0000000008004174                HAL_Init
 .text.HAL_InitTick
                0x00000000080041b8       0x60 ./Drivers/STM32F4xx_HAL_Driver/Src/stm32f4xx_hal.o
                0x00000000080041b8                HAL_InitTick
 .text.HAL_IncTick
                0x0000000008004218       0x28 ./Drivers/STM32F4xx_HAL_Driver/Src/stm32f4xx_hal.o
                0x0000000008004218                HAL_IncTick
 .text.HAL_GetTick
                0x0000000008004240       0x18 ./Drivers/STM32F4xx_HAL_Driver/Src/stm32f4xx_hal.o
                0x0000000008004240                HAL_GetTick
 .text.HAL_Delay
                0x0000000008004258       0x48 ./Drivers/STM32F4xx_HAL_Driver/Src/stm32f4xx_hal.o
                0x0000000008004258                HAL_Delay
 .text.HAL_ADC_Init
                0x00000000080042a0       0x86 ./Drivers/STM32F4xx_HAL_Driver/Src/stm32f4xx_hal_adc.o
                0x00000000080042a0                HAL_ADC_Init
 *fill*         0x0000000008004326        0x2 
 .text.HAL_ADC_Start_IT
                0x0000000008004328      0x1bc ./Drivers/STM32F4xx_HAL_Driver/Src/stm32f4xx_hal_adc.o
                0x0000000008004328                HAL_ADC_Start_IT
 .text.HAL_ADC_IRQHandler
                0x00000000080044e4      0x220 ./Drivers/STM32F4xx_HAL_Driver/Src/stm32f4xx_hal_adc.o
                0x00000000080044e4                HAL_ADC_IRQHandler
 .text.HAL_ADC_GetValue
                0x0000000008004704       0x1a ./Drivers/STM32F4xx_HAL_Driver/Src/stm32f4xx_hal_adc.o
                0x0000000008004704                HAL_ADC_GetValue
 .text.HAL_ADC_LevelOutOfWindowCallback
                0x000000000800471e       0x14 ./Drivers/STM32F4xx_HAL_Driver/Src/stm32f4xx_hal_adc.o
                0x000000000800471e                HAL_ADC_LevelOutOfWindowCallback
 .text.HAL_ADC_ErrorCallback
                0x0000000008004732       0x14 ./Drivers/STM32F4xx_HAL_Driver/Src/stm32f4xx_hal_adc.o
                0x0000000008004732                HAL_ADC_ErrorCallback
 *fill*         0x0000000008004746        0x2 
 .text.HAL_ADC_ConfigChannel
                0x0000000008004748      0x244 ./Drivers/STM32F4xx_HAL_Driver/Src/stm32f4xx_hal_adc.o
                0x0000000008004748                HAL_ADC_ConfigChannel
 .text.ADC_Init
                0x000000000800498c      0x1f8 ./Drivers/STM32F4xx_HAL_Driver/Src/stm32f4xx_hal_adc.o
 .text.HAL_ADCEx_InjectedConvCpltCallback
                0x0000000008004b84       0x14 ./Drivers/STM32F4xx_HAL_Driver/Src/stm32f4xx_hal_adc_ex.o
                0x0000000008004b84                HAL_ADCEx_InjectedConvCpltCallback
 .text.HAL_CAN_Init
                0x0000000008004b98      0x1f6 ./Drivers/STM32F4xx_HAL_Driver/Src/stm32f4xx_hal_can.o
                0x0000000008004b98                HAL_CAN_Init
 *fill*         0x0000000008004d8e        0x2 
 .text.HAL_CAN_ConfigFilter
                0x0000000008004d90      0x1c0 ./Drivers/STM32F4xx_HAL_Driver/Src/stm32f4xx_hal_can.o
                0x0000000008004d90                HAL_CAN_ConfigFilter
 .text.HAL_CAN_Start
                0x0000000008004f50       0x88 ./Drivers/STM32F4xx_HAL_Driver/Src/stm32f4xx_hal_can.o
                0x0000000008004f50                HAL_CAN_Start
 .text.HAL_CAN_GetRxMessage
                0x0000000008004fd8      0x224 ./Drivers/STM32F4xx_HAL_Driver/Src/stm32f4xx_hal_can.o
                0x0000000008004fd8                HAL_CAN_GetRxMessage
 .text.HAL_CAN_ActivateNotification
                0x00000000080051fc       0x4c ./Drivers/STM32F4xx_HAL_Driver/Src/stm32f4xx_hal_can.o
                0x00000000080051fc                HAL_CAN_ActivateNotification
 .text.HAL_CAN_DeactivateNotification
                0x0000000008005248       0x4e ./Drivers/STM32F4xx_HAL_Driver/Src/stm32f4xx_hal_can.o
                0x0000000008005248                HAL_CAN_DeactivateNotification
 .text.HAL_CAN_IRQHandler
                0x0000000008005296      0x36e ./Drivers/STM32F4xx_HAL_Driver/Src/stm32f4xx_hal_can.o
                0x0000000008005296                HAL_CAN_IRQHandler
 .text.HAL_CAN_TxMailbox0CompleteCallback
                0x0000000008005604       0x14 ./Drivers/STM32F4xx_HAL_Driver/Src/stm32f4xx_hal_can.o
                0x0000000008005604                HAL_CAN_TxMailbox0CompleteCallback
 .text.HAL_CAN_TxMailbox1CompleteCallback
                0x0000000008005618       0x14 ./Drivers/STM32F4xx_HAL_Driver/Src/stm32f4xx_hal_can.o
                0x0000000008005618                HAL_CAN_TxMailbox1CompleteCallback
 .text.HAL_CAN_TxMailbox2CompleteCallback
                0x000000000800562c       0x14 ./Drivers/STM32F4xx_HAL_Driver/Src/stm32f4xx_hal_can.o
                0x000000000800562c                HAL_CAN_TxMailbox2CompleteCallback
 .text.HAL_CAN_TxMailbox0AbortCallback
                0x0000000008005640       0x14 ./Drivers/STM32F4xx_HAL_Driver/Src/stm32f4xx_hal_can.o
                0x0000000008005640                HAL_CAN_TxMailbox0AbortCallback
 .text.HAL_CAN_TxMailbox1AbortCallback
                0x0000000008005654       0x14 ./Drivers/STM32F4xx_HAL_Driver/Src/stm32f4xx_hal_can.o
                0x0000000008005654                HAL_CAN_TxMailbox1AbortCallback
 .text.HAL_CAN_TxMailbox2AbortCallback
                0x0000000008005668       0x14 ./Drivers/STM32F4xx_HAL_Driver/Src/stm32f4xx_hal_can.o
                0x0000000008005668                HAL_CAN_TxMailbox2AbortCallback
 .text.HAL_CAN_RxFifo1MsgPendingCallback
                0x000000000800567c       0x14 ./Drivers/STM32F4xx_HAL_Driver/Src/stm32f4xx_hal_can.o
                0x000000000800567c                HAL_CAN_RxFifo1MsgPendingCallback
 .text.HAL_CAN_RxFifo1FullCallback
                0x0000000008005690       0x14 ./Drivers/STM32F4xx_HAL_Driver/Src/stm32f4xx_hal_can.o
                0x0000000008005690                HAL_CAN_RxFifo1FullCallback
 .text.HAL_CAN_SleepCallback
                0x00000000080056a4       0x14 ./Drivers/STM32F4xx_HAL_Driver/Src/stm32f4xx_hal_can.o
                0x00000000080056a4                HAL_CAN_SleepCallback
 .text.HAL_CAN_WakeUpFromRxMsgCallback
                0x00000000080056b8       0x14 ./Drivers/STM32F4xx_HAL_Driver/Src/stm32f4xx_hal_can.o
                0x00000000080056b8                HAL_CAN_WakeUpFromRxMsgCallback
 .text.__NVIC_SetPriorityGrouping
                0x00000000080056cc       0x48 ./Drivers/STM32F4xx_HAL_Driver/Src/stm32f4xx_hal_cortex.o
 .text.__NVIC_GetPriorityGrouping
                0x0000000008005714       0x1c ./Drivers/STM32F4xx_HAL_Driver/Src/stm32f4xx_hal_cortex.o
 .text.__NVIC_EnableIRQ
                0x0000000008005730       0x3c ./Drivers/STM32F4xx_HAL_Driver/Src/stm32f4xx_hal_cortex.o
 .text.__NVIC_SetPriority
                0x000000000800576c       0x54 ./Drivers/STM32F4xx_HAL_Driver/Src/stm32f4xx_hal_cortex.o
 .text.NVIC_EncodePriority
                0x00000000080057c0       0x66 ./Drivers/STM32F4xx_HAL_Driver/Src/stm32f4xx_hal_cortex.o
 *fill*         0x0000000008005826        0x2 
 .text.SysTick_Config
                0x0000000008005828       0x44 ./Drivers/STM32F4xx_HAL_Driver/Src/stm32f4xx_hal_cortex.o
 .text.HAL_NVIC_SetPriorityGrouping
                0x000000000800586c       0x16 ./Drivers/STM32F4xx_HAL_Driver/Src/stm32f4xx_hal_cortex.o
                0x000000000800586c                HAL_NVIC_SetPriorityGrouping
 .text.HAL_NVIC_SetPriority
                0x0000000008005882       0x38 ./Drivers/STM32F4xx_HAL_Driver/Src/stm32f4xx_hal_cortex.o
                0x0000000008005882                HAL_NVIC_SetPriority
 .text.HAL_NVIC_EnableIRQ
                0x00000000080058ba       0x1c ./Drivers/STM32F4xx_HAL_Driver/Src/stm32f4xx_hal_cortex.o
                0x00000000080058ba                HAL_NVIC_EnableIRQ
 .text.HAL_SYSTICK_Config
                0x00000000080058d6       0x18 ./Drivers/STM32F4xx_HAL_Driver/Src/stm32f4xx_hal_cortex.o
                0x00000000080058d6                HAL_SYSTICK_Config
 .text.HAL_SYSTICK_IRQHandler
                0x00000000080058ee        0xc ./Drivers/STM32F4xx_HAL_Driver/Src/stm32f4xx_hal_cortex.o
                0x00000000080058ee                HAL_SYSTICK_IRQHandler
 .text.HAL_SYSTICK_Callback
                0x00000000080058fa        0xe ./Drivers/STM32F4xx_HAL_Driver/Src/stm32f4xx_hal_cortex.o
                0x00000000080058fa                HAL_SYSTICK_Callback
 .text.HAL_DMA_Init
                0x0000000008005908      0x15c ./Drivers/STM32F4xx_HAL_Driver/Src/stm32f4xx_hal_dma.o
                0x0000000008005908                HAL_DMA_Init
 .text.HAL_DMA_Start_IT
                0x0000000008005a64       0xb0 ./Drivers/STM32F4xx_HAL_Driver/Src/stm32f4xx_hal_dma.o
                0x0000000008005a64                HAL_DMA_Start_IT
 .text.HAL_DMA_Abort
                0x0000000008005b14       0xe0 ./Drivers/STM32F4xx_HAL_Driver/Src/stm32f4xx_hal_dma.o
                0x0000000008005b14                HAL_DMA_Abort
 .text.HAL_DMA_Abort_IT
                0x0000000008005bf4       0x44 ./Drivers/STM32F4xx_HAL_Driver/Src/stm32f4xx_hal_dma.o
                0x0000000008005bf4                HAL_DMA_Abort_IT
 .text.HAL_DMA_IRQHandler
                0x0000000008005c38      0x314 ./Drivers/STM32F4xx_HAL_Driver/Src/stm32f4xx_hal_dma.o
                0x0000000008005c38                HAL_DMA_IRQHandler
 .text.HAL_DMA_GetState
                0x0000000008005f4c       0x1c ./Drivers/STM32F4xx_HAL_Driver/Src/stm32f4xx_hal_dma.o
                0x0000000008005f4c                HAL_DMA_GetState
 .text.HAL_DMA_GetError
                0x0000000008005f68       0x18 ./Drivers/STM32F4xx_HAL_Driver/Src/stm32f4xx_hal_dma.o
                0x0000000008005f68                HAL_DMA_GetError
 .text.DMA_SetConfig
                0x0000000008005f80       0x5c ./Drivers/STM32F4xx_HAL_Driver/Src/stm32f4xx_hal_dma.o
 .text.DMA_CalcBaseAndBitshift
                0x0000000008005fdc       0x6c ./Drivers/STM32F4xx_HAL_Driver/Src/stm32f4xx_hal_dma.o
 .text.DMA_CheckFifoParam
                0x0000000008006048       0xf8 ./Drivers/STM32F4xx_HAL_Driver/Src/stm32f4xx_hal_dma.o
 .text.HAL_GPIO_Init
                0x0000000008006140      0x338 ./Drivers/STM32F4xx_HAL_Driver/Src/stm32f4xx_hal_gpio.o
                0x0000000008006140                HAL_GPIO_Init
 .text.HAL_GPIO_ReadPin
                0x0000000008006478       0x30 ./Drivers/STM32F4xx_HAL_Driver/Src/stm32f4xx_hal_gpio.o
                0x0000000008006478                HAL_GPIO_ReadPin
 .text.HAL_GPIO_WritePin
                0x00000000080064a8       0x32 ./Drivers/STM32F4xx_HAL_Driver/Src/stm32f4xx_hal_gpio.o
                0x00000000080064a8                HAL_GPIO_WritePin
 *fill*         0x00000000080064da        0x2 
 .text.HAL_I2C_Init
                0x00000000080064dc      0x288 ./Drivers/STM32F4xx_HAL_Driver/Src/stm32f4xx_hal_i2c.o
                0x00000000080064dc                HAL_I2C_Init
 .text.HAL_I2C_Master_Transmit
                0x0000000008006764      0x1fc ./Drivers/STM32F4xx_HAL_Driver/Src/stm32f4xx_hal_i2c.o
                0x0000000008006764                HAL_I2C_Master_Transmit
 .text.HAL_I2C_Mem_Read
                0x0000000008006960      0x44c ./Drivers/STM32F4xx_HAL_Driver/Src/stm32f4xx_hal_i2c.o
                0x0000000008006960                HAL_I2C_Mem_Read
 .text.HAL_I2C_EV_IRQHandler
                0x0000000008006dac      0x2e2 ./Drivers/STM32F4xx_HAL_Driver/Src/stm32f4xx_hal_i2c.o
                0x0000000008006dac                HAL_I2C_EV_IRQHandler
 .text.HAL_I2C_MasterTxCpltCallback
                0x000000000800708e       0x14 ./Drivers/STM32F4xx_HAL_Driver/Src/stm32f4xx_hal_i2c.o
                0x000000000800708e                HAL_I2C_MasterTxCpltCallback
 .text.HAL_I2C_MasterRxCpltCallback
                0x00000000080070a2       0x14 ./Drivers/STM32F4xx_HAL_Driver/Src/stm32f4xx_hal_i2c.o
                0x00000000080070a2                HAL_I2C_MasterRxCpltCallback
 .text.HAL_I2C_SlaveTxCpltCallback
                0x00000000080070b6       0x14 ./Drivers/STM32F4xx_HAL_Driver/Src/stm32f4xx_hal_i2c.o
                0x00000000080070b6                HAL_I2C_SlaveTxCpltCallback
 .text.HAL_I2C_SlaveRxCpltCallback
                0x00000000080070ca       0x14 ./Drivers/STM32F4xx_HAL_Driver/Src/stm32f4xx_hal_i2c.o
                0x00000000080070ca                HAL_I2C_SlaveRxCpltCallback
 .text.HAL_I2C_AddrCallback
                0x00000000080070de       0x1c ./Drivers/STM32F4xx_HAL_Driver/Src/stm32f4xx_hal_i2c.o
                0x00000000080070de                HAL_I2C_AddrCallback
 .text.HAL_I2C_ListenCpltCallback
                0x00000000080070fa       0x14 ./Drivers/STM32F4xx_HAL_Driver/Src/stm32f4xx_hal_i2c.o
                0x00000000080070fa                HAL_I2C_ListenCpltCallback
 .text.HAL_I2C_MemTxCpltCallback
                0x000000000800710e       0x14 ./Drivers/STM32F4xx_HAL_Driver/Src/stm32f4xx_hal_i2c.o
                0x000000000800710e                HAL_I2C_MemTxCpltCallback
 .text.HAL_I2C_MemRxCpltCallback
                0x0000000008007122       0x14 ./Drivers/STM32F4xx_HAL_Driver/Src/stm32f4xx_hal_i2c.o
                0x0000000008007122                HAL_I2C_MemRxCpltCallback
 .text.HAL_I2C_ErrorCallback
                0x0000000008007136       0x14 ./Drivers/STM32F4xx_HAL_Driver/Src/stm32f4xx_hal_i2c.o
                0x0000000008007136                HAL_I2C_ErrorCallback
 .text.HAL_I2C_AbortCpltCallback
                0x000000000800714a       0x14 ./Drivers/STM32F4xx_HAL_Driver/Src/stm32f4xx_hal_i2c.o
                0x000000000800714a                HAL_I2C_AbortCpltCallback
 .text.I2C_MasterTransmit_TXE
                0x000000000800715e      0x138 ./Drivers/STM32F4xx_HAL_Driver/Src/stm32f4xx_hal_i2c.o
 .text.I2C_MasterTransmit_BTF
                0x0000000008007296       0xec ./Drivers/STM32F4xx_HAL_Driver/Src/stm32f4xx_hal_i2c.o
 .text.I2C_MemoryTransmit_TXE_BTF
                0x0000000008007382      0x128 ./Drivers/STM32F4xx_HAL_Driver/Src/stm32f4xx_hal_i2c.o
 .text.I2C_MasterReceive_RXNE
                0x00000000080074aa      0x176 ./Drivers/STM32F4xx_HAL_Driver/Src/stm32f4xx_hal_i2c.o
 .text.I2C_MasterReceive_BTF
                0x0000000008007620      0x1d4 ./Drivers/STM32F4xx_HAL_Driver/Src/stm32f4xx_hal_i2c.o
 .text.I2C_Master_SB
                0x00000000080077f4      0x10c ./Drivers/STM32F4xx_HAL_Driver/Src/stm32f4xx_hal_i2c.o
 .text.I2C_Master_ADD10
                0x0000000008007900       0x54 ./Drivers/STM32F4xx_HAL_Driver/Src/stm32f4xx_hal_i2c.o
 .text.I2C_Master_ADDR
                0x0000000008007954      0x322 ./Drivers/STM32F4xx_HAL_Driver/Src/stm32f4xx_hal_i2c.o
 .text.I2C_SlaveTransmit_TXE
                0x0000000008007c76       0x7a ./Drivers/STM32F4xx_HAL_Driver/Src/stm32f4xx_hal_i2c.o
 .text.I2C_SlaveTransmit_BTF
                0x0000000008007cf0       0x42 ./Drivers/STM32F4xx_HAL_Driver/Src/stm32f4xx_hal_i2c.o
 .text.I2C_SlaveReceive_RXNE
                0x0000000008007d32       0x7c ./Drivers/STM32F4xx_HAL_Driver/Src/stm32f4xx_hal_i2c.o
 .text.I2C_SlaveReceive_BTF
                0x0000000008007dae       0x44 ./Drivers/STM32F4xx_HAL_Driver/Src/stm32f4xx_hal_i2c.o
 .text.I2C_Slave_ADDR
                0x0000000008007df2       0x94 ./Drivers/STM32F4xx_HAL_Driver/Src/stm32f4xx_hal_i2c.o
 *fill*         0x0000000008007e86        0x2 
 .text.I2C_Slave_STOPF
                0x0000000008007e88      0x260 ./Drivers/STM32F4xx_HAL_Driver/Src/stm32f4xx_hal_i2c.o
 .text.I2C_ITError
                0x00000000080080e8      0x264 ./Drivers/STM32F4xx_HAL_Driver/Src/stm32f4xx_hal_i2c.o
 .text.I2C_MasterRequestWrite
                0x000000000800834c      0x104 ./Drivers/STM32F4xx_HAL_Driver/Src/stm32f4xx_hal_i2c.o
 .text.I2C_RequestMemoryRead
                0x0000000008008450      0x1d0 ./Drivers/STM32F4xx_HAL_Driver/Src/stm32f4xx_hal_i2c.o
 .text.I2C_DMAAbort
                0x0000000008008620      0x150 ./Drivers/STM32F4xx_HAL_Driver/Src/stm32f4xx_hal_i2c.o
 .text.I2C_WaitOnFlagUntilTimeout
                0x0000000008008770       0xae ./Drivers/STM32F4xx_HAL_Driver/Src/stm32f4xx_hal_i2c.o
 .text.I2C_WaitOnMasterAddressFlagUntilTimeout
                0x000000000800881e       0xfe ./Drivers/STM32F4xx_HAL_Driver/Src/stm32f4xx_hal_i2c.o
 .text.I2C_WaitOnTXEFlagUntilTimeout
                0x000000000800891c       0x82 ./Drivers/STM32F4xx_HAL_Driver/Src/stm32f4xx_hal_i2c.o
 .text.I2C_WaitOnBTFFlagUntilTimeout
                0x000000000800899e       0x82 ./Drivers/STM32F4xx_HAL_Driver/Src/stm32f4xx_hal_i2c.o
 .text.I2C_WaitOnSTOPRequestThroughIT
                0x0000000008008a20       0x64 ./Drivers/STM32F4xx_HAL_Driver/Src/stm32f4xx_hal_i2c.o
 .text.I2C_WaitOnRXNEFlagUntilTimeout
                0x0000000008008a84       0xac ./Drivers/STM32F4xx_HAL_Driver/Src/stm32f4xx_hal_i2c.o
 .text.I2C_IsAcknowledgeFailed
                0x0000000008008b30       0x5e ./Drivers/STM32F4xx_HAL_Driver/Src/stm32f4xx_hal_i2c.o
 .text.I2C_ConvertOtherXferOptions
                0x0000000008008b8e       0x36 ./Drivers/STM32F4xx_HAL_Driver/Src/stm32f4xx_hal_i2c.o
 .text.HAL_RCC_OscConfig
                0x0000000008008bc4      0x4f0 ./Drivers/STM32F4xx_HAL_Driver/Src/stm32f4xx_hal_rcc.o
                0x0000000008008bc4                HAL_RCC_OscConfig
 .text.HAL_RCC_ClockConfig
                0x00000000080090b4      0x1cc ./Drivers/STM32F4xx_HAL_Driver/Src/stm32f4xx_hal_rcc.o
                0x00000000080090b4                HAL_RCC_ClockConfig
 .text.HAL_RCC_EnableCSS
                0x0000000008009280       0x18 ./Drivers/STM32F4xx_HAL_Driver/Src/stm32f4xx_hal_rcc.o
                0x0000000008009280                HAL_RCC_EnableCSS
 .text.HAL_RCC_GetSysClockFreq
                0x0000000008009298      0x20c ./Drivers/STM32F4xx_HAL_Driver/Src/stm32f4xx_hal_rcc.o
                0x0000000008009298                HAL_RCC_GetSysClockFreq
 .text.HAL_RCC_GetHCLKFreq
                0x00000000080094a4       0x18 ./Drivers/STM32F4xx_HAL_Driver/Src/stm32f4xx_hal_rcc.o
                0x00000000080094a4                HAL_RCC_GetHCLKFreq
 .text.HAL_RCC_GetPCLK1Freq
                0x00000000080094bc       0x28 ./Drivers/STM32F4xx_HAL_Driver/Src/stm32f4xx_hal_rcc.o
                0x00000000080094bc                HAL_RCC_GetPCLK1Freq
 .text.HAL_RCC_GetPCLK2Freq
                0x00000000080094e4       0x28 ./Drivers/STM32F4xx_HAL_Driver/Src/stm32f4xx_hal_rcc.o
                0x00000000080094e4                HAL_RCC_GetPCLK2Freq
 .text.HAL_RCC_NMI_IRQHandler
                0x000000000800950c       0x28 ./Drivers/STM32F4xx_HAL_Driver/Src/stm32f4xx_hal_rcc.o
                0x000000000800950c                HAL_RCC_NMI_IRQHandler
 .text.HAL_RCC_CSSCallback
                0x0000000008009534        0xe ./Drivers/STM32F4xx_HAL_Driver/Src/stm32f4xx_hal_rcc.o
                0x0000000008009534                HAL_RCC_CSSCallback
 *fill*         0x0000000008009542        0x2 
 .text.HAL_RCCEx_PeriphCLKConfig
                0x0000000008009544      0x1c4 ./Drivers/STM32F4xx_HAL_Driver/Src/stm32f4xx_hal_rcc_ex.o
                0x0000000008009544                HAL_RCCEx_PeriphCLKConfig
 .text.HAL_RTC_Init
                0x0000000008009708       0xec ./Drivers/STM32F4xx_HAL_Driver/Src/stm32f4xx_hal_rtc.o
                0x0000000008009708                HAL_RTC_Init
 .text.HAL_RTC_SetTime
                0x00000000080097f4      0x134 ./Drivers/STM32F4xx_HAL_Driver/Src/stm32f4xx_hal_rtc.o
                0x00000000080097f4                HAL_RTC_SetTime
 .text.HAL_RTC_GetTime
                0x0000000008009928       0xbc ./Drivers/STM32F4xx_HAL_Driver/Src/stm32f4xx_hal_rtc.o
                0x0000000008009928                HAL_RTC_GetTime
 .text.HAL_RTC_SetDate
                0x00000000080099e4      0x108 ./Drivers/STM32F4xx_HAL_Driver/Src/stm32f4xx_hal_rtc.o
                0x00000000080099e4                HAL_RTC_SetDate
 .text.HAL_RTC_GetDate
                0x0000000008009aec       0x9e ./Drivers/STM32F4xx_HAL_Driver/Src/stm32f4xx_hal_rtc.o
                0x0000000008009aec                HAL_RTC_GetDate
 .text.HAL_RTC_WaitForSynchro
                0x0000000008009b8a       0x50 ./Drivers/STM32F4xx_HAL_Driver/Src/stm32f4xx_hal_rtc.o
                0x0000000008009b8a                HAL_RTC_WaitForSynchro
 .text.RTC_EnterInitMode
                0x0000000008009bda       0x6e ./Drivers/STM32F4xx_HAL_Driver/Src/stm32f4xx_hal_rtc.o
                0x0000000008009bda                RTC_EnterInitMode
 .text.RTC_ExitInitMode
                0x0000000008009c48       0x4a ./Drivers/STM32F4xx_HAL_Driver/Src/stm32f4xx_hal_rtc.o
                0x0000000008009c48                RTC_ExitInitMode
 .text.RTC_ByteToBcd2
                0x0000000008009c92       0x3a ./Drivers/STM32F4xx_HAL_Driver/Src/stm32f4xx_hal_rtc.o
                0x0000000008009c92                RTC_ByteToBcd2
 .text.RTC_Bcd2ToByte
                0x0000000008009ccc       0x38 ./Drivers/STM32F4xx_HAL_Driver/Src/stm32f4xx_hal_rtc.o
                0x0000000008009ccc                RTC_Bcd2ToByte
 .text.HAL_RTCEx_BKUPWrite
                0x0000000008009d04       0x34 ./Drivers/STM32F4xx_HAL_Driver/Src/stm32f4xx_hal_rtc_ex.o
                0x0000000008009d04                HAL_RTCEx_BKUPWrite
 .text.HAL_RTCEx_BKUPRead
                0x0000000008009d38       0x30 ./Drivers/STM32F4xx_HAL_Driver/Src/stm32f4xx_hal_rtc_ex.o
                0x0000000008009d38                HAL_RTCEx_BKUPRead
 .text.HAL_SD_Init
                0x0000000008009d68       0x60 ./Drivers/STM32F4xx_HAL_Driver/Src/stm32f4xx_hal_sd.o
                0x0000000008009d68                HAL_SD_Init
 .text.HAL_SD_InitCard
                0x0000000008009dc8      0x100 ./Drivers/STM32F4xx_HAL_Driver/Src/stm32f4xx_hal_sd.o
                0x0000000008009dc8                HAL_SD_InitCard
 .text.HAL_SD_ReadBlocks_DMA
                0x0000000008009ec8      0x1c4 ./Drivers/STM32F4xx_HAL_Driver/Src/stm32f4xx_hal_sd.o
                0x0000000008009ec8                HAL_SD_ReadBlocks_DMA
 .text.HAL_SD_WriteBlocks_DMA
                0x000000000800a08c      0x1cc ./Drivers/STM32F4xx_HAL_Driver/Src/stm32f4xx_hal_sd.o
                0x000000000800a08c                HAL_SD_WriteBlocks_DMA
 .text.HAL_SD_IRQHandler
                0x000000000800a258      0x30c ./Drivers/STM32F4xx_HAL_Driver/Src/stm32f4xx_hal_sd.o
                0x000000000800a258                HAL_SD_IRQHandler
 .text.HAL_SD_ErrorCallback
                0x000000000800a564       0x14 ./Drivers/STM32F4xx_HAL_Driver/Src/stm32f4xx_hal_sd.o
                0x000000000800a564                HAL_SD_ErrorCallback
 .text.HAL_SD_GetCardCSD
                0x000000000800a578      0x348 ./Drivers/STM32F4xx_HAL_Driver/Src/stm32f4xx_hal_sd.o
                0x000000000800a578                HAL_SD_GetCardCSD
 .text.HAL_SD_GetCardInfo
                0x000000000800a8c0       0x58 ./Drivers/STM32F4xx_HAL_Driver/Src/stm32f4xx_hal_sd.o
                0x000000000800a8c0                HAL_SD_GetCardInfo
 .text.HAL_SD_ConfigWideBusOperation
                0x000000000800a918      0x134 ./Drivers/STM32F4xx_HAL_Driver/Src/stm32f4xx_hal_sd.o
                0x000000000800a918                HAL_SD_ConfigWideBusOperation
 .text.HAL_SD_GetCardState
                0x000000000800aa4c       0x40 ./Drivers/STM32F4xx_HAL_Driver/Src/stm32f4xx_hal_sd.o
                0x000000000800aa4c                HAL_SD_GetCardState
 .text.SD_DMATransmitCplt
                0x000000000800aa8c       0x2a ./Drivers/STM32F4xx_HAL_Driver/Src/stm32f4xx_hal_sd.o
 .text.SD_DMAReceiveCplt
                0x000000000800aab6       0x70 ./Drivers/STM32F4xx_HAL_Driver/Src/stm32f4xx_hal_sd.o
 *fill*         0x000000000800ab26        0x2 
 .text.SD_DMAError
                0x000000000800ab28       0xa4 ./Drivers/STM32F4xx_HAL_Driver/Src/stm32f4xx_hal_sd.o
 .text.SD_DMATxAbort
                0x000000000800abcc       0x6e ./Drivers/STM32F4xx_HAL_Driver/Src/stm32f4xx_hal_sd.o
 .text.SD_DMARxAbort
                0x000000000800ac3a       0x6e ./Drivers/STM32F4xx_HAL_Driver/Src/stm32f4xx_hal_sd.o
 .text.SD_InitCard
                0x000000000800aca8      0x19c ./Drivers/STM32F4xx_HAL_Driver/Src/stm32f4xx_hal_sd.o
 .text.SD_PowerON
                0x000000000800ae44      0x11c ./Drivers/STM32F4xx_HAL_Driver/Src/stm32f4xx_hal_sd.o
 .text.SD_SendStatus
                0x000000000800af60       0x50 ./Drivers/STM32F4xx_HAL_Driver/Src/stm32f4xx_hal_sd.o
 .text.SD_WideBus_Enable
                0x000000000800afb0       0x96 ./Drivers/STM32F4xx_HAL_Driver/Src/stm32f4xx_hal_sd.o
 .text.SD_WideBus_Disable
                0x000000000800b046       0x96 ./Drivers/STM32F4xx_HAL_Driver/Src/stm32f4xx_hal_sd.o
 .text.SD_FindSCR
                0x000000000800b0dc      0x1a6 ./Drivers/STM32F4xx_HAL_Driver/Src/stm32f4xx_hal_sd.o
 .text.SD_Read_IT
                0x000000000800b282       0xa2 ./Drivers/STM32F4xx_HAL_Driver/Src/stm32f4xx_hal_sd.o
 .text.SD_Write_IT
                0x000000000800b324       0xaa ./Drivers/STM32F4xx_HAL_Driver/Src/stm32f4xx_hal_sd.o
 .text.HAL_TIM_Base_Init
                0x000000000800b3ce       0x9e ./Drivers/STM32F4xx_HAL_Driver/Src/stm32f4xx_hal_tim.o
                0x000000000800b3ce                HAL_TIM_Base_Init
 .text.HAL_TIM_Base_Start_IT
                0x000000000800b46c       0xe0 ./Drivers/STM32F4xx_HAL_Driver/Src/stm32f4xx_hal_tim.o
                0x000000000800b46c                HAL_TIM_Base_Start_IT
 .text.HAL_TIM_Base_Stop_IT
                0x000000000800b54c       0x5e ./Drivers/STM32F4xx_HAL_Driver/Src/stm32f4xx_hal_tim.o
                0x000000000800b54c                HAL_TIM_Base_Stop_IT
 .text.HAL_TIM_IRQHandler
                0x000000000800b5aa      0x210 ./Drivers/STM32F4xx_HAL_Driver/Src/stm32f4xx_hal_tim.o
                0x000000000800b5aa                HAL_TIM_IRQHandler
 .text.HAL_TIM_ConfigClockSource
                0x000000000800b7ba      0x18e ./Drivers/STM32F4xx_HAL_Driver/Src/stm32f4xx_hal_tim.o
                0x000000000800b7ba                HAL_TIM_ConfigClockSource
 .text.HAL_TIM_OC_DelayElapsedCallback
                0x000000000800b948       0x14 ./Drivers/STM32F4xx_HAL_Driver/Src/stm32f4xx_hal_tim.o
                0x000000000800b948                HAL_TIM_OC_DelayElapsedCallback
 .text.HAL_TIM_IC_CaptureCallback
                0x000000000800b95c       0x14 ./Drivers/STM32F4xx_HAL_Driver/Src/stm32f4xx_hal_tim.o
                0x000000000800b95c                HAL_TIM_IC_CaptureCallback
 .text.HAL_TIM_PWM_PulseFinishedCallback
                0x000000000800b970       0x14 ./Drivers/STM32F4xx_HAL_Driver/Src/stm32f4xx_hal_tim.o
                0x000000000800b970                HAL_TIM_PWM_PulseFinishedCallback
 .text.HAL_TIM_TriggerCallback
                0x000000000800b984       0x14 ./Drivers/STM32F4xx_HAL_Driver/Src/stm32f4xx_hal_tim.o
                0x000000000800b984                HAL_TIM_TriggerCallback
 .text.TIM_Base_SetConfig
                0x000000000800b998      0x140 ./Drivers/STM32F4xx_HAL_Driver/Src/stm32f4xx_hal_tim.o
                0x000000000800b998                TIM_Base_SetConfig
 .text.TIM_TI1_ConfigInputStage
                0x000000000800bad8       0x5e ./Drivers/STM32F4xx_HAL_Driver/Src/stm32f4xx_hal_tim.o
 .text.TIM_TI2_ConfigInputStage
                0x000000000800bb36       0x60 ./Drivers/STM32F4xx_HAL_Driver/Src/stm32f4xx_hal_tim.o
 .text.TIM_ITRx_SetConfig
                0x000000000800bb96       0x36 ./Drivers/STM32F4xx_HAL_Driver/Src/stm32f4xx_hal_tim.o
 .text.TIM_ETR_SetConfig
                0x000000000800bbcc       0x40 ./Drivers/STM32F4xx_HAL_Driver/Src/stm32f4xx_hal_tim.o
                0x000000000800bbcc                TIM_ETR_SetConfig
 .text.HAL_TIMEx_MasterConfigSynchronization
                0x000000000800bc0c       0xf8 ./Drivers/STM32F4xx_HAL_Driver/Src/stm32f4xx_hal_tim_ex.o
                0x000000000800bc0c                HAL_TIMEx_MasterConfigSynchronization
 .text.HAL_TIMEx_CommutCallback
                0x000000000800bd04       0x14 ./Drivers/STM32F4xx_HAL_Driver/Src/stm32f4xx_hal_tim_ex.o
                0x000000000800bd04                HAL_TIMEx_CommutCallback
 .text.HAL_TIMEx_BreakCallback
                0x000000000800bd18       0x14 ./Drivers/STM32F4xx_HAL_Driver/Src/stm32f4xx_hal_tim_ex.o
                0x000000000800bd18                HAL_TIMEx_BreakCallback
 .text.HAL_UART_Init
                0x000000000800bd2c       0x9a ./Drivers/STM32F4xx_HAL_Driver/Src/stm32f4xx_hal_uart.o
                0x000000000800bd2c                HAL_UART_Init
 .text.HAL_UART_Transmit
                0x000000000800bdc6      0x124 ./Drivers/STM32F4xx_HAL_Driver/Src/stm32f4xx_hal_uart.o
                0x000000000800bdc6                HAL_UART_Transmit
 .text.HAL_UART_Receive_IT
                0x000000000800beea       0x60 ./Drivers/STM32F4xx_HAL_Driver/Src/stm32f4xx_hal_uart.o
                0x000000000800beea                HAL_UART_Receive_IT
 *fill*         0x000000000800bf4a        0x2 
 .text.HAL_UART_IRQHandler
                0x000000000800bf4c      0x51c ./Drivers/STM32F4xx_HAL_Driver/Src/stm32f4xx_hal_uart.o
                0x000000000800bf4c                HAL_UART_IRQHandler
 .text.HAL_UART_TxCpltCallback
                0x000000000800c468       0x14 ./Drivers/STM32F4xx_HAL_Driver/Src/stm32f4xx_hal_uart.o
                0x000000000800c468                HAL_UART_TxCpltCallback
 .text.HAL_UART_ErrorCallback
                0x000000000800c47c       0x14 ./Drivers/STM32F4xx_HAL_Driver/Src/stm32f4xx_hal_uart.o
                0x000000000800c47c                HAL_UART_ErrorCallback
 .text.HAL_UARTEx_RxEventCallback
                0x000000000800c490       0x18 ./Drivers/STM32F4xx_HAL_Driver/Src/stm32f4xx_hal_uart.o
                0x000000000800c490                HAL_UARTEx_RxEventCallback
 .text.UART_WaitOnFlagUntilTimeout
                0x000000000800c4a8       0xdc ./Drivers/STM32F4xx_HAL_Driver/Src/stm32f4xx_hal_uart.o
 .text.UART_Start_Receive_IT
                0x000000000800c584       0x7c ./Drivers/STM32F4xx_HAL_Driver/Src/stm32f4xx_hal_uart.o
                0x000000000800c584                UART_Start_Receive_IT
 .text.UART_EndRxTransfer
                0x000000000800c600       0xc6 ./Drivers/STM32F4xx_HAL_Driver/Src/stm32f4xx_hal_uart.o
 .text.UART_DMAAbortOnError
                0x000000000800c6c6       0x28 ./Drivers/STM32F4xx_HAL_Driver/Src/stm32f4xx_hal_uart.o
 .text.UART_Transmit_IT
                0x000000000800c6ee       0xa0 ./Drivers/STM32F4xx_HAL_Driver/Src/stm32f4xx_hal_uart.o
 .text.UART_EndTransmit_IT
                0x000000000800c78e       0x30 ./Drivers/STM32F4xx_HAL_Driver/Src/stm32f4xx_hal_uart.o
 .text.UART_Receive_IT
                0x000000000800c7be      0x176 ./Drivers/STM32F4xx_HAL_Driver/Src/stm32f4xx_hal_uart.o
 .text.UART_SetConfig
                0x000000000800c934      0x4e8 ./Drivers/STM32F4xx_HAL_Driver/Src/stm32f4xx_hal_uart.o
 .text.SDIO_Init
                0x000000000800ce1c       0x56 ./Drivers/STM32F4xx_HAL_Driver/Src/stm32f4xx_ll_sdmmc.o
                0x000000000800ce1c                SDIO_Init
 .text.SDIO_ReadFIFO
                0x000000000800ce72       0x1a ./Drivers/STM32F4xx_HAL_Driver/Src/stm32f4xx_ll_sdmmc.o
                0x000000000800ce72                SDIO_ReadFIFO
 .text.SDIO_WriteFIFO
                0x000000000800ce8c       0x22 ./Drivers/STM32F4xx_HAL_Driver/Src/stm32f4xx_ll_sdmmc.o
                0x000000000800ce8c                SDIO_WriteFIFO
 .text.SDIO_PowerState_ON
                0x000000000800ceae       0x1c ./Drivers/STM32F4xx_HAL_Driver/Src/stm32f4xx_ll_sdmmc.o
                0x000000000800ceae                SDIO_PowerState_ON
 .text.SDIO_GetPowerState
                0x000000000800ceca       0x1c ./Drivers/STM32F4xx_HAL_Driver/Src/stm32f4xx_ll_sdmmc.o
                0x000000000800ceca                SDIO_GetPowerState
 .text.SDIO_SendCommand
                0x000000000800cee6       0x54 ./Drivers/STM32F4xx_HAL_Driver/Src/stm32f4xx_ll_sdmmc.o
                0x000000000800cee6                SDIO_SendCommand
 .text.SDIO_GetCommandResponse
                0x000000000800cf3a       0x1a ./Drivers/STM32F4xx_HAL_Driver/Src/stm32f4xx_ll_sdmmc.o
                0x000000000800cf3a                SDIO_GetCommandResponse
 .text.SDIO_GetResponse
                0x000000000800cf54       0x26 ./Drivers/STM32F4xx_HAL_Driver/Src/stm32f4xx_ll_sdmmc.o
                0x000000000800cf54                SDIO_GetResponse
 .text.SDIO_ConfigData
                0x000000000800cf7a       0x58 ./Drivers/STM32F4xx_HAL_Driver/Src/stm32f4xx_ll_sdmmc.o
                0x000000000800cf7a                SDIO_ConfigData
 .text.SDMMC_CmdBlockLength
                0x000000000800cfd2       0x44 ./Drivers/STM32F4xx_HAL_Driver/Src/stm32f4xx_ll_sdmmc.o
                0x000000000800cfd2                SDMMC_CmdBlockLength
 .text.SDMMC_CmdReadSingleBlock
                0x000000000800d016       0x44 ./Drivers/STM32F4xx_HAL_Driver/Src/stm32f4xx_ll_sdmmc.o
                0x000000000800d016                SDMMC_CmdReadSingleBlock
 .text.SDMMC_CmdReadMultiBlock
                0x000000000800d05a       0x44 ./Drivers/STM32F4xx_HAL_Driver/Src/stm32f4xx_ll_sdmmc.o
                0x000000000800d05a                SDMMC_CmdReadMultiBlock
 .text.SDMMC_CmdWriteSingleBlock
                0x000000000800d09e       0x44 ./Drivers/STM32F4xx_HAL_Driver/Src/stm32f4xx_ll_sdmmc.o
                0x000000000800d09e                SDMMC_CmdWriteSingleBlock
 .text.SDMMC_CmdWriteMultiBlock
                0x000000000800d0e2       0x44 ./Drivers/STM32F4xx_HAL_Driver/Src/stm32f4xx_ll_sdmmc.o
                0x000000000800d0e2                SDMMC_CmdWriteMultiBlock
 *fill*         0x000000000800d126        0x2 
 .text.SDMMC_CmdStopTransfer
                0x000000000800d128       0x44 ./Drivers/STM32F4xx_HAL_Driver/Src/stm32f4xx_ll_sdmmc.o
                0x000000000800d128                SDMMC_CmdStopTransfer
 .text.SDMMC_CmdSelDesel
                0x000000000800d16c       0x46 ./Drivers/STM32F4xx_HAL_Driver/Src/stm32f4xx_ll_sdmmc.o
                0x000000000800d16c                SDMMC_CmdSelDesel
 .text.SDMMC_CmdGoIdleState
                0x000000000800d1b2       0x3c ./Drivers/STM32F4xx_HAL_Driver/Src/stm32f4xx_ll_sdmmc.o
                0x000000000800d1b2                SDMMC_CmdGoIdleState
 .text.SDMMC_CmdOperCond
                0x000000000800d1ee       0x3e ./Drivers/STM32F4xx_HAL_Driver/Src/stm32f4xx_ll_sdmmc.o
                0x000000000800d1ee                SDMMC_CmdOperCond
 .text.SDMMC_CmdAppCommand
                0x000000000800d22c       0x44 ./Drivers/STM32F4xx_HAL_Driver/Src/stm32f4xx_ll_sdmmc.o
                0x000000000800d22c                SDMMC_CmdAppCommand
 .text.SDMMC_CmdAppOperCommand
                0x000000000800d270       0x46 ./Drivers/STM32F4xx_HAL_Driver/Src/stm32f4xx_ll_sdmmc.o
                0x000000000800d270                SDMMC_CmdAppOperCommand
 .text.SDMMC_CmdBusWidth
                0x000000000800d2b6       0x44 ./Drivers/STM32F4xx_HAL_Driver/Src/stm32f4xx_ll_sdmmc.o
                0x000000000800d2b6                SDMMC_CmdBusWidth
 .text.SDMMC_CmdSendSCR
                0x000000000800d2fa       0x42 ./Drivers/STM32F4xx_HAL_Driver/Src/stm32f4xx_ll_sdmmc.o
                0x000000000800d2fa                SDMMC_CmdSendSCR
 .text.SDMMC_CmdSendCID
                0x000000000800d33c       0x3c ./Drivers/STM32F4xx_HAL_Driver/Src/stm32f4xx_ll_sdmmc.o
                0x000000000800d33c                SDMMC_CmdSendCID
 .text.SDMMC_CmdSendCSD
                0x000000000800d378       0x3e ./Drivers/STM32F4xx_HAL_Driver/Src/stm32f4xx_ll_sdmmc.o
                0x000000000800d378                SDMMC_CmdSendCSD
 .text.SDMMC_CmdSetRelAdd
                0x000000000800d3b6       0x42 ./Drivers/STM32F4xx_HAL_Driver/Src/stm32f4xx_ll_sdmmc.o
                0x000000000800d3b6                SDMMC_CmdSetRelAdd
 .text.SDMMC_CmdSendStatus
                0x000000000800d3f8       0x44 ./Drivers/STM32F4xx_HAL_Driver/Src/stm32f4xx_ll_sdmmc.o
                0x000000000800d3f8                SDMMC_CmdSendStatus
 .text.SDMMC_GetCmdResp1
                0x000000000800d43c      0x1dc ./Drivers/STM32F4xx_HAL_Driver/Src/stm32f4xx_ll_sdmmc.o
                0x000000000800d43c                SDMMC_GetCmdResp1
 .text.SDMMC_GetCmdResp2
                0x000000000800d618       0x90 ./Drivers/STM32F4xx_HAL_Driver/Src/stm32f4xx_ll_sdmmc.o
                0x000000000800d618                SDMMC_GetCmdResp2
 .text.SDMMC_GetCmdResp3
                0x000000000800d6a8       0x7c ./Drivers/STM32F4xx_HAL_Driver/Src/stm32f4xx_ll_sdmmc.o
                0x000000000800d6a8                SDMMC_GetCmdResp3
 .text.SDMMC_GetCmdResp6
                0x000000000800d724       0xec ./Drivers/STM32F4xx_HAL_Driver/Src/stm32f4xx_ll_sdmmc.o
                0x000000000800d724                SDMMC_GetCmdResp6
 .text.SDMMC_GetCmdResp7
                0x000000000800d810       0x9c ./Drivers/STM32F4xx_HAL_Driver/Src/stm32f4xx_ll_sdmmc.o
                0x000000000800d810                SDMMC_GetCmdResp7
 .text.SDMMC_GetCmdError
                0x000000000800d8ac       0x58 ./Drivers/STM32F4xx_HAL_Driver/Src/stm32f4xx_ll_sdmmc.o
 .text.MX_FATFS_Init
                0x000000000800d904       0x24 ./FATFS/App/fatfs.o
                0x000000000800d904                MX_FATFS_Init
 .text.get_fattime
                0x000000000800d928       0x10 ./FATFS/App/fatfs.o
                0x000000000800d928                get_fattime
 .text.BSP_SD_Init
                0x000000000800d938       0x4c ./FATFS/Target/bsp_driver_sd.o
                0x000000000800d938                BSP_SD_Init
 .text.BSP_SD_ReadBlocks_DMA
                0x000000000800d984       0x34 ./FATFS/Target/bsp_driver_sd.o
                0x000000000800d984                BSP_SD_ReadBlocks_DMA
 .text.BSP_SD_WriteBlocks_DMA
                0x000000000800d9b8       0x34 ./FATFS/Target/bsp_driver_sd.o
                0x000000000800d9b8                BSP_SD_WriteBlocks_DMA
 .text.BSP_SD_GetCardState
                0x000000000800d9ec       0x20 ./FATFS/Target/bsp_driver_sd.o
                0x000000000800d9ec                BSP_SD_GetCardState
 .text.BSP_SD_GetCardInfo
                0x000000000800da0c       0x1c ./FATFS/Target/bsp_driver_sd.o
                0x000000000800da0c                BSP_SD_GetCardInfo
 .text.HAL_SD_AbortCallback
                0x000000000800da28       0x14 ./FATFS/Target/bsp_driver_sd.o
                0x000000000800da28                HAL_SD_AbortCallback
 .text.HAL_SD_TxCpltCallback
                0x000000000800da3c       0x14 ./FATFS/Target/bsp_driver_sd.o
                0x000000000800da3c                HAL_SD_TxCpltCallback
 .text.HAL_SD_RxCpltCallback
                0x000000000800da50       0x14 ./FATFS/Target/bsp_driver_sd.o
                0x000000000800da50                HAL_SD_RxCpltCallback
 .text.BSP_SD_AbortCallback
                0x000000000800da64        0xe ./FATFS/Target/bsp_driver_sd.o
                0x000000000800da64                BSP_SD_AbortCallback
 .text.BSP_SD_WriteCpltCallback
                0x000000000800da72        0xe ./FATFS/Target/bsp_driver_sd.o
                0x000000000800da72                BSP_SD_WriteCpltCallback
 .text.BSP_SD_ReadCpltCallback
                0x000000000800da80        0xe ./FATFS/Target/bsp_driver_sd.o
                0x000000000800da80                BSP_SD_ReadCpltCallback
 .text.BSP_SD_IsDetected
                0x000000000800da8e       0x1a ./FATFS/Target/bsp_driver_sd.o
                0x000000000800da8e                BSP_SD_IsDetected
 .text.SD_CheckStatus
                0x000000000800daa8       0x3c ./FATFS/Target/sd_diskio.o
 .text.SD_initialize
                0x000000000800dae4       0x3c ./FATFS/Target/sd_diskio.o
                0x000000000800dae4                SD_initialize
 .text.SD_status
                0x000000000800db20       0x1c ./FATFS/Target/sd_diskio.o
                0x000000000800db20                SD_status
 .text.SD_read  0x000000000800db3c       0x3e ./FATFS/Target/sd_diskio.o
                0x000000000800db3c                SD_read
 .text.SD_write
                0x000000000800db7a       0x3e ./FATFS/Target/sd_diskio.o
                0x000000000800db7a                SD_write
 .text.SD_ioctl
                0x000000000800dbb8       0xb0 ./FATFS/Target/sd_diskio.o
                0x000000000800dbb8                SD_ioctl
 .text.disk_status
                0x000000000800dc68       0x34 ./Middlewares/Third_Party/FatFs/src/diskio.o
                0x000000000800dc68                disk_status
 .text.disk_initialize
                0x000000000800dc9c       0x4c ./Middlewares/Third_Party/FatFs/src/diskio.o
                0x000000000800dc9c                disk_initialize
 .text.disk_read
                0x000000000800dce8       0x40 ./Middlewares/Third_Party/FatFs/src/diskio.o
                0x000000000800dce8                disk_read
 .text.disk_write
                0x000000000800dd28       0x40 ./Middlewares/Third_Party/FatFs/src/diskio.o
                0x000000000800dd28                disk_write
 .text.disk_ioctl
                0x000000000800dd68       0x3c ./Middlewares/Third_Party/FatFs/src/diskio.o
                0x000000000800dd68                disk_ioctl
 .text.ld_word  0x000000000800dda4       0x30 ./Middlewares/Third_Party/FatFs/src/ff.o
 .text.ld_dword
                0x000000000800ddd4       0x46 ./Middlewares/Third_Party/FatFs/src/ff.o
 .text.st_word  0x000000000800de1a       0x36 ./Middlewares/Third_Party/FatFs/src/ff.o
 .text.st_dword
                0x000000000800de50       0x58 ./Middlewares/Third_Party/FatFs/src/ff.o
 .text.mem_cpy  0x000000000800dea8       0x42 ./Middlewares/Third_Party/FatFs/src/ff.o
 .text.mem_set  0x000000000800deea       0x36 ./Middlewares/Third_Party/FatFs/src/ff.o
 .text.mem_cmp  0x000000000800df20       0x4e ./Middlewares/Third_Party/FatFs/src/ff.o
 .text.chk_chr  0x000000000800df6e       0x36 ./Middlewares/Third_Party/FatFs/src/ff.o
 .text.chk_lock
                0x000000000800dfa4       0xb8 ./Middlewares/Third_Party/FatFs/src/ff.o
 .text.enq_lock
                0x000000000800e05c       0x44 ./Middlewares/Third_Party/FatFs/src/ff.o
 .text.inc_lock
                0x000000000800e0a0      0x11c ./Middlewares/Third_Party/FatFs/src/ff.o
 .text.dec_lock
                0x000000000800e1bc       0x78 ./Middlewares/Third_Party/FatFs/src/ff.o
 .text.clear_lock
                0x000000000800e234       0x48 ./Middlewares/Third_Party/FatFs/src/ff.o
 .text.sync_window
                0x000000000800e27c       0x88 ./Middlewares/Third_Party/FatFs/src/ff.o
 .text.move_window
                0x000000000800e304       0x5a ./Middlewares/Third_Party/FatFs/src/ff.o
 *fill*         0x000000000800e35e        0x2 
 .text.sync_fs  0x000000000800e360       0xe0 ./Middlewares/Third_Party/FatFs/src/ff.o
 .text.clust2sect
                0x000000000800e440       0x3e ./Middlewares/Third_Party/FatFs/src/ff.o
 .text.get_fat  0x000000000800e47e      0x1a8 ./Middlewares/Third_Party/FatFs/src/ff.o
 .text.put_fat  0x000000000800e626      0x238 ./Middlewares/Third_Party/FatFs/src/ff.o
 .text.remove_chain
                0x000000000800e85e       0xca ./Middlewares/Third_Party/FatFs/src/ff.o
 .text.create_chain
                0x000000000800e928      0x130 ./Middlewares/Third_Party/FatFs/src/ff.o
 .text.clmt_clust
                0x000000000800ea58       0x70 ./Middlewares/Third_Party/FatFs/src/ff.o
 .text.dir_sdi  0x000000000800eac8      0x112 ./Middlewares/Third_Party/FatFs/src/ff.o
 .text.dir_next
                0x000000000800ebda      0x1ac ./Middlewares/Third_Party/FatFs/src/ff.o
 .text.dir_alloc
                0x000000000800ed86       0x8e ./Middlewares/Third_Party/FatFs/src/ff.o
 .text.ld_clust
                0x000000000800ee14       0x3e ./Middlewares/Third_Party/FatFs/src/ff.o
 .text.st_clust
                0x000000000800ee52       0x40 ./Middlewares/Third_Party/FatFs/src/ff.o
 *fill*         0x000000000800ee92        0x2 
 .text.cmp_lfn  0x000000000800ee94       0xe0 ./Middlewares/Third_Party/FatFs/src/ff.o
 .text.put_lfn  0x000000000800ef74       0xd0 ./Middlewares/Third_Party/FatFs/src/ff.o
 .text.gen_numname
                0x000000000800f044      0x11c ./Middlewares/Third_Party/FatFs/src/ff.o
 .text.sum_sfn  0x000000000800f160       0x42 ./Middlewares/Third_Party/FatFs/src/ff.o
 .text.dir_find
                0x000000000800f1a2      0x180 ./Middlewares/Third_Party/FatFs/src/ff.o
 *fill*         0x000000000800f322        0x2 
 .text.dir_register
                0x000000000800f324      0x1f0 ./Middlewares/Third_Party/FatFs/src/ff.o
 .text.create_name
                0x000000000800f514      0x370 ./Middlewares/Third_Party/FatFs/src/ff.o
 .text.follow_path
                0x000000000800f884       0xec ./Middlewares/Third_Party/FatFs/src/ff.o
 .text.get_ldnumber
                0x000000000800f970       0x88 ./Middlewares/Third_Party/FatFs/src/ff.o
 .text.check_fs
                0x000000000800f9f8       0xac ./Middlewares/Third_Party/FatFs/src/ff.o
 .text.find_volume
                0x000000000800faa4      0x50c ./Middlewares/Third_Party/FatFs/src/ff.o
 .text.validate
                0x000000000800ffb0       0x6a ./Middlewares/Third_Party/FatFs/src/ff.o
 *fill*         0x000000000801001a        0x2 
 .text.f_mount  0x000000000801001c       0x8c ./Middlewares/Third_Party/FatFs/src/ff.o
                0x000000000801001c                f_mount
 .text.f_open   0x00000000080100a8      0x398 ./Middlewares/Third_Party/FatFs/src/ff.o
                0x00000000080100a8                f_open
 .text.f_write  0x0000000008010440      0x328 ./Middlewares/Third_Party/FatFs/src/ff.o
                0x0000000008010440                f_write
 .text.f_sync   0x0000000008010768       0xfc ./Middlewares/Third_Party/FatFs/src/ff.o
                0x0000000008010768                f_sync
 .text.f_close  0x0000000008010864       0x54 ./Middlewares/Third_Party/FatFs/src/ff.o
                0x0000000008010864                f_close
 .text.FATFS_LinkDriverEx
                0x00000000080108b8       0x98 ./Middlewares/Third_Party/FatFs/src/ff_gen_drv.o
                0x00000000080108b8                FATFS_LinkDriverEx
 .text.FATFS_LinkDriver
                0x0000000008010950       0x1e ./Middlewares/Third_Party/FatFs/src/ff_gen_drv.o
                0x0000000008010950                FATFS_LinkDriver
 *fill*         0x000000000801096e        0x2 
 .text.ff_convert
                0x0000000008010970       0x78 ./Middlewares/Third_Party/FatFs/src/option/ccsbcs.o
                0x0000000008010970                ff_convert
 .text.ff_wtoupper
                0x00000000080109e8      0x114 ./Middlewares/Third_Party/FatFs/src/option/ccsbcs.o
                0x00000000080109e8                ff_wtoupper
 .text.__errno  0x0000000008010afc        0xc c:/st/stm32cubeide_1.10.1/stm32cubeide/plugins/com.st.stm32cube.ide.mcu.externaltools.gnu-tools-for-stm32.10.3-2021.10.win32_1.0.0.202111181127/tools/bin/../lib/gcc/arm-none-eabi/10.3.1/../../../../arm-none-eabi/lib/thumb/v7e-m+fp/hard\libc_nano.a(lib_a-errno.o)
                0x0000000008010afc                __errno
 .text.__libc_init_array
                0x0000000008010b08       0x48 c:/st/stm32cubeide_1.10.1/stm32cubeide/plugins/com.st.stm32cube.ide.mcu.externaltools.gnu-tools-for-stm32.10.3-2021.10.win32_1.0.0.202111181127/tools/bin/../lib/gcc/arm-none-eabi/10.3.1/../../../../arm-none-eabi/lib/thumb/v7e-m+fp/hard\libc_nano.a(lib_a-init.o)
                0x0000000008010b08                __libc_init_array
 .text.malloc   0x0000000008010b50       0x10 c:/st/stm32cubeide_1.10.1/stm32cubeide/plugins/com.st.stm32cube.ide.mcu.externaltools.gnu-tools-for-stm32.10.3-2021.10.win32_1.0.0.202111181127/tools/bin/../lib/gcc/arm-none-eabi/10.3.1/../../../../arm-none-eabi/lib/thumb/v7e-m+fp/hard\libc_nano.a(lib_a-malloc.o)
                0x0000000008010b50                malloc
 .text.free     0x0000000008010b60       0x10 c:/st/stm32cubeide_1.10.1/stm32cubeide/plugins/com.st.stm32cube.ide.mcu.externaltools.gnu-tools-for-stm32.10.3-2021.10.win32_1.0.0.202111181127/tools/bin/../lib/gcc/arm-none-eabi/10.3.1/../../../../arm-none-eabi/lib/thumb/v7e-m+fp/hard\libc_nano.a(lib_a-malloc.o)
                0x0000000008010b60                free
 .text.memset   0x0000000008010b70       0x10 c:/st/stm32cubeide_1.10.1/stm32cubeide/plugins/com.st.stm32cube.ide.mcu.externaltools.gnu-tools-for-stm32.10.3-2021.10.win32_1.0.0.202111181127/tools/bin/../lib/gcc/arm-none-eabi/10.3.1/../../../../arm-none-eabi/lib/thumb/v7e-m+fp/hard\libc_nano.a(lib_a-memset.o)
                0x0000000008010b70                memset
 .text._free_r  0x0000000008010b80       0x98 c:/st/stm32cubeide_1.10.1/stm32cubeide/plugins/com.st.stm32cube.ide.mcu.externaltools.gnu-tools-for-stm32.10.3-2021.10.win32_1.0.0.202111181127/tools/bin/../lib/gcc/arm-none-eabi/10.3.1/../../../../arm-none-eabi/lib/thumb/v7e-m+fp/hard\libc_nano.a(lib_a-nano-freer.o)
                0x0000000008010b80                _free_r
 .text.sbrk_aligned
                0x0000000008010c18       0x40 c:/st/stm32cubeide_1.10.1/stm32cubeide/plugins/com.st.stm32cube.ide.mcu.externaltools.gnu-tools-for-stm32.10.3-2021.10.win32_1.0.0.202111181127/tools/bin/../lib/gcc/arm-none-eabi/10.3.1/../../../../arm-none-eabi/lib/thumb/v7e-m+fp/hard\libc_nano.a(lib_a-nano-mallocr.o)
 .text._malloc_r
                0x0000000008010c58       0xe8 c:/st/stm32cubeide_1.10.1/stm32cubeide/plugins/com.st.stm32cube.ide.mcu.externaltools.gnu-tools-for-stm32.10.3-2021.10.win32_1.0.0.202111181127/tools/bin/../lib/gcc/arm-none-eabi/10.3.1/../../../../arm-none-eabi/lib/thumb/v7e-m+fp/hard\libc_nano.a(lib_a-nano-mallocr.o)
                0x0000000008010c58                _malloc_r
 .text.printf   0x0000000008010d40       0x30 c:/st/stm32cubeide_1.10.1/stm32cubeide/plugins/com.st.stm32cube.ide.mcu.externaltools.gnu-tools-for-stm32.10.3-2021.10.win32_1.0.0.202111181127/tools/bin/../lib/gcc/arm-none-eabi/10.3.1/../../../../arm-none-eabi/lib/thumb/v7e-m+fp/hard\libc_nano.a(lib_a-printf.o)
                0x0000000008010d40                iprintf
                0x0000000008010d40                printf
 .text._puts_r  0x0000000008010d70       0xdc c:/st/stm32cubeide_1.10.1/stm32cubeide/plugins/com.st.stm32cube.ide.mcu.externaltools.gnu-tools-for-stm32.10.3-2021.10.win32_1.0.0.202111181127/tools/bin/../lib/gcc/arm-none-eabi/10.3.1/../../../../arm-none-eabi/lib/thumb/v7e-m+fp/hard\libc_nano.a(lib_a-puts.o)
                0x0000000008010d70                _puts_r
 .text.puts     0x0000000008010e4c       0x10 c:/st/stm32cubeide_1.10.1/stm32cubeide/plugins/com.st.stm32cube.ide.mcu.externaltools.gnu-tools-for-stm32.10.3-2021.10.win32_1.0.0.202111181127/tools/bin/../lib/gcc/arm-none-eabi/10.3.1/../../../../arm-none-eabi/lib/thumb/v7e-m+fp/hard\libc_nano.a(lib_a-puts.o)
                0x0000000008010e4c                puts
 .text._sbrk_r  0x0000000008010e5c       0x20 c:/st/stm32cubeide_1.10.1/stm32cubeide/plugins/com.st.stm32cube.ide.mcu.externaltools.gnu-tools-for-stm32.10.3-2021.10.win32_1.0.0.202111181127/tools/bin/../lib/gcc/arm-none-eabi/10.3.1/../../../../arm-none-eabi/lib/thumb/v7e-m+fp/hard\libc_nano.a(lib_a-sbrkr.o)
                0x0000000008010e5c                _sbrk_r
 .text.sprintf  0x0000000008010e7c       0x40 c:/st/stm32cubeide_1.10.1/stm32cubeide/plugins/com.st.stm32cube.ide.mcu.externaltools.gnu-tools-for-stm32.10.3-2021.10.win32_1.0.0.202111181127/tools/bin/../lib/gcc/arm-none-eabi/10.3.1/../../../../arm-none-eabi/lib/thumb/v7e-m+fp/hard\libc_nano.a(lib_a-sprintf.o)
                0x0000000008010e7c                siprintf
                0x0000000008010e7c                sprintf
 .text.strchr   0x0000000008010ebc       0x1a c:/st/stm32cubeide_1.10.1/stm32cubeide/plugins/com.st.stm32cube.ide.mcu.externaltools.gnu-tools-for-stm32.10.3-2021.10.win32_1.0.0.202111181127/tools/bin/../lib/gcc/arm-none-eabi/10.3.1/../../../../arm-none-eabi/lib/thumb/v7e-m+fp/hard\libc_nano.a(lib_a-strchr.o)
                0x0000000008010ebc                strchr
 .text.strncpy  0x0000000008010ed6       0x26 c:/st/stm32cubeide_1.10.1/stm32cubeide/plugins/com.st.stm32cube.ide.mcu.externaltools.gnu-tools-for-stm32.10.3-2021.10.win32_1.0.0.202111181127/tools/bin/../lib/gcc/arm-none-eabi/10.3.1/../../../../arm-none-eabi/lib/thumb/v7e-m+fp/hard\libc_nano.a(lib_a-strncpy.o)
                0x0000000008010ed6                strncpy
 .text.strstr   0x0000000008010efc       0x2c c:/st/stm32cubeide_1.10.1/stm32cubeide/plugins/com.st.stm32cube.ide.mcu.externaltools.gnu-tools-for-stm32.10.3-2021.10.win32_1.0.0.202111181127/tools/bin/../lib/gcc/arm-none-eabi/10.3.1/../../../../arm-none-eabi/lib/thumb/v7e-m+fp/hard\libc_nano.a(lib_a-strstr.o)
                0x0000000008010efc                strstr
 .text._strtol_l.constprop.0
                0x0000000008010f28      0x104 c:/st/stm32cubeide_1.10.1/stm32cubeide/plugins/com.st.stm32cube.ide.mcu.externaltools.gnu-tools-for-stm32.10.3-2021.10.win32_1.0.0.202111181127/tools/bin/../lib/gcc/arm-none-eabi/10.3.1/../../../../arm-none-eabi/lib/thumb/v7e-m+fp/hard\libc_nano.a(lib_a-strtol.o)
 .text.strtol   0x000000000801102c       0x14 c:/st/stm32cubeide_1.10.1/stm32cubeide/plugins/com.st.stm32cube.ide.mcu.externaltools.gnu-tools-for-stm32.10.3-2021.10.win32_1.0.0.202111181127/tools/bin/../lib/gcc/arm-none-eabi/10.3.1/../../../../arm-none-eabi/lib/thumb/v7e-m+fp/hard\libc_nano.a(lib_a-strtol.o)
                0x000000000801102c                strtol
 .text.__swbuf_r
                0x0000000008011040       0xa4 c:/st/stm32cubeide_1.10.1/stm32cubeide/plugins/com.st.stm32cube.ide.mcu.externaltools.gnu-tools-for-stm32.10.3-2021.10.win32_1.0.0.202111181127/tools/bin/../lib/gcc/arm-none-eabi/10.3.1/../../../../arm-none-eabi/lib/thumb/v7e-m+fp/hard\libc_nano.a(lib_a-wbuf.o)
                0x0000000008011040                __swbuf_r
 .text.__swsetup_r
                0x00000000080110e4       0xdc c:/st/stm32cubeide_1.10.1/stm32cubeide/plugins/com.st.stm32cube.ide.mcu.externaltools.gnu-tools-for-stm32.10.3-2021.10.win32_1.0.0.202111181127/tools/bin/../lib/gcc/arm-none-eabi/10.3.1/../../../../arm-none-eabi/lib/thumb/v7e-m+fp/hard\libc_nano.a(lib_a-wsetup.o)
                0x00000000080110e4                __swsetup_r
 .text.__sflush_r
                0x00000000080111c0      0x10c c:/st/stm32cubeide_1.10.1/stm32cubeide/plugins/com.st.stm32cube.ide.mcu.externaltools.gnu-tools-for-stm32.10.3-2021.10.win32_1.0.0.202111181127/tools/bin/../lib/gcc/arm-none-eabi/10.3.1/../../../../arm-none-eabi/lib/thumb/v7e-m+fp/hard\libc_nano.a(lib_a-fflush.o)
                0x00000000080111c0                __sflush_r
 .text._fflush_r
                0x00000000080112cc       0x78 c:/st/stm32cubeide_1.10.1/stm32cubeide/plugins/com.st.stm32cube.ide.mcu.externaltools.gnu-tools-for-stm32.10.3-2021.10.win32_1.0.0.202111181127/tools/bin/../lib/gcc/arm-none-eabi/10.3.1/../../../../arm-none-eabi/lib/thumb/v7e-m+fp/hard\libc_nano.a(lib_a-fflush.o)
                0x00000000080112cc                _fflush_r
 .text.std      0x0000000008011344       0x48 c:/st/stm32cubeide_1.10.1/stm32cubeide/plugins/com.st.stm32cube.ide.mcu.externaltools.gnu-tools-for-stm32.10.3-2021.10.win32_1.0.0.202111181127/tools/bin/../lib/gcc/arm-none-eabi/10.3.1/../../../../arm-none-eabi/lib/thumb/v7e-m+fp/hard\libc_nano.a(lib_a-findfp.o)
 .text._cleanup_r
                0x000000000801138c        0xc c:/st/stm32cubeide_1.10.1/stm32cubeide/plugins/com.st.stm32cube.ide.mcu.externaltools.gnu-tools-for-stm32.10.3-2021.10.win32_1.0.0.202111181127/tools/bin/../lib/gcc/arm-none-eabi/10.3.1/../../../../arm-none-eabi/lib/thumb/v7e-m+fp/hard\libc_nano.a(lib_a-findfp.o)
                0x000000000801138c                _cleanup_r
 .text.__sfmoreglue
                0x0000000008011398       0x2c c:/st/stm32cubeide_1.10.1/stm32cubeide/plugins/com.st.stm32cube.ide.mcu.externaltools.gnu-tools-for-stm32.10.3-2021.10.win32_1.0.0.202111181127/tools/bin/../lib/gcc/arm-none-eabi/10.3.1/../../../../arm-none-eabi/lib/thumb/v7e-m+fp/hard\libc_nano.a(lib_a-findfp.o)
                0x0000000008011398                __sfmoreglue
 .text.__sfp_lock_acquire
                0x00000000080113c4        0xc c:/st/stm32cubeide_1.10.1/stm32cubeide/plugins/com.st.stm32cube.ide.mcu.externaltools.gnu-tools-for-stm32.10.3-2021.10.win32_1.0.0.202111181127/tools/bin/../lib/gcc/arm-none-eabi/10.3.1/../../../../arm-none-eabi/lib/thumb/v7e-m+fp/hard\libc_nano.a(lib_a-findfp.o)
                0x00000000080113c4                __sfp_lock_acquire
 .text.__sfp_lock_release
                0x00000000080113d0        0xc c:/st/stm32cubeide_1.10.1/stm32cubeide/plugins/com.st.stm32cube.ide.mcu.externaltools.gnu-tools-for-stm32.10.3-2021.10.win32_1.0.0.202111181127/tools/bin/../lib/gcc/arm-none-eabi/10.3.1/../../../../arm-none-eabi/lib/thumb/v7e-m+fp/hard\libc_nano.a(lib_a-findfp.o)
                0x00000000080113d0                __sfp_lock_release
 .text.__sinit_lock_acquire
                0x00000000080113dc        0xc c:/st/stm32cubeide_1.10.1/stm32cubeide/plugins/com.st.stm32cube.ide.mcu.externaltools.gnu-tools-for-stm32.10.3-2021.10.win32_1.0.0.202111181127/tools/bin/../lib/gcc/arm-none-eabi/10.3.1/../../../../arm-none-eabi/lib/thumb/v7e-m+fp/hard\libc_nano.a(lib_a-findfp.o)
                0x00000000080113dc                __sinit_lock_acquire
 .text.__sinit_lock_release
                0x00000000080113e8        0xc c:/st/stm32cubeide_1.10.1/stm32cubeide/plugins/com.st.stm32cube.ide.mcu.externaltools.gnu-tools-for-stm32.10.3-2021.10.win32_1.0.0.202111181127/tools/bin/../lib/gcc/arm-none-eabi/10.3.1/../../../../arm-none-eabi/lib/thumb/v7e-m+fp/hard\libc_nano.a(lib_a-findfp.o)
                0x00000000080113e8                __sinit_lock_release
 .text.__sinit  0x00000000080113f4       0x70 c:/st/stm32cubeide_1.10.1/stm32cubeide/plugins/com.st.stm32cube.ide.mcu.externaltools.gnu-tools-for-stm32.10.3-2021.10.win32_1.0.0.202111181127/tools/bin/../lib/gcc/arm-none-eabi/10.3.1/../../../../arm-none-eabi/lib/thumb/v7e-m+fp/hard\libc_nano.a(lib_a-findfp.o)
                0x00000000080113f4                __sinit
 .text.__sfp    0x0000000008011464       0x8c c:/st/stm32cubeide_1.10.1/stm32cubeide/plugins/com.st.stm32cube.ide.mcu.externaltools.gnu-tools-for-stm32.10.3-2021.10.win32_1.0.0.202111181127/tools/bin/../lib/gcc/arm-none-eabi/10.3.1/../../../../arm-none-eabi/lib/thumb/v7e-m+fp/hard\libc_nano.a(lib_a-findfp.o)
                0x0000000008011464                __sfp
 .text._fwalk_reent
                0x00000000080114f0       0x3e c:/st/stm32cubeide_1.10.1/stm32cubeide/plugins/com.st.stm32cube.ide.mcu.externaltools.gnu-tools-for-stm32.10.3-2021.10.win32_1.0.0.202111181127/tools/bin/../lib/gcc/arm-none-eabi/10.3.1/../../../../arm-none-eabi/lib/thumb/v7e-m+fp/hard\libc_nano.a(lib_a-fwalk.o)
                0x00000000080114f0                _fwalk_reent
 .text.__retarget_lock_init_recursive
                0x000000000801152e        0x2 c:/st/stm32cubeide_1.10.1/stm32cubeide/plugins/com.st.stm32cube.ide.mcu.externaltools.gnu-tools-for-stm32.10.3-2021.10.win32_1.0.0.202111181127/tools/bin/../lib/gcc/arm-none-eabi/10.3.1/../../../../arm-none-eabi/lib/thumb/v7e-m+fp/hard\libc_nano.a(lib_a-lock.o)
                0x000000000801152e                __retarget_lock_init_recursive
 .text.__retarget_lock_acquire_recursive
                0x0000000008011530        0x2 c:/st/stm32cubeide_1.10.1/stm32cubeide/plugins/com.st.stm32cube.ide.mcu.externaltools.gnu-tools-for-stm32.10.3-2021.10.win32_1.0.0.202111181127/tools/bin/../lib/gcc/arm-none-eabi/10.3.1/../../../../arm-none-eabi/lib/thumb/v7e-m+fp/hard\libc_nano.a(lib_a-lock.o)
                0x0000000008011530                __retarget_lock_acquire_recursive
 .text.__retarget_lock_release_recursive
                0x0000000008011532        0x2 c:/st/stm32cubeide_1.10.1/stm32cubeide/plugins/com.st.stm32cube.ide.mcu.externaltools.gnu-tools-for-stm32.10.3-2021.10.win32_1.0.0.202111181127/tools/bin/../lib/gcc/arm-none-eabi/10.3.1/../../../../arm-none-eabi/lib/thumb/v7e-m+fp/hard\libc_nano.a(lib_a-lock.o)
                0x0000000008011532                __retarget_lock_release_recursive
 .text.__swhatbuf_r
                0x0000000008011534       0x4a c:/st/stm32cubeide_1.10.1/stm32cubeide/plugins/com.st.stm32cube.ide.mcu.externaltools.gnu-tools-for-stm32.10.3-2021.10.win32_1.0.0.202111181127/tools/bin/../lib/gcc/arm-none-eabi/10.3.1/../../../../arm-none-eabi/lib/thumb/v7e-m+fp/hard\libc_nano.a(lib_a-makebuf.o)
                0x0000000008011534                __swhatbuf_r
 *fill*         0x000000000801157e        0x2 
 .text.__smakebuf_r
                0x0000000008011580       0x80 c:/st/stm32cubeide_1.10.1/stm32cubeide/plugins/com.st.stm32cube.ide.mcu.externaltools.gnu-tools-for-stm32.10.3-2021.10.win32_1.0.0.202111181127/tools/bin/../lib/gcc/arm-none-eabi/10.3.1/../../../../arm-none-eabi/lib/thumb/v7e-m+fp/hard\libc_nano.a(lib_a-makebuf.o)
                0x0000000008011580                __smakebuf_r
 .text.__malloc_lock
                0x0000000008011600        0xc c:/st/stm32cubeide_1.10.1/stm32cubeide/plugins/com.st.stm32cube.ide.mcu.externaltools.gnu-tools-for-stm32.10.3-2021.10.win32_1.0.0.202111181127/tools/bin/../lib/gcc/arm-none-eabi/10.3.1/../../../../arm-none-eabi/lib/thumb/v7e-m+fp/hard\libc_nano.a(lib_a-mlock.o)
                0x0000000008011600                __malloc_lock
 .text.__malloc_unlock