Archive member included to satisfy reference by file (symbol)

c:/st/stm32cubeide_1.10.1/stm32cubeide/plugins/com.st.stm32cube.ide.mcu.externaltools.gnu-tools-for-stm32.10.3-2021.10.win32_1.0.0.202111181127/tools/bin/../lib/gcc/arm-none-eabi/10.3.1/../../../../arm-none-eabi/lib/thumb/v7e-m+fp/hard\libc_nano.a(lib_a-errno.o)
                              ./Core/Src/syscalls.o (__errno)
c:/st/stm32cubeide_1.10.1/stm32cubeide/plugins/com.st.stm32cube.ide.mcu.externaltools.gnu-tools-for-stm32.10.3-2021.10.win32_1.0.0.202111181127/tools/bin/../lib/gcc/arm-none-eabi/10.3.1/../../../../arm-none-eabi/lib/thumb/v7e-m+fp/hard\libc_nano.a(lib_a-exit.o)
                              c:/st/stm32cubeide_1.10.1/stm32cubeide/plugins/com.st.stm32cube.ide.mcu.externaltools.gnu-tools-for-stm32.10.3-2021.10.win32_1.0.0.202111181127/tools/bin/../lib/gcc/arm-none-eabi/10.3.1/../../../../arm-none-eabi/lib/thumb/v7e-m+fp/hard/crt0.o (exit)
c:/st/stm32cubeide_1.10.1/stm32cubeide/plugins/com.st.stm32cube.ide.mcu.externaltools.gnu-tools-for-stm32.10.3-2021.10.win32_1.0.0.202111181127/tools/bin/../lib/gcc/arm-none-eabi/10.3.1/../../../../arm-none-eabi/lib/thumb/v7e-m+fp/hard\libc_nano.a(lib_a-impure.o)
                              c:/st/stm32cubeide_1.10.1/stm32cubeide/plugins/com.st.stm32cube.ide.mcu.externaltools.gnu-tools-for-stm32.10.3-2021.10.win32_1.0.0.202111181127/tools/bin/../lib/gcc/arm-none-eabi/10.3.1/../../../../arm-none-eabi/lib/thumb/v7e-m+fp/hard\libc_nano.a(lib_a-exit.o) (_global_impure_ptr)
c:/st/stm32cubeide_1.10.1/stm32cubeide/plugins/com.st.stm32cube.ide.mcu.externaltools.gnu-tools-for-stm32.10.3-2021.10.win32_1.0.0.202111181127/tools/bin/../lib/gcc/arm-none-eabi/10.3.1/../../../../arm-none-eabi/lib/thumb/v7e-m+fp/hard\libc_nano.a(lib_a-init.o)
                              c:/st/stm32cubeide_1.10.1/stm32cubeide/plugins/com.st.stm32cube.ide.mcu.externaltools.gnu-tools-for-stm32.10.3-2021.10.win32_1.0.0.202111181127/tools/bin/../lib/gcc/arm-none-eabi/10.3.1/../../../../arm-none-eabi/lib/thumb/v7e-m+fp/hard/crt0.o (__libc_init_array)
c:/st/stm32cubeide_1.10.1/stm32cubeide/plugins/com.st.stm32cube.ide.mcu.externaltools.gnu-tools-for-stm32.10.3-2021.10.win32_1.0.0.202111181127/tools/bin/../lib/gcc/arm-none-eabi/10.3.1/../../../../arm-none-eabi/lib/thumb/v7e-m+fp/hard\libc_nano.a(lib_a-malloc.o)
                              ./Core/Src/main.o (malloc)
c:/st/stm32cubeide_1.10.1/stm32cubeide/plugins/com.st.stm32cube.ide.mcu.externaltools.gnu-tools-for-stm32.10.3-2021.10.win32_1.0.0.202111181127/tools/bin/../lib/gcc/arm-none-eabi/10.3.1/../../../../arm-none-eabi/lib/thumb/v7e-m+fp/hard\libc_nano.a(lib_a-memset.o)
                              c:/st/stm32cubeide_1.10.1/stm32cubeide/plugins/com.st.stm32cube.ide.mcu.externaltools.gnu-tools-for-stm32.10.3-2021.10.win32_1.0.0.202111181127/tools/bin/../lib/gcc/arm-none-eabi/10.3.1/../../../../arm-none-eabi/lib/thumb/v7e-m+fp/hard/crt0.o (memset)
c:/st/stm32cubeide_1.10.1/stm32cubeide/plugins/com.st.stm32cube.ide.mcu.externaltools.gnu-tools-for-stm32.10.3-2021.10.win32_1.0.0.202111181127/tools/bin/../lib/gcc/arm-none-eabi/10.3.1/../../../../arm-none-eabi/lib/thumb/v7e-m+fp/hard\libc_nano.a(lib_a-nano-freer.o)
                              c:/st/stm32cubeide_1.10.1/stm32cubeide/plugins/com.st.stm32cube.ide.mcu.externaltools.gnu-tools-for-stm32.10.3-2021.10.win32_1.0.0.202111181127/tools/bin/../lib/gcc/arm-none-eabi/10.3.1/../../../../arm-none-eabi/lib/thumb/v7e-m+fp/hard\libc_nano.a(lib_a-malloc.o) (_free_r)
c:/st/stm32cubeide_1.10.1/stm32cubeide/plugins/com.st.stm32cube.ide.mcu.externaltools.gnu-tools-for-stm32.10.3-2021.10.win32_1.0.0.202111181127/tools/bin/../lib/gcc/arm-none-eabi/10.3.1/../../../../arm-none-eabi/lib/thumb/v7e-m+fp/hard\libc_nano.a(lib_a-nano-mallocr.o)
                              c:/st/stm32cubeide_1.10.1/stm32cubeide/plugins/com.st.stm32cube.ide.mcu.externaltools.gnu-tools-for-stm32.10.3-2021.10.win32_1.0.0.202111181127/tools/bin/../lib/gcc/arm-none-eabi/10.3.1/../../../../arm-none-eabi/lib/thumb/v7e-m+fp/hard\libc_nano.a(lib_a-malloc.o) (_malloc_r)
c:/st/stm32cubeide_1.10.1/stm32cubeide/plugins/com.st.stm32cube.ide.mcu.externaltools.gnu-tools-for-stm32.10.3-2021.10.win32_1.0.0.202111181127/tools/bin/../lib/gcc/arm-none-eabi/10.3.1/../../../../arm-none-eabi/lib/thumb/v7e-m+fp/hard\libc_nano.a(lib_a-printf.o)
                              ./Core/Src/main.o (printf)
c:/st/stm32cubeide_1.10.1/stm32cubeide/plugins/com.st.stm32cube.ide.mcu.externaltools.gnu-tools-for-stm32.10.3-2021.10.win32_1.0.0.202111181127/tools/bin/../lib/gcc/arm-none-eabi/10.3.1/../../../../arm-none-eabi/lib/thumb/v7e-m+fp/hard\libc_nano.a(lib_a-puts.o)
                              ./Core/Src/stm32f4xx_it.o (puts)
[...]
Memory Configuration

Name             Origin             Length             Attributes
CCMRAM           0x0000000010000000 0x0000000000010000 xrw
RAM              0x0000000020000000 0x0000000000020000 xrw
FLASH            0x0000000008000000 0x0000000000080000 xr
*default*        0x0000000000000000 0xffffffffffffffff

Linker script and memory map

LOAD c:/st/stm32cubeide_1.10.1/stm32cubeide/plugins/com.st.stm32cube.ide.mcu.externaltools.gnu-tools-for-stm32.10.3-2021.10.win32_1.0.0.202111181127/tools/bin/../lib/gcc/arm-none-eabi/10.3.1/thumb/v7e-m+fp/hard/crti.o
LOAD c:/st/stm32cubeide_1.10.1/stm32cubeide/plugins/com.st.stm32cube.ide.mcu.externaltools.gnu-tools-for-stm32.10.3-2021.10.win32_1.0.0.202111181127/tools/bin/../lib/gcc/arm-none-eabi/10.3.1/thumb/v7e-m+fp/hard/crtbegin.o
LOAD c:/st/stm32cubeide_1.10.1/stm32cubeide/plugins/com.st.stm32cube.ide.mcu.externaltools.gnu-tools-for-stm32.10.3-2021.10.win32_1.0.0.202111181127/tools/bin/../lib/gcc/arm-none-eabi/10.3.1/../../../../arm-none-eabi/lib/thumb/v7e-m+fp/hard/crt0.o
LOAD ./Core/Src/adc.o
LOAD ./Core/Src/can.o
LOAD ./Core/Src/dma.o
LOAD ./Core/Src/gpio.o
LOAD ./Core/Src/i2c.o
LOAD ./Core/Src/main.o
LOAD ./Core/Src/ringbuffer.o
LOAD ./Core/Src/rtc.o
LOAD ./Core/Src/sdio.o
LOAD ./Core/Src/stm32f4xx_hal_msp.o
LOAD ./Core/Src/stm32f4xx_it.o
LOAD ./Core/Src/syscalls.o
LOAD ./Core/Src/sysmem.o
LOAD ./Core/Src/system_stm32f4xx.o
LOAD ./Core/Src/tim.o
LOAD ./Core/Src/usart.o
LOAD ./Core/Startup/startup_stm32f407vetx.o
LOAD ./Drivers/STM32F4xx_HAL_Driver/Src/stm32f4xx_hal.o
LOAD ./Drivers/STM32F4xx_HAL_Driver/Src/stm32f4xx_hal_adc.o
LOAD ./Drivers/STM32F4xx_HAL_Driver/Src/stm32f4xx_hal_adc_ex.o
LOAD ./Drivers/STM32F4xx_HAL_Driver/Src/stm32f4xx_hal_can.o
LOAD ./Drivers/STM32F4xx_HAL_Driver/Src/stm32f4xx_hal_cortex.o
LOAD ./Drivers/STM32F4xx_HAL_Driver/Src/stm32f4xx_hal_dma.o
LOAD ./Drivers/STM32F4xx_HAL_Driver/Src/stm32f4xx_hal_dma_ex.o
LOAD ./Drivers/STM32F4xx_HAL_Driver/Src/stm32f4xx_hal_exti.o
LOAD ./Drivers/STM32F4xx_HAL_Driver/Src/stm32f4xx_hal_flash.o
LOAD ./Drivers/STM32F4xx_HAL_Driver/Src/stm32f4xx_hal_flash_ex.o
LOAD ./Drivers/STM32F4xx_HAL_Driver/Src/stm32f4xx_hal_flash_ramfunc.o
LOAD ./Drivers/STM32F4xx_HAL_Driver/Src/stm32f4xx_hal_gpio.o
LOAD ./Drivers/STM32F4xx_HAL_Driver/Src/stm32f4xx_hal_i2c.o
LOAD ./Drivers/STM32F4xx_HAL_Driver/Src/stm32f4xx_hal_i2c_ex.o
LOAD ./Drivers/STM32F4xx_HAL_Driver/Src/stm32f4xx_hal_pwr.o
LOAD ./Drivers/STM32F4xx_HAL_Driver/Src/stm32f4xx_hal_pwr_ex.o
LOAD ./Drivers/STM32F4xx_HAL_Driver/Src/stm32f4xx_hal_rcc.o
LOAD ./Drivers/STM32F4xx_HAL_Driver/Src/stm32f4xx_hal_rcc_ex.o
LOAD ./Drivers/STM32F4xx_HAL_Driver/Src/stm32f4xx_hal_rtc.o
LOAD ./Drivers/STM32F4xx_HAL_Driver/Src/stm32f4xx_hal_rtc_ex.o
LOAD ./Drivers/STM32F4xx_HAL_Driver/Src/stm32f4xx_hal_sd.o
LOAD ./Drivers/STM32F4xx_HAL_Driver/Src/stm32f4xx_hal_tim.o
LOAD ./Drivers/STM32F4xx_HAL_Driver/Src/stm32f4xx_hal_tim_ex.o
LOAD ./Drivers/STM32F4xx_HAL_Driver/Src/stm32f4xx_hal_uart.o
LOAD ./Drivers/STM32F4xx_HAL_Driver/Src/stm32f4xx_ll_adc.o
LOAD ./Drivers/STM32F4xx_HAL_Driver/Src/stm32f4xx_ll_sdmmc.o
LOAD ./FATFS/App/fatfs.o
LOAD ./FATFS/Target/bsp_driver_sd.o
LOAD ./FATFS/Target/sd_diskio.o
LOAD ./Middlewares/Third_Party/FatFs/src/diskio.o
LOAD ./Middlewares/Third_Party/FatFs/src/ff.o
LOAD ./Middlewares/Third_Party/FatFs/src/ff_gen_drv.o
LOAD ./Middlewares/Third_Party/FatFs/src/option/ccsbcs.o
LOAD ./Middlewares/Third_Party/FatFs/src/option/syscall.o
START GROUP
LOAD c:/st/stm32cubeide_1.10.1/stm32cubeide/plugins/com.st.stm32cube.ide.mcu.externaltools.gnu-tools-for-stm32.10.3-2021.10.win32_1.0.0.202111181127/tools/bin/../lib/gcc/arm-none-eabi/10.3.1/../../../../arm-none-eabi/lib/thumb/v7e-m+fp/hard\libc_nano.a
LOAD c:/st/stm32cubeide_1.10.1/stm32cubeide/plugins/com.st.stm32cube.ide.mcu.externaltools.gnu-tools-for-stm32.10.3-2021.10.win32_1.0.0.202111181127/tools/bin/../lib/gcc/arm-none-eabi/10.3.1/../../../../arm-none-eabi/lib/thumb/v7e-m+fp/hard\libm.a
END GROUP
START GROUP
LOAD c:/st/stm32cubeide_1.10.1/stm32cubeide/plugins/com.st.stm32cube.ide.mcu.externaltools.gnu-tools-for-stm32.10.3-2021.10.win32_1.0.0.202111181127/tools/bin/../lib/gcc/arm-none-eabi/10.3.1/thumb/v7e-m+fp/hard\libgcc.a
LOAD c:/st/stm32cubeide_1.10.1/stm32cubeide/plugins/com.st.stm32cube.ide.mcu.externaltools.gnu-tools-for-stm32.10.3-2021.10.win32_1.0.0.202111181127/tools/bin/../lib/gcc/arm-none-eabi/10.3.1/../../../../arm-none-eabi/lib/thumb/v7e-m+fp/hard\libc_nano.a
END GROUP
START GROUP
LOAD c:/st/stm32cubeide_1.10.1/stm32cubeide/plugins/com.st.stm32cube.ide.mcu.externaltools.gnu-tools-for-stm32.10.3-2021.10.win32_1.0.0.202111181127/tools/bin/../lib/gcc/arm-none-eabi/10.3.1/thumb/v7e-m+fp/hard\libgcc.a
LOAD c:/st/stm32cubeide_1.10.1/stm32cubeide/plugins/com.st.stm32cube.ide.mcu.externaltools.gnu-tools-for-stm32.10.3-2021.10.win32_1.0.0.202111181127/tools/bin/../lib/gcc/arm-none-eabi/10.3.1/../../../../arm-none-eabi/lib/thumb/v7e-m+fp/hard\libc_nano.a
LOAD c:/st/stm32cubeide_1.10.1/stm32cubeide/plugins/com.st.stm32cube.ide.mcu.externaltools.gnu-tools-for-stm32.10.3-2021.10.win32_1.0.0.202111181127/tools/bin/../lib/gcc/arm-none-eabi/10.3.1/../../../../arm-none-eabi/lib/thumb/v7e-m+fp/hard\libnosys.a
END GROUP
START GROUP
LOAD c:/st/stm32cubeide_1.10.1/stm32cubeide/plugins/com.st.stm32cube.ide.mcu.externaltools.gnu-tools-for-stm32.10.3-2021.10.win32_1.0.0.202111181127/tools/bin/../lib/gcc/arm-none-eabi/10.3.1/thumb/v7e-m+fp/hard\libgcc.a
LOAD c:/st/stm32cubeide_1.10.1/stm32cubeide/plugins/com.st.stm32cube.ide.mcu.externaltools.gnu-tools-for-stm32.10.3-2021.10.win32_1.0.0.202111181127/tools/bin/../lib/gcc/arm-none-eabi/10.3.1/../../../../arm-none-eabi/lib/thumb/v7e-m+fp/hard\libc_nano.a
LOAD c:/st/stm32cubeide_1.10.1/stm32cubeide/plugins/com.st.stm32cube.ide.mcu.externaltools.gnu-tools-for-stm32.10.3-2021.10.win32_1.0.0.202111181127/tools/bin/../lib/gcc/arm-none-eabi/10.3.1/../../../../arm-none-eabi/lib/thumb/v7e-m+fp/hard\libnosys.a
END GROUP
LOAD c:/st/stm32cubeide_1.10.1/stm32cubeide/plugins/com.st.stm32cube.ide.mcu.externaltools.gnu-tools-for-stm32.10.3-2021.10.win32_1.0.0.202111181127/tools/bin/../lib/gcc/arm-none-eabi/10.3.1/thumb/v7e-m+fp/hard/crtend.o
LOAD c:/st/stm32cubeide_1.10.1/stm32cubeide/plugins/com.st.stm32cube.ide.mcu.externaltools.gnu-tools-for-stm32.10.3-2021.10.win32_1.0.0.202111181127/tools/bin/../lib/gcc/arm-none-eabi/10.3.1/thumb/v7e-m+fp/hard/crtn.o
                0x0000000020020000                _estack = (ORIGIN (RAM) + LENGTH (RAM))
                0x0000000000000200                _Min_Heap_Size = 0x200
                0x0000000000000400                _Min_Stack_Size = 0x400

.isr_vector     0x0000000008000000      0x188
                0x0000000008000000                . = ALIGN (0x4)
 *(.isr_vector)
 .isr_vector    0x0000000008000000      0x188 ./Core/Startup/startup_stm32f407vetx.o
                0x0000000008000000                g_pfnVectors
                0x0000000008000188                . = ALIGN (0x4)

.text           0x0000000008000190    0x11804
                0x0000000008000190                . = ALIGN (0x4)
 *(.text)
 .text          0x0000000008000190       0x40 c:/st/stm32cubeide_1.10.1/stm32cubeide/plugins/com.st.stm32cube.ide.mcu.externaltools.gnu-tools-for-stm32.10.3-2021.10.win32_1.0.0.202111181127/tools/bin/../lib/gcc/arm-none-eabi/10.3.1/thumb/v7e-m+fp/hard/crtbegin.o
 .text          0x00000000080001d0       0x10 c:/st/stm32cubeide_1.10.1/stm32cubeide/plugins/com.st.stm32cube.ide.mcu.externaltools.gnu-tools-for-stm32.10.3-2021.10.win32_1.0.0.202111181127/tools/bin/../lib/gcc/arm-none-eabi/10.3.1/../../../../arm-none-eabi/lib/thumb/v7e-m+fp/hard\libc_nano.a(lib_a-strlen.o)
                0x00000000080001d0                strlen
 .text          0x00000000080001e0       0xa0 c:/st/stm32cubeide_1.10.1/stm32cubeide/plugins/com.st.stm32cube.ide.mcu.externaltools.gnu-tools-for-stm32.10.3-2021.10.win32_1.0.0.202111181127/tools/bin/../lib/gcc/arm-none-eabi/10.3.1/../../../../arm-none-eabi/lib/thumb/v7e-m+fp/hard\libc_nano.a(lib_a-memchr.o)
                0x00000000080001e0                memchr
 .text          0x0000000008000280      0x378 c:/st/stm32cubeide_1.10.1/stm32cubeide/plugins/com.st.stm32cube.ide.mcu.externaltools.gnu-tools-for-stm32.10.3-2021.10.win32_1.0.0.202111181127/tools/bin/../lib/gcc/arm-none-eabi/10.3.1/thumb/v7e-m+fp/hard\libgcc.a(_arm_addsubdf3.o)
                0x0000000008000280                __aeabi_drsub
                0x0000000008000288                __aeabi_dsub
                0x0000000008000288                __subdf3
                0x000000000800028c                __aeabi_dadd
                0x000000000800028c                __adddf3
                0x0000000008000504                __floatunsidf
                0x0000000008000504                __aeabi_ui2d
                0x0000000008000524                __floatsidf
                0x0000000008000524                __aeabi_i2d
                0x0000000008000548                __aeabi_f2d
                0x0000000008000548                __extendsfdf2
                0x000000000800058c                __floatundidf
                0x000000000800058c                __aeabi_ul2d
                0x000000000800059c                __floatdidf
                0x000000000800059c                __aeabi_l2d
 .text          0x00000000080005f8      0x424 c:/st/stm32cubeide_1.10.1/stm32cubeide/plugins/com.st.stm32cube.ide.mcu.externaltools.gnu-tools-for-stm32.10.3-2021.10.win32_1.0.0.202111181127/tools/bin/../lib/gcc/arm-none-eabi/10.3.1/thumb/v7e-m+fp/hard\libgcc.a(_arm_muldivdf3.o)
                0x00000000080005f8                __aeabi_dmul
                0x00000000080005f8                __muldf3
                0x000000000800084c                __divdf3
                0x000000000800084c                __aeabi_ddiv
 .text          0x0000000008000a1c       0x50 c:/st/stm32cubeide_1.10.1/stm32cubeide/plugins/com.st.stm32cube.ide.mcu.externaltools.gnu-tools-for-stm32.10.3-2021.10.win32_1.0.0.202111181127/tools/bin/../lib/gcc/arm-none-eabi/10.3.1/thumb/v7e-m+fp/hard\libgcc.a(_arm_fixdfsi.o)
                0x0000000008000a1c                __aeabi_d2iz
                0x0000000008000a1c                __fixdfsi
 .text          0x0000000008000a6c       0x40 c:/st/stm32cubeide_1.10.1/stm32cubeide/plugins/com.st.stm32cube.ide.mcu.externaltools.gnu-tools-for-stm32.10.3-2021.10.win32_1.0.0.202111181127/tools/bin/../lib/gcc/arm-none-eabi/10.3.1/thumb/v7e-m+fp/hard\libgcc.a(_arm_fixunsdfsi.o)
                0x0000000008000a6c                __aeabi_d2uiz
                0x0000000008000a6c                __fixunsdfsi
 .text          0x0000000008000aac      0x21c c:/st/stm32cubeide_1.10.1/stm32cubeide/plugins/com.st.stm32cube.ide.mcu.externaltools.gnu-tools-for-stm32.10.3-2021.10.win32_1.0.0.202111181127/tools/bin/../lib/gcc/arm-none-eabi/10.3.1/thumb/v7e-m+fp/hard\libgcc.a(_arm_addsubsf3.o)
                0x0000000008000aac                __aeabi_frsub
                0x0000000008000ab4                __subsf3
                0x0000000008000ab4                __aeabi_fsub
                0x0000000008000ab8                __aeabi_fadd
                0x0000000008000ab8                __addsf3
                0x0000000008000c18                __aeabi_ui2f
                0x0000000008000c18                __floatunsisf
                0x0000000008000c20                __aeabi_i2f
                0x0000000008000c20                __floatsisf
                0x0000000008000c3c                __aeabi_ul2f
                0x0000000008000c3c                __floatundisf
                0x0000000008000c4c                __aeabi_l2f
                0x0000000008000c4c                __floatdisf
 .text          0x0000000008000cc8       0x30 c:/st/stm32cubeide_1.10.1/stm32cubeide/plugins/com.st.stm32cube.ide.mcu.externaltools.gnu-tools-for-stm32.10.3-2021.10.win32_1.0.0.202111181127/tools/bin/../lib/gcc/arm-none-eabi/10.3.1/thumb/v7e-m+fp/hard\libgcc.a(_aeabi_uldivmod.o)
                0x0000000008000cc8                __aeabi_uldivmod
 .text          0x0000000008000cf8      0x2d0 c:/st/stm32cubeide_1.10.1/stm32cubeide/plugins/com.st.stm32cube.ide.mcu.externaltools.gnu-tools-for-stm32.10.3-2021.10.win32_1.0.0.202111181127/tools/bin/../lib/gcc/arm-none-eabi/10.3.1/thumb/v7e-m+fp/hard\libgcc.a(_udivmoddi4.o)
                0x0000000008000cf8                __udivmoddi4
 .text          0x0000000008000fc8        0x4 c:/st/stm32cubeide_1.10.1/stm32cubeide/plugins/com.st.stm32cube.ide.mcu.externaltools.gnu-tools-for-stm32.10.3-2021.10.win32_1.0.0.202111181127/tools/bin/../lib/gcc/arm-none-eabi/10.3.1/thumb/v7e-m+fp/hard\libgcc.a(_dvmd_tls.o)
                0x0000000008000fc8                __aeabi_idiv0
                0x0000000008000fc8                __aeabi_ldiv0
 *(.text*)
 .text.MX_ADC1_Init
                0x0000000008000fcc       0xa4 ./Core/Src/adc.o
                0x0000000008000fcc                MX_ADC1_Init
 .text.HAL_ADC_MspInit
                0x0000000008001070       0x50 ./Core/Src/adc.o
                0x0000000008001070                HAL_ADC_MspInit
 .text.MX_CAN1_Init
                0x00000000080010c0       0x70 ./Core/Src/can.o
                0x00000000080010c0                MX_CAN1_Init
 .text.HAL_CAN_MspInit
                0x0000000008001130       0xb0 ./Core/Src/can.o
                0x0000000008001130                HAL_CAN_MspInit
 .text.MX_DMA_Init
                0x00000000080011e0       0x50 ./Core/Src/dma.o
                0x00000000080011e0                MX_DMA_Init
 .text.MX_GPIO_Init
                0x0000000008001230      0x13c ./Core/Src/gpio.o
                0x0000000008001230                MX_GPIO_Init
 .text.MX_I2C1_Init
                0x000000000800136c       0x5c ./Core/Src/i2c.o
                0x000000000800136c                MX_I2C1_Init
 .text.MX_I2C2_Init
                0x00000000080013c8       0x5c ./Core/Src/i2c.o
                0x00000000080013c8                MX_I2C2_Init
 .text.HAL_I2C_MspInit
                0x0000000008001424      0x118 ./Core/Src/i2c.o
                0x0000000008001424                HAL_I2C_MspInit
 .text._write   0x000000000800153c       0x28 ./Core/Src/main.o
                0x000000000800153c                _write
 .text.getDateTimeBits
                0x0000000008001564      0x198 ./Core/Src/main.o
                0x0000000008001564                getDateTimeBits
 .text.SD_Setup
                0x00000000080016fc       0xb8 ./Core/Src/main.o
                0x00000000080016fc                SD_Setup
 *fill*         0x00000000080017b4        0x4 
 .text.log_string_generator
                0x00000000080017b8      0x15c ./Core/Src/main.o
                0x00000000080017b8                log_string_generator
 .text.LOGGER   0x0000000008001914      0x238 ./Core/Src/main.o
                0x0000000008001914                LOGGER
 .text.Sensor_Setup
                0x0000000008001b4c       0xe8 ./Core/Src/main.o
                0x0000000008001b4c                Sensor_Setup
 .text.Sensor_Manager
                0x0000000008001c34      0x23c ./Core/Src/main.o
                0x0000000008001c34                Sensor_Manager
 .text.RTD_Manager
                0x0000000008001e70      0x108 ./Core/Src/main.o
                0x0000000008001e70                RTD_Manager
 .text.CAN_Setup
                0x0000000008001f78      0x184 ./Core/Src/main.o
                0x0000000008001f78                CAN_Setup
 .text.HAL_CAN_RxFifo0MsgPendingCallback
                0x00000000080020fc      0x270 ./Core/Src/main.o
                0x00000000080020fc                HAL_CAN_RxFifo0MsgPendingCallback
 .text.HAL_CAN_RxFifo0FullCallback
                0x000000000800236c       0x7c ./Core/Src/main.o
                0x000000000800236c                HAL_CAN_RxFifo0FullCallback
 .text.CAN_Manager
                0x00000000080023e8      0x194 ./Core/Src/main.o
                0x00000000080023e8                CAN_Manager
 .text.HAL_CAN_ErrorCallback
                0x000000000800257c       0x60 ./Core/Src/main.o
                0x000000000800257c                HAL_CAN_ErrorCallback
 .text.HAL_UART_RxCpltCallback
                0x00000000080025dc      0x118 ./Core/Src/main.o
                0x00000000080025dc                HAL_UART_RxCpltCallback
 .text.GPS_Setup
                0x00000000080026f4       0x58 ./Core/Src/main.o
                0x00000000080026f4                GPS_Setup
 .text.GPS_Manager
                0x000000000800274c      0x1a0 ./Core/Src/main.o
                0x000000000800274c                GPS_Manager
 .text.WiFi_Manager
                0x00000000080028ec      0x2d8 ./Core/Src/main.o
                0x00000000080028ec                WiFi_Manager
 .text.HAL_TIM_PeriodElapsedCallback
                0x0000000008002bc4       0xa0 ./Core/Src/main.o
                0x0000000008002bc4                HAL_TIM_PeriodElapsedCallback
 .text.HAL_ADC_ConvCpltCallback
                0x0000000008002c64       0xb0 ./Core/Src/main.o
                0x0000000008002c64                HAL_ADC_ConvCpltCallback
 .text.LCD_Send_CMD
                0x0000000008002d14       0x60 ./Core/Src/main.o
                0x0000000008002d14                LCD_Send_CMD
 .text.LCD_Send_DATA
                0x0000000008002d74       0x60 ./Core/Src/main.o
                0x0000000008002d74                LCD_Send_DATA
 .text.LCD_Write
                0x0000000008002dd4       0x5a ./Core/Src/main.o
                0x0000000008002dd4                LCD_Write
 *fill*         0x0000000008002e2e        0x2 
 .text.LCD_Setup
                0x0000000008002e30       0x7c ./Core/Src/main.o
                0x0000000008002e30                LCD_Setup
 .text.LCD_Manager
                0x0000000008002eac       0xcc ./Core/Src/main.o
                0x0000000008002eac                LCD_Manager
 .text.main     0x0000000008002f78      0x1cc ./Core/Src/main.o
                0x0000000008002f78                main
 .text.SystemClock_Config
                0x0000000008003144       0xdc ./Core/Src/main.o
                0x0000000008003144                SystemClock_Config
 .text.Error_Handler
                0x0000000008003220       0x6c ./Core/Src/main.o
                0x0000000008003220                Error_Handler
 .text.ring_buffer_is_empty
                0x000000000800328c       0x2e ./Core/Src/ringbuffer.o
                0x000000000800328c                ring_buffer_is_empty
 .text.ring_buffer_is_full
                0x00000000080032ba       0x36 ./Core/Src/ringbuffer.o
                0x00000000080032ba                ring_buffer_is_full
 .text.ring_buffer_init
                0x00000000080032f0       0x2c ./Core/Src/ringbuffer.o
                0x00000000080032f0                ring_buffer_init
 .text.ring_buffer_queue
                0x000000000800331c       0x56 ./Core/Src/ringbuffer.o
                0x000000000800331c                ring_buffer_queue
 .text.ring_buffer_queue_arr
                0x0000000008003372       0x3a ./Core/Src/ringbuffer.o
                0x0000000008003372                ring_buffer_queue_arr
 .text.ring_buffer_dequeue
                0x00000000080033ac       0x48 ./Core/Src/ringbuffer.o
                0x00000000080033ac                ring_buffer_dequeue
 .text.ring_buffer_dequeue_arr
                0x00000000080033f4       0x52 ./Core/Src/ringbuffer.o
                0x00000000080033f4                ring_buffer_dequeue_arr
 *fill*         0x0000000008003446        0x2 
 .text.MX_RTC_Init
                0x0000000008003448       0xd4 ./Core/Src/rtc.o
                0x0000000008003448                MX_RTC_Init
 .text.HAL_RTC_MspInit
                0x000000000800351c       0x54 ./Core/Src/rtc.o
                0x000000000800351c                HAL_RTC_MspInit
 .text.MX_SDIO_SD_Init
                0x0000000008003570       0x44 ./Core/Src/sdio.o
                0x0000000008003570                MX_SDIO_SD_Init
 .text.HAL_SD_MspInit
                0x00000000080035b4      0x200 ./Core/Src/sdio.o
                0x00000000080035b4                HAL_SD_MspInit
 .text.HAL_MspInit
                0x00000000080037b4       0x50 ./Core/Src/stm32f4xx_hal_msp.o
                0x00000000080037b4                HAL_MspInit
 .text.NMI_Handler
                0x0000000008003804        0xa ./Core/Src/stm32f4xx_it.o
                0x0000000008003804                NMI_Handler
 *fill*         0x000000000800380e        0x2 
 .text.HardFault_Handler
                0x0000000008003810       0x28 ./Core/Src/stm32f4xx_it.o
                0x0000000008003810                HardFault_Handler
 .text.MemManage_Handler
                0x0000000008003838        0x6 ./Core/Src/stm32f4xx_it.o
                0x0000000008003838                MemManage_Handler
 .text.BusFault_Handler
                0x000000000800383e        0x6 ./Core/Src/stm32f4xx_it.o
                0x000000000800383e                BusFault_Handler
 .text.UsageFault_Handler
                0x0000000008003844        0x6 ./Core/Src/stm32f4xx_it.o
                0x0000000008003844                UsageFault_Handler
 .text.SVC_Handler
                0x000000000800384a        0xe ./Core/Src/stm32f4xx_it.o
                0x000000000800384a                SVC_Handler
 .text.DebugMon_Handler
                0x0000000008003858        0xe ./Core/Src/stm32f4xx_it.o
                0x0000000008003858                DebugMon_Handler
 .text.PendSV_Handler
                0x0000000008003866        0xe ./Core/Src/stm32f4xx_it.o
                0x0000000008003866                PendSV_Handler
 .text.SysTick_Handler
                0x0000000008003874       0x10 ./Core/Src/stm32f4xx_it.o
                0x0000000008003874                SysTick_Handler
 .text.ADC_IRQHandler
                0x0000000008003884       0x14 ./Core/Src/stm32f4xx_it.o
                0x0000000008003884                ADC_IRQHandler
 .text.CAN1_TX_IRQHandler
                0x0000000008003898       0x14 ./Core/Src/stm32f4xx_it.o
                0x0000000008003898                CAN1_TX_IRQHandler
 .text.CAN1_RX0_IRQHandler
                0x00000000080038ac       0x14 ./Core/Src/stm32f4xx_it.o
                0x00000000080038ac                CAN1_RX0_IRQHandler
 .text.TIM2_IRQHandler
                0x00000000080038c0       0x14 ./Core/Src/stm32f4xx_it.o
                0x00000000080038c0                TIM2_IRQHandler
 .text.TIM3_IRQHandler
                0x00000000080038d4       0x14 ./Core/Src/stm32f4xx_it.o
                0x00000000080038d4                TIM3_IRQHandler
 .text.TIM4_IRQHandler
                0x00000000080038e8       0x14 ./Core/Src/stm32f4xx_it.o
                0x00000000080038e8                TIM4_IRQHandler
 .text.I2C1_EV_IRQHandler
                0x00000000080038fc       0x14 ./Core/Src/stm32f4xx_it.o
                0x00000000080038fc                I2C1_EV_IRQHandler
 .text.I2C2_EV_IRQHandler
                0x0000000008003910       0x14 ./Core/Src/stm32f4xx_it.o
                0x0000000008003910                I2C2_EV_IRQHandler
 .text.USART3_IRQHandler
                0x0000000008003924       0x14 ./Core/Src/stm32f4xx_it.o
                0x0000000008003924                USART3_IRQHandler
 .text.TIM8_BRK_TIM12_IRQHandler
                0x0000000008003938       0x14 ./Core/Src/stm32f4xx_it.o
                0x0000000008003938                TIM8_BRK_TIM12_IRQHandler
 .text.SDIO_IRQHandler
                0x000000000800394c       0x14 ./Core/Src/stm32f4xx_it.o
                0x000000000800394c                SDIO_IRQHandler
 .text.DMA2_Stream3_IRQHandler
                0x0000000008003960       0x14 ./Core/Src/stm32f4xx_it.o
                0x0000000008003960                DMA2_Stream3_IRQHandler
 .text.DMA2_Stream6_IRQHandler
                0x0000000008003974       0x14 ./Core/Src/stm32f4xx_it.o
                0x0000000008003974                DMA2_Stream6_IRQHandler
 .text.USART6_IRQHandler
                0x0000000008003988       0x14 ./Core/Src/stm32f4xx_it.o
                0x0000000008003988                USART6_IRQHandler
 .text._read    0x000000000800399c       0x3a ./Core/Src/syscalls.o
                0x000000000800399c                _read
 .text._close   0x00000000080039d6       0x18 ./Core/Src/syscalls.o
                0x00000000080039d6                _close
 .text._fstat   0x00000000080039ee       0x20 ./Core/Src/syscalls.o
                0x00000000080039ee                _fstat
 .text._isatty  0x0000000008003a0e       0x16 ./Core/Src/syscalls.o
                0x0000000008003a0e                _isatty
 .text._lseek   0x0000000008003a24       0x1a ./Core/Src/syscalls.o
                0x0000000008003a24                _lseek
 *fill*         0x0000000008003a3e        0x2 
 .text._sbrk    0x0000000008003a40       0x6c ./Core/Src/sysmem.o
                0x0000000008003a40                _sbrk
 .text.SystemInit
                0x0000000008003aac       0x24 ./Core/Src/system_stm32f4xx.o
                0x0000000008003aac                SystemInit
 .text.MX_TIM2_Init
                0x0000000008003ad0       0x9c ./Core/Src/tim.o
                0x0000000008003ad0                MX_TIM2_Init
 .text.MX_TIM3_Init
                0x0000000008003b6c       0x9c ./Core/Src/tim.o
                0x0000000008003b6c                MX_TIM3_Init
 .text.MX_TIM4_Init
                0x0000000008003c08       0x9c ./Core/Src/tim.o
                0x0000000008003c08                MX_TIM4_Init
 .text.MX_TIM12_Init
                0x0000000008003ca4       0x74 ./Core/Src/tim.o
                0x0000000008003ca4                MX_TIM12_Init
 .text.HAL_TIM_Base_MspInit
                0x0000000008003d18      0x100 ./Core/Src/tim.o
                0x0000000008003d18                HAL_TIM_Base_MspInit
 .text.MX_USART1_UART_Init
                0x0000000008003e18       0x54 ./Core/Src/usart.o
                0x0000000008003e18                MX_USART1_UART_Init
 .text.MX_USART3_UART_Init
                0x0000000008003e6c       0x54 ./Core/Src/usart.o
                0x0000000008003e6c                MX_USART3_UART_Init
 .text.MX_USART6_UART_Init
                0x0000000008003ec0       0x54 ./Core/Src/usart.o
                0x0000000008003ec0                MX_USART6_UART_Init
 .text.HAL_UART_MspInit
                0x0000000008003f14      0x18c ./Core/Src/usart.o
                0x0000000008003f14                HAL_UART_MspInit
 .text.Reset_Handler
                0x00000000080040a0       0x50 ./Core/Startup/startup_stm32f407vetx.o
                0x00000000080040a0                Reset_Handler
 .text.Default_Handler
                0x00000000080040f0        0x2 ./Core/Startup/startup_stm32f407vetx.o
                0x00000000080040f0                RTC_Alarm_IRQHandler
                0x00000000080040f0                HASH_RNG_IRQHandler
                0x00000000080040f0                EXTI2_IRQHandler
                0x00000000080040f0                TIM8_CC_IRQHandler
                0x00000000080040f0                TIM1_CC_IRQHandler
                0x00000000080040f0                DMA2_Stream5_IRQHandler
                0x00000000080040f0                DMA1_Stream5_IRQHandler
                0x00000000080040f0                PVD_IRQHandler
                0x00000000080040f0                TAMP_STAMP_IRQHandler
                0x00000000080040f0                CAN2_RX1_IRQHandler
                0x00000000080040f0                EXTI3_IRQHandler
                0x00000000080040f0                TIM8_TRG_COM_TIM14_IRQHandler
                0x00000000080040f0                TIM1_UP_TIM10_IRQHandler
                0x00000000080040f0                TIM8_UP_TIM13_IRQHandler
                0x00000000080040f0                I2C3_ER_IRQHandler
                0x00000000080040f0                EXTI0_IRQHandler
                0x00000000080040f0                DMA1_Stream2_IRQHandler
                0x00000000080040f0                FPU_IRQHandler
                0x00000000080040f0                OTG_HS_WKUP_IRQHandler
                0x00000000080040f0                CAN2_SCE_IRQHandler
                0x00000000080040f0                DMA2_Stream2_IRQHandler
                0x00000000080040f0                SPI1_IRQHandler
                0x00000000080040f0                TIM6_DAC_IRQHandler
                0x00000000080040f0                TIM1_BRK_TIM9_IRQHandler
                0x00000000080040f0                DCMI_IRQHandler
                0x00000000080040f0                CAN2_RX0_IRQHandler
                0x00000000080040f0                CAN1_RX1_IRQHandler
                0x00000000080040f0                UART5_IRQHandler
                0x00000000080040f0                DMA2_Stream0_IRQHandler
                0x00000000080040f0                DMA1_Stream6_IRQHandler
                0x00000000080040f0                DMA1_Stream1_IRQHandler
                0x00000000080040f0                UART4_IRQHandler
                0x00000000080040f0                RCC_IRQHandler
                0x00000000080040f0                Default_Handler
                0x00000000080040f0                EXTI15_10_IRQHandler
                0x00000000080040f0                DMA1_Stream7_IRQHandler
                0x00000000080040f0                TIM7_IRQHandler
                0x00000000080040f0                CAN2_TX_IRQHandler
                0x00000000080040f0                TIM5_IRQHandler
                0x00000000080040f0                DMA2_Stream7_IRQHandler
                0x00000000080040f0                I2C3_EV_IRQHandler
                0x00000000080040f0                EXTI9_5_IRQHandler
                0x00000000080040f0                RTC_WKUP_IRQHandler
                0x00000000080040f0                ETH_WKUP_IRQHandler
                0x00000000080040f0                SPI2_IRQHandler
                0x00000000080040f0                OTG_HS_EP1_IN_IRQHandler
                0x00000000080040f0                DMA1_Stream0_IRQHandler
                0x00000000080040f0                EXTI4_IRQHandler
                0x00000000080040f0                FSMC_IRQHandler
                0x00000000080040f0                ETH_IRQHandler
                0x00000000080040f0                OTG_HS_EP1_OUT_IRQHandler
                0x00000000080040f0                WWDG_IRQHandler
                0x00000000080040f0                OTG_FS_WKUP_IRQHandler
                0x00000000080040f0                TIM1_TRG_COM_TIM11_IRQHandler
                0x00000000080040f0                OTG_HS_IRQHandler
                0x00000000080040f0                EXTI1_IRQHandler
                0x00000000080040f0                USART2_IRQHandler
                0x00000000080040f0                I2C2_ER_IRQHandler
                0x00000000080040f0                DMA2_Stream1_IRQHandler
                0x00000000080040f0                CAN1_SCE_IRQHandler
                0x00000000080040f0                FLASH_IRQHandler
                0x00000000080040f0                DMA2_Stream4_IRQHandler
                0x00000000080040f0                USART1_IRQHandler
                0x00000000080040f0                OTG_FS_IRQHandler
                0x00000000080040f0                SPI3_IRQHandler
                0x00000000080040f0                DMA1_Stream4_IRQHandler
                0x00000000080040f0                I2C1_ER_IRQHandler
                0x00000000080040f0                DMA1_Stream3_IRQHandler
 *fill*         0x00000000080040f2        0x2 
 .text.HAL_Init
                0x00000000080040f4       0x44 ./Drivers/STM32F4xx_HAL_Driver/Src/stm32f4xx_hal.o
                0x00000000080040f4                HAL_Init
 .text.HAL_InitTick
                0x0000000008004138       0x60 ./Drivers/STM32F4xx_HAL_Driver/Src/stm32f4xx_hal.o
                0x0000000008004138                HAL_InitTick
 .text.HAL_IncTick
                0x0000000008004198       0x28 ./Drivers/STM32F4xx_HAL_Driver/Src/stm32f4xx_hal.o
                0x0000000008004198                HAL_IncTick
 .text.HAL_GetTick
                0x00000000080041c0       0x18 ./Drivers/STM32F4xx_HAL_Driver/Src/stm32f4xx_hal.o
                0x00000000080041c0                HAL_GetTick
 .text.HAL_Delay
                0x00000000080041d8       0x48 ./Drivers/STM32F4xx_HAL_Driver/Src/stm32f4xx_hal.o
                0x00000000080041d8                HAL_Delay
 .text.HAL_ADC_Init
                0x0000000008004220       0x86 ./Drivers/STM32F4xx_HAL_Driver/Src/stm32f4xx_hal_adc.o
                0x0000000008004220                HAL_ADC_Init
 *fill*         0x00000000080042a6        0x2 
 .text.HAL_ADC_Start_IT
                0x00000000080042a8      0x1bc ./Drivers/STM32F4xx_HAL_Driver/Src/stm32f4xx_hal_adc.o
                0x00000000080042a8                HAL_ADC_Start_IT
 .text.HAL_ADC_IRQHandler
                0x0000000008004464      0x220 ./Drivers/STM32F4xx_HAL_Driver/Src/stm32f4xx_hal_adc.o
                0x0000000008004464                HAL_ADC_IRQHandler
 .text.HAL_ADC_GetValue
                0x0000000008004684       0x1a ./Drivers/STM32F4xx_HAL_Driver/Src/stm32f4xx_hal_adc.o
                0x0000000008004684                HAL_ADC_GetValue
 .text.HAL_ADC_LevelOutOfWindowCallback
                0x000000000800469e       0x14 ./Drivers/STM32F4xx_HAL_Driver/Src/stm32f4xx_hal_adc.o
                0x000000000800469e                HAL_ADC_LevelOutOfWindowCallback
 .text.HAL_ADC_ErrorCallback
                0x00000000080046b2       0x14 ./Drivers/STM32F4xx_HAL_Driver/Src/stm32f4xx_hal_adc.o
                0x00000000080046b2                HAL_ADC_ErrorCallback
 *fill*         0x00000000080046c6        0x2 
 .text.HAL_ADC_ConfigChannel
                0x00000000080046c8      0x244 ./Drivers/STM32F4xx_HAL_Driver/Src/stm32f4xx_hal_adc.o
                0x00000000080046c8                HAL_ADC_ConfigChannel
 .text.ADC_Init
                0x000000000800490c      0x1f8 ./Drivers/STM32F4xx_HAL_Driver/Src/stm32f4xx_hal_adc.o
 .text.HAL_ADCEx_InjectedConvCpltCallback
                0x0000000008004b04       0x14 ./Drivers/STM32F4xx_HAL_Driver/Src/stm32f4xx_hal_adc_ex.o
                0x0000000008004b04                HAL_ADCEx_InjectedConvCpltCallback
 .text.HAL_CAN_Init
                0x0000000008004b18      0x1f6 ./Drivers/STM32F4xx_HAL_Driver/Src/stm32f4xx_hal_can.o
                0x0000000008004b18                HAL_CAN_Init
 *fill*         0x0000000008004d0e        0x2 
 .text.HAL_CAN_ConfigFilter
                0x0000000008004d10      0x1c0 ./Drivers/STM32F4xx_HAL_Driver/Src/stm32f4xx_hal_can.o
                0x0000000008004d10                HAL_CAN_ConfigFilter
 .text.HAL_CAN_Start
                0x0000000008004ed0       0x88 ./Drivers/STM32F4xx_HAL_Driver/Src/stm32f4xx_hal_can.o
                0x0000000008004ed0                HAL_CAN_Start
 .text.HAL_CAN_GetRxMessage
                0x0000000008004f58      0x224 ./Drivers/STM32F4xx_HAL_Driver/Src/stm32f4xx_hal_can.o
                0x0000000008004f58                HAL_CAN_GetRxMessage
 .text.HAL_CAN_ActivateNotification
                0x000000000800517c       0x4c ./Drivers/STM32F4xx_HAL_Driver/Src/stm32f4xx_hal_can.o
                0x000000000800517c                HAL_CAN_ActivateNotification
 .text.HAL_CAN_DeactivateNotification
                0x00000000080051c8       0x4e ./Drivers/STM32F4xx_HAL_Driver/Src/stm32f4xx_hal_can.o
                0x00000000080051c8                HAL_CAN_DeactivateNotification
 .text.HAL_CAN_IRQHandler
                0x0000000008005216      0x36e ./Drivers/STM32F4xx_HAL_Driver/Src/stm32f4xx_hal_can.o
                0x0000000008005216                HAL_CAN_IRQHandler
 .text.HAL_CAN_TxMailbox0CompleteCallback
                0x0000000008005584       0x14 ./Drivers/STM32F4xx_HAL_Driver/Src/stm32f4xx_hal_can.o
                0x0000000008005584                HAL_CAN_TxMailbox0CompleteCallback
 .text.HAL_CAN_TxMailbox1CompleteCallback
                0x0000000008005598       0x14 ./Drivers/STM32F4xx_HAL_Driver/Src/stm32f4xx_hal_can.o
                0x0000000008005598                HAL_CAN_TxMailbox1CompleteCallback
 .text.HAL_CAN_TxMailbox2CompleteCallback
                0x00000000080055ac       0x14 ./Drivers/STM32F4xx_HAL_Driver/Src/stm32f4xx_hal_can.o
                0x00000000080055ac                HAL_CAN_TxMailbox2CompleteCallback
 .text.HAL_CAN_TxMailbox0AbortCallback
                0x00000000080055c0       0x14 ./Drivers/STM32F4xx_HAL_Driver/Src/stm32f4xx_hal_can.o
                0x00000000080055c0                HAL_CAN_TxMailbox0AbortCallback
 .text.HAL_CAN_TxMailbox1AbortCallback
                0x00000000080055d4       0x14 ./Drivers/STM32F4xx_HAL_Driver/Src/stm32f4xx_hal_can.o
                0x00000000080055d4                HAL_CAN_TxMailbox1AbortCallback
 .text.HAL_CAN_TxMailbox2AbortCallback
                0x00000000080055e8       0x14 ./Drivers/STM32F4xx_HAL_Driver/Src/stm32f4xx_hal_can.o
                0x00000000080055e8                HAL_CAN_TxMailbox2AbortCallback
 .text.HAL_CAN_RxFifo1MsgPendingCallback
                0x00000000080055fc       0x14 ./Drivers/STM32F4xx_HAL_Driver/Src/stm32f4xx_hal_can.o
                0x00000000080055fc                HAL_CAN_RxFifo1MsgPendingCallback
 .text.HAL_CAN_RxFifo1FullCallback
                0x0000000008005610       0x14 ./Drivers/STM32F4xx_HAL_Driver/Src/stm32f4xx_hal_can.o
                0x0000000008005610                HAL_CAN_RxFifo1FullCallback
 .text.HAL_CAN_SleepCallback
                0x0000000008005624       0x14 ./Drivers/STM32F4xx_HAL_Driver/Src/stm32f4xx_hal_can.o
                0x0000000008005624                HAL_CAN_SleepCallback
 .text.HAL_CAN_WakeUpFromRxMsgCallback
                0x0000000008005638       0x14 ./Drivers/STM32F4xx_HAL_Driver/Src/stm32f4xx_hal_can.o
                0x0000000008005638                HAL_CAN_WakeUpFromRxMsgCallback
 .text.__NVIC_SetPriorityGrouping
                0x000000000800564c       0x48 ./Drivers/STM32F4xx_HAL_Driver/Src/stm32f4xx_hal_cortex.o
 .text.__NVIC_GetPriorityGrouping
                0x0000000008005694       0x1c ./Drivers/STM32F4xx_HAL_Driver/Src/stm32f4xx_hal_cortex.o
 .text.__NVIC_EnableIRQ
                0x00000000080056b0       0x3c ./Drivers/STM32F4xx_HAL_Driver/Src/stm32f4xx_hal_cortex.o
 .text.__NVIC_SetPriority
                0x00000000080056ec       0x54 ./Drivers/STM32F4xx_HAL_Driver/Src/stm32f4xx_hal_cortex.o
 .text.NVIC_EncodePriority
                0x0000000008005740       0x66 ./Drivers/STM32F4xx_HAL_Driver/Src/stm32f4xx_hal_cortex.o
 *fill*         0x00000000080057a6        0x2 
 .text.SysTick_Config
                0x00000000080057a8       0x44 ./Drivers/STM32F4xx_HAL_Driver/Src/stm32f4xx_hal_cortex.o
 .text.HAL_NVIC_SetPriorityGrouping
                0x00000000080057ec       0x16 ./Drivers/STM32F4xx_HAL_Driver/Src/stm32f4xx_hal_cortex.o
                0x00000000080057ec                HAL_NVIC_SetPriorityGrouping
 .text.HAL_NVIC_SetPriority
                0x0000000008005802       0x38 ./Drivers/STM32F4xx_HAL_Driver/Src/stm32f4xx_hal_cortex.o
                0x0000000008005802                HAL_NVIC_SetPriority
 .text.HAL_NVIC_EnableIRQ
                0x000000000800583a       0x1c ./Drivers/STM32F4xx_HAL_Driver/Src/stm32f4xx_hal_cortex.o
                0x000000000800583a                HAL_NVIC_EnableIRQ
 .text.HAL_SYSTICK_Config
                0x0000000008005856       0x18 ./Drivers/STM32F4xx_HAL_Driver/Src/stm32f4xx_hal_cortex.o
                0x0000000008005856                HAL_SYSTICK_Config
 .text.HAL_SYSTICK_IRQHandler
                0x000000000800586e        0xc ./Drivers/STM32F4xx_HAL_Driver/Src/stm32f4xx_hal_cortex.o
                0x000000000800586e                HAL_SYSTICK_IRQHandler
 .text.HAL_SYSTICK_Callback
                0x000000000800587a        0xe ./Drivers/STM32F4xx_HAL_Driver/Src/stm32f4xx_hal_cortex.o
                0x000000000800587a                HAL_SYSTICK_Callback
 .text.HAL_DMA_Init
                0x0000000008005888      0x15c ./Drivers/STM32F4xx_HAL_Driver/Src/stm32f4xx_hal_dma.o
                0x0000000008005888                HAL_DMA_Init
 .text.HAL_DMA_Start_IT
                0x00000000080059e4       0xb0 ./Drivers/STM32F4xx_HAL_Driver/Src/stm32f4xx_hal_dma.o
                0x00000000080059e4                HAL_DMA_Start_IT
 .text.HAL_DMA_Abort
                0x0000000008005a94       0xe0 ./Drivers/STM32F4xx_HAL_Driver/Src/stm32f4xx_hal_dma.o
                0x0000000008005a94                HAL_DMA_Abort
 .text.HAL_DMA_Abort_IT
                0x0000000008005b74       0x44 ./Drivers/STM32F4xx_HAL_Driver/Src/stm32f4xx_hal_dma.o
                0x0000000008005b74                HAL_DMA_Abort_IT
 .text.HAL_DMA_IRQHandler
                0x0000000008005bb8      0x314 ./Drivers/STM32F4xx_HAL_Driver/Src/stm32f4xx_hal_dma.o
                0x0000000008005bb8                HAL_DMA_IRQHandler
 .text.HAL_DMA_GetState
                0x0000000008005ecc       0x1c ./Drivers/STM32F4xx_HAL_Driver/Src/stm32f4xx_hal_dma.o
                0x0000000008005ecc                HAL_DMA_GetState
 .text.HAL_DMA_GetError
                0x0000000008005ee8       0x18 ./Drivers/STM32F4xx_HAL_Driver/Src/stm32f4xx_hal_dma.o
                0x0000000008005ee8                HAL_DMA_GetError
 .text.DMA_SetConfig
                0x0000000008005f00       0x5c ./Drivers/STM32F4xx_HAL_Driver/Src/stm32f4xx_hal_dma.o
 .text.DMA_CalcBaseAndBitshift
                0x0000000008005f5c       0x6c ./Drivers/STM32F4xx_HAL_Driver/Src/stm32f4xx_hal_dma.o
 .text.DMA_CheckFifoParam
                0x0000000008005fc8       0xf8 ./Drivers/STM32F4xx_HAL_Driver/Src/stm32f4xx_hal_dma.o
 .text.HAL_GPIO_Init
                0x00000000080060c0      0x338 ./Drivers/STM32F4xx_HAL_Driver/Src/stm32f4xx_hal_gpio.o
                0x00000000080060c0                HAL_GPIO_Init
 .text.HAL_GPIO_ReadPin
                0x00000000080063f8       0x30 ./Drivers/STM32F4xx_HAL_Driver/Src/stm32f4xx_hal_gpio.o
                0x00000000080063f8                HAL_GPIO_ReadPin
 .text.HAL_GPIO_WritePin
                0x0000000008006428       0x32 ./Drivers/STM32F4xx_HAL_Driver/Src/stm32f4xx_hal_gpio.o
                0x0000000008006428                HAL_GPIO_WritePin
 *fill*         0x000000000800645a        0x2 
 .text.HAL_I2C_Init
                0x000000000800645c      0x288 ./Drivers/STM32F4xx_HAL_Driver/Src/stm32f4xx_hal_i2c.o
                0x000000000800645c                HAL_I2C_Init
 .text.HAL_I2C_Master_Transmit
                0x00000000080066e4      0x1fc ./Drivers/STM32F4xx_HAL_Driver/Src/stm32f4xx_hal_i2c.o
                0x00000000080066e4                HAL_I2C_Master_Transmit
 .text.HAL_I2C_EV_IRQHandler
                0x00000000080068e0      0x2e2 ./Drivers/STM32F4xx_HAL_Driver/Src/stm32f4xx_hal_i2c.o
                0x00000000080068e0                HAL_I2C_EV_IRQHandler
 .text.HAL_I2C_MasterTxCpltCallback
                0x0000000008006bc2       0x14 ./Drivers/STM32F4xx_HAL_Driver/Src/stm32f4xx_hal_i2c.o
                0x0000000008006bc2                HAL_I2C_MasterTxCpltCallback
 .text.HAL_I2C_MasterRxCpltCallback
                0x0000000008006bd6       0x14 ./Drivers/STM32F4xx_HAL_Driver/Src/stm32f4xx_hal_i2c.o
                0x0000000008006bd6                HAL_I2C_MasterRxCpltCallback
 .text.HAL_I2C_SlaveTxCpltCallback
                0x0000000008006bea       0x14 ./Drivers/STM32F4xx_HAL_Driver/Src/stm32f4xx_hal_i2c.o
                0x0000000008006bea                HAL_I2C_SlaveTxCpltCallback
 .text.HAL_I2C_SlaveRxCpltCallback
                0x0000000008006bfe       0x14 ./Drivers/STM32F4xx_HAL_Driver/Src/stm32f4xx_hal_i2c.o
                0x0000000008006bfe                HAL_I2C_SlaveRxCpltCallback
 .text.HAL_I2C_AddrCallback
                0x0000000008006c12       0x1c ./Drivers/STM32F4xx_HAL_Driver/Src/stm32f4xx_hal_i2c.o
                0x0000000008006c12                HAL_I2C_AddrCallback
 .text.HAL_I2C_ListenCpltCallback
                0x0000000008006c2e       0x14 ./Drivers/STM32F4xx_HAL_Driver/Src/stm32f4xx_hal_i2c.o
                0x0000000008006c2e                HAL_I2C_ListenCpltCallback
 .text.HAL_I2C_MemTxCpltCallback
                0x0000000008006c42       0x14 ./Drivers/STM32F4xx_HAL_Driver/Src/stm32f4xx_hal_i2c.o
                0x0000000008006c42                HAL_I2C_MemTxCpltCallback
 .text.HAL_I2C_MemRxCpltCallback
                0x0000000008006c56       0x14 ./Drivers/STM32F4xx_HAL_Driver/Src/stm32f4xx_hal_i2c.o
                0x0000000008006c56                HAL_I2C_MemRxCpltCallback
 .text.HAL_I2C_ErrorCallback
                0x0000000008006c6a       0x14 ./Drivers/STM32F4xx_HAL_Driver/Src/stm32f4xx_hal_i2c.o
                0x0000000008006c6a                HAL_I2C_ErrorCallback
 .text.HAL_I2C_AbortCpltCallback
                0x0000000008006c7e       0x14 ./Drivers/STM32F4xx_HAL_Driver/Src/stm32f4xx_hal_i2c.o
                0x0000000008006c7e                HAL_I2C_AbortCpltCallback
 .text.I2C_MasterTransmit_TXE
                0x0000000008006c92      0x138 ./Drivers/STM32F4xx_HAL_Driver/Src/stm32f4xx_hal_i2c.o
 .text.I2C_MasterTransmit_BTF
                0x0000000008006dca       0xec ./Drivers/STM32F4xx_HAL_Driver/Src/stm32f4xx_hal_i2c.o
 .text.I2C_MemoryTransmit_TXE_BTF
                0x0000000008006eb6      0x128 ./Drivers/STM32F4xx_HAL_Driver/Src/stm32f4xx_hal_i2c.o
 .text.I2C_MasterReceive_RXNE
                0x0000000008006fde      0x176 ./Drivers/STM32F4xx_HAL_Driver/Src/stm32f4xx_hal_i2c.o
 .text.I2C_MasterReceive_BTF
                0x0000000008007154      0x1d4 ./Drivers/STM32F4xx_HAL_Driver/Src/stm32f4xx_hal_i2c.o
 .text.I2C_Master_SB
                0x0000000008007328      0x10c ./Drivers/STM32F4xx_HAL_Driver/Src/stm32f4xx_hal_i2c.o
 .text.I2C_Master_ADD10
                0x0000000008007434       0x54 ./Drivers/STM32F4xx_HAL_Driver/Src/stm32f4xx_hal_i2c.o
 .text.I2C_Master_ADDR
                0x0000000008007488      0x322 ./Drivers/STM32F4xx_HAL_Driver/Src/stm32f4xx_hal_i2c.o
 .text.I2C_SlaveTransmit_TXE
                0x00000000080077aa       0x7a ./Drivers/STM32F4xx_HAL_Driver/Src/stm32f4xx_hal_i2c.o
 .text.I2C_SlaveTransmit_BTF
                0x0000000008007824       0x42 ./Drivers/STM32F4xx_HAL_Driver/Src/stm32f4xx_hal_i2c.o
 .text.I2C_SlaveReceive_RXNE
                0x0000000008007866       0x7c ./Drivers/STM32F4xx_HAL_Driver/Src/stm32f4xx_hal_i2c.o
 .text.I2C_SlaveReceive_BTF
                0x00000000080078e2       0x44 ./Drivers/STM32F4xx_HAL_Driver/Src/stm32f4xx_hal_i2c.o
 .text.I2C_Slave_ADDR
                0x0000000008007926       0x94 ./Drivers/STM32F4xx_HAL_Driver/Src/stm32f4xx_hal_i2c.o
 *fill*         0x00000000080079ba        0x2 
 .text.I2C_Slave_STOPF
                0x00000000080079bc      0x260 ./Drivers/STM32F4xx_HAL_Driver/Src/stm32f4xx_hal_i2c.o
 .text.I2C_ITError
                0x0000000008007c1c      0x264 ./Drivers/STM32F4xx_HAL_Driver/Src/stm32f4xx_hal_i2c.o
 .text.I2C_MasterRequestWrite
                0x0000000008007e80      0x104 ./Drivers/STM32F4xx_HAL_Driver/Src/stm32f4xx_hal_i2c.o
 .text.I2C_DMAAbort
                0x0000000008007f84      0x150 ./Drivers/STM32F4xx_HAL_Driver/Src/stm32f4xx_hal_i2c.o
 .text.I2C_WaitOnFlagUntilTimeout
                0x00000000080080d4       0xae ./Drivers/STM32F4xx_HAL_Driver/Src/stm32f4xx_hal_i2c.o
 .text.I2C_WaitOnMasterAddressFlagUntilTimeout
                0x0000000008008182       0xfe ./Drivers/STM32F4xx_HAL_Driver/Src/stm32f4xx_hal_i2c.o
 .text.I2C_WaitOnTXEFlagUntilTimeout
                0x0000000008008280       0x82 ./Drivers/STM32F4xx_HAL_Driver/Src/stm32f4xx_hal_i2c.o
 .text.I2C_WaitOnBTFFlagUntilTimeout
                0x0000000008008302       0x82 ./Drivers/STM32F4xx_HAL_Driver/Src/stm32f4xx_hal_i2c.o
 .text.I2C_WaitOnSTOPRequestThroughIT
                0x0000000008008384       0x64 ./Drivers/STM32F4xx_HAL_Driver/Src/stm32f4xx_hal_i2c.o
 .text.I2C_IsAcknowledgeFailed
                0x00000000080083e8       0x5e ./Drivers/STM32F4xx_HAL_Driver/Src/stm32f4xx_hal_i2c.o
 .text.I2C_ConvertOtherXferOptions
                0x0000000008008446       0x36 ./Drivers/STM32F4xx_HAL_Driver/Src/stm32f4xx_hal_i2c.o
 .text.HAL_RCC_OscConfig
                0x000000000800847c      0x4f0 ./Drivers/STM32F4xx_HAL_Driver/Src/stm32f4xx_hal_rcc.o
                0x000000000800847c                HAL_RCC_OscConfig
 .text.HAL_RCC_ClockConfig
                0x000000000800896c      0x1cc ./Drivers/STM32F4xx_HAL_Driver/Src/stm32f4xx_hal_rcc.o
                0x000000000800896c                HAL_RCC_ClockConfig
 .text.HAL_RCC_EnableCSS
                0x0000000008008b38       0x18 ./Drivers/STM32F4xx_HAL_Driver/Src/stm32f4xx_hal_rcc.o
                0x0000000008008b38                HAL_RCC_EnableCSS
 .text.HAL_RCC_GetSysClockFreq
                0x0000000008008b50      0x20c ./Drivers/STM32F4xx_HAL_Driver/Src/stm32f4xx_hal_rcc.o
                0x0000000008008b50                HAL_RCC_GetSysClockFreq
 .text.HAL_RCC_GetHCLKFreq
                0x0000000008008d5c       0x18 ./Drivers/STM32F4xx_HAL_Driver/Src/stm32f4xx_hal_rcc.o
                0x0000000008008d5c                HAL_RCC_GetHCLKFreq
 .text.HAL_RCC_GetPCLK1Freq
                0x0000000008008d74       0x28 ./Drivers/STM32F4xx_HAL_Driver/Src/stm32f4xx_hal_rcc.o
                0x0000000008008d74                HAL_RCC_GetPCLK1Freq
 .text.HAL_RCC_GetPCLK2Freq
                0x0000000008008d9c       0x28 ./Drivers/STM32F4xx_HAL_Driver/Src/stm32f4xx_hal_rcc.o
                0x0000000008008d9c                HAL_RCC_GetPCLK2Freq
 .text.HAL_RCC_NMI_IRQHandler
                0x0000000008008dc4       0x28 ./Drivers/STM32F4xx_HAL_Driver/Src/stm32f4xx_hal_rcc.o
                0x0000000008008dc4                HAL_RCC_NMI_IRQHandler
 .text.HAL_RCC_CSSCallback
                0x0000000008008dec        0xe ./Drivers/STM32F4xx_HAL_Driver/Src/stm32f4xx_hal_rcc.o
                0x0000000008008dec                HAL_RCC_CSSCallback
 *fill*         0x0000000008008dfa        0x2 
 .text.HAL_RCCEx_PeriphCLKConfig
                0x0000000008008dfc      0x1c4 ./Drivers/STM32F4xx_HAL_Driver/Src/stm32f4xx_hal_rcc_ex.o
                0x0000000008008dfc                HAL_RCCEx_PeriphCLKConfig
 .text.HAL_RTC_Init
                0x0000000008008fc0       0xec ./Drivers/STM32F4xx_HAL_Driver/Src/stm32f4xx_hal_rtc.o
                0x0000000008008fc0                HAL_RTC_Init
 .text.HAL_RTC_SetTime
                0x00000000080090ac      0x134 ./Drivers/STM32F4xx_HAL_Driver/Src/stm32f4xx_hal_rtc.o
                0x00000000080090ac                HAL_RTC_SetTime
 .text.HAL_RTC_GetTime
                0x00000000080091e0       0xbc ./Drivers/STM32F4xx_HAL_Driver/Src/stm32f4xx_hal_rtc.o
                0x00000000080091e0                HAL_RTC_GetTime
 .text.HAL_RTC_SetDate
                0x000000000800929c      0x108 ./Drivers/STM32F4xx_HAL_Driver/Src/stm32f4xx_hal_rtc.o
                0x000000000800929c                HAL_RTC_SetDate
 .text.HAL_RTC_GetDate
                0x00000000080093a4       0x9e ./Drivers/STM32F4xx_HAL_Driver/Src/stm32f4xx_hal_rtc.o
                0x00000000080093a4                HAL_RTC_GetDate
 .text.HAL_RTC_WaitForSynchro
                0x0000000008009442       0x50 ./Drivers/STM32F4xx_HAL_Driver/Src/stm32f4xx_hal_rtc.o
                0x0000000008009442                HAL_RTC_WaitForSynchro
 .text.RTC_EnterInitMode
                0x0000000008009492       0x6e ./Drivers/STM32F4xx_HAL_Driver/Src/stm32f4xx_hal_rtc.o
                0x0000000008009492                RTC_EnterInitMode
 .text.RTC_ExitInitMode
                0x0000000008009500       0x4a ./Drivers/STM32F4xx_HAL_Driver/Src/stm32f4xx_hal_rtc.o
                0x0000000008009500                RTC_ExitInitMode
 .text.RTC_ByteToBcd2
                0x000000000800954a       0x3a ./Drivers/STM32F4xx_HAL_Driver/Src/stm32f4xx_hal_rtc.o
                0x000000000800954a                RTC_ByteToBcd2
 .text.RTC_Bcd2ToByte
                0x0000000008009584       0x38 ./Drivers/STM32F4xx_HAL_Driver/Src/stm32f4xx_hal_rtc.o
                0x0000000008009584                RTC_Bcd2ToByte
 .text.HAL_RTCEx_BKUPWrite
                0x00000000080095bc       0x34 ./Drivers/STM32F4xx_HAL_Driver/Src/stm32f4xx_hal_rtc_ex.o
                0x00000000080095bc                HAL_RTCEx_BKUPWrite
 .text.HAL_RTCEx_BKUPRead
                0x00000000080095f0       0x30 ./Drivers/STM32F4xx_HAL_Driver/Src/stm32f4xx_hal_rtc_ex.o
                0x00000000080095f0                HAL_RTCEx_BKUPRead
 .text.HAL_SD_Init
                0x0000000008009620       0x60 ./Drivers/STM32F4xx_HAL_Driver/Src/stm32f4xx_hal_sd.o
                0x0000000008009620                HAL_SD_Init
 .text.HAL_SD_InitCard
                0x0000000008009680      0x100 ./Drivers/STM32F4xx_HAL_Driver/Src/stm32f4xx_hal_sd.o
                0x0000000008009680                HAL_SD_InitCard
 .text.HAL_SD_ReadBlocks_DMA
                0x0000000008009780      0x1c4 ./Drivers/STM32F4xx_HAL_Driver/Src/stm32f4xx_hal_sd.o
                0x0000000008009780                HAL_SD_ReadBlocks_DMA
 .text.HAL_SD_WriteBlocks_DMA
                0x0000000008009944      0x1cc ./Drivers/STM32F4xx_HAL_Driver/Src/stm32f4xx_hal_sd.o
                0x0000000008009944                HAL_SD_WriteBlocks_DMA
 .text.HAL_SD_IRQHandler
                0x0000000008009b10      0x30c ./Drivers/STM32F4xx_HAL_Driver/Src/stm32f4xx_hal_sd.o
                0x0000000008009b10                HAL_SD_IRQHandler
 .text.HAL_SD_ErrorCallback
                0x0000000008009e1c       0x14 ./Drivers/STM32F4xx_HAL_Driver/Src/stm32f4xx_hal_sd.o
                0x0000000008009e1c                HAL_SD_ErrorCallback
 .text.HAL_SD_GetCardCSD
                0x0000000008009e30      0x348 ./Drivers/STM32F4xx_HAL_Driver/Src/stm32f4xx_hal_sd.o
                0x0000000008009e30                HAL_SD_GetCardCSD
 .text.HAL_SD_GetCardInfo
                0x000000000800a178       0x58 ./Drivers/STM32F4xx_HAL_Driver/Src/stm32f4xx_hal_sd.o
                0x000000000800a178                HAL_SD_GetCardInfo
 .text.HAL_SD_ConfigWideBusOperation
                0x000000000800a1d0      0x134 ./Drivers/STM32F4xx_HAL_Driver/Src/stm32f4xx_hal_sd.o
                0x000000000800a1d0                HAL_SD_ConfigWideBusOperation
 .text.HAL_SD_GetCardState
                0x000000000800a304       0x40 ./Drivers/STM32F4xx_HAL_Driver/Src/stm32f4xx_hal_sd.o
                0x000000000800a304                HAL_SD_GetCardState
 .text.SD_DMATransmitCplt
                0x000000000800a344       0x2a ./Drivers/STM32F4xx_HAL_Driver/Src/stm32f4xx_hal_sd.o
 .text.SD_DMAReceiveCplt
                0x000000000800a36e       0x70 ./Drivers/STM32F4xx_HAL_Driver/Src/stm32f4xx_hal_sd.o
 *fill*         0x000000000800a3de        0x2 
 .text.SD_DMAError
                0x000000000800a3e0       0xa4 ./Drivers/STM32F4xx_HAL_Driver/Src/stm32f4xx_hal_sd.o
 .text.SD_DMATxAbort
                0x000000000800a484       0x6e ./Drivers/STM32F4xx_HAL_Driver/Src/stm32f4xx_hal_sd.o
 .text.SD_DMARxAbort
                0x000000000800a4f2       0x6e ./Drivers/STM32F4xx_HAL_Driver/Src/stm32f4xx_hal_sd.o
 .text.SD_InitCard
                0x000000000800a560      0x19c ./Drivers/STM32F4xx_HAL_Driver/Src/stm32f4xx_hal_sd.o
 .text.SD_PowerON
                0x000000000800a6fc      0x11c ./Drivers/STM32F4xx_HAL_Driver/Src/stm32f4xx_hal_sd.o
 .text.SD_SendStatus
                0x000000000800a818       0x50 ./Drivers/STM32F4xx_HAL_Driver/Src/stm32f4xx_hal_sd.o
 .text.SD_WideBus_Enable
                0x000000000800a868       0x96 ./Drivers/STM32F4xx_HAL_Driver/Src/stm32f4xx_hal_sd.o
 .text.SD_WideBus_Disable
                0x000000000800a8fe       0x96 ./Drivers/STM32F4xx_HAL_Driver/Src/stm32f4xx_hal_sd.o
 .text.SD_FindSCR
                0x000000000800a994      0x1a6 ./Drivers/STM32F4xx_HAL_Driver/Src/stm32f4xx_hal_sd.o
 .text.SD_Read_IT
                0x000000000800ab3a       0xa2 ./Drivers/STM32F4xx_HAL_Driver/Src/stm32f4xx_hal_sd.o
 .text.SD_Write_IT
                0x000000000800abdc       0xaa ./Drivers/STM32F4xx_HAL_Driver/Src/stm32f4xx_hal_sd.o
 .text.HAL_TIM_Base_Init
                0x000000000800ac86       0x9e ./Drivers/STM32F4xx_HAL_Driver/Src/stm32f4xx_hal_tim.o
                0x000000000800ac86                HAL_TIM_Base_Init
 .text.HAL_TIM_Base_Start_IT
                0x000000000800ad24       0xe0 ./Drivers/STM32F4xx_HAL_Driver/Src/stm32f4xx_hal_tim.o
                0x000000000800ad24                HAL_TIM_Base_Start_IT
 .text.HAL_TIM_Base_Stop_IT
                0x000000000800ae04       0x5e ./Drivers/STM32F4xx_HAL_Driver/Src/stm32f4xx_hal_tim.o
                0x000000000800ae04                HAL_TIM_Base_Stop_IT
 .text.HAL_TIM_IRQHandler
                0x000000000800ae62      0x210 ./Drivers/STM32F4xx_HAL_Driver/Src/stm32f4xx_hal_tim.o
                0x000000000800ae62                HAL_TIM_IRQHandler
 .text.HAL_TIM_ConfigClockSource
                0x000000000800b072      0x18e ./Drivers/STM32F4xx_HAL_Driver/Src/stm32f4xx_hal_tim.o
                0x000000000800b072                HAL_TIM_ConfigClockSource
 .text.HAL_TIM_OC_DelayElapsedCallback
                0x000000000800b200       0x14 ./Drivers/STM32F4xx_HAL_Driver/Src/stm32f4xx_hal_tim.o
                0x000000000800b200                HAL_TIM_OC_DelayElapsedCallback
 .text.HAL_TIM_IC_CaptureCallback
                0x000000000800b214       0x14 ./Drivers/STM32F4xx_HAL_Driver/Src/stm32f4xx_hal_tim.o
                0x000000000800b214                HAL_TIM_IC_CaptureCallback
 .text.HAL_TIM_PWM_PulseFinishedCallback
                0x000000000800b228       0x14 ./Drivers/STM32F4xx_HAL_Driver/Src/stm32f4xx_hal_tim.o
                0x000000000800b228                HAL_TIM_PWM_PulseFinishedCallback
 .text.HAL_TIM_TriggerCallback
                0x000000000800b23c       0x14 ./Drivers/STM32F4xx_HAL_Driver/Src/stm32f4xx_hal_tim.o
                0x000000000800b23c                HAL_TIM_TriggerCallback
 .text.TIM_Base_SetConfig
                0x000000000800b250      0x140 ./Drivers/STM32F4xx_HAL_Driver/Src/stm32f4xx_hal_tim.o
                0x000000000800b250                TIM_Base_SetConfig
 .text.TIM_TI1_ConfigInputStage
                0x000000000800b390       0x5e ./Drivers/STM32F4xx_HAL_Driver/Src/stm32f4xx_hal_tim.o
 .text.TIM_TI2_ConfigInputStage
                0x000000000800b3ee       0x60 ./Drivers/STM32F4xx_HAL_Driver/Src/stm32f4xx_hal_tim.o
 .text.TIM_ITRx_SetConfig
                0x000000000800b44e       0x36 ./Drivers/STM32F4xx_HAL_Driver/Src/stm32f4xx_hal_tim.o
 .text.TIM_ETR_SetConfig
                0x000000000800b484       0x40 ./Drivers/STM32F4xx_HAL_Driver/Src/stm32f4xx_hal_tim.o
                0x000000000800b484                TIM_ETR_SetConfig
 .text.HAL_TIMEx_MasterConfigSynchronization
                0x000000000800b4c4       0xf8 ./Drivers/STM32F4xx_HAL_Driver/Src/stm32f4xx_hal_tim_ex.o
                0x000000000800b4c4                HAL_TIMEx_MasterConfigSynchronization
 .text.HAL_TIMEx_CommutCallback
                0x000000000800b5bc       0x14 ./Drivers/STM32F4xx_HAL_Driver/Src/stm32f4xx_hal_tim_ex.o
                0x000000000800b5bc                HAL_TIMEx_CommutCallback
 .text.HAL_TIMEx_BreakCallback
                0x000000000800b5d0       0x14 ./Drivers/STM32F4xx_HAL_Driver/Src/stm32f4xx_hal_tim_ex.o
                0x000000000800b5d0                HAL_TIMEx_BreakCallback
 .text.HAL_UART_Init
                0x000000000800b5e4       0x9a ./Drivers/STM32F4xx_HAL_Driver/Src/stm32f4xx_hal_uart.o
                0x000000000800b5e4                HAL_UART_Init
 .text.HAL_UART_Transmit
                0x000000000800b67e      0x124 ./Drivers/STM32F4xx_HAL_Driver/Src/stm32f4xx_hal_uart.o
                0x000000000800b67e                HAL_UART_Transmit
 .text.HAL_UART_Receive_IT
                0x000000000800b7a2       0x60 ./Drivers/STM32F4xx_HAL_Driver/Src/stm32f4xx_hal_uart.o
                0x000000000800b7a2                HAL_UART_Receive_IT
 *fill*         0x000000000800b802        0x2 
 .text.HAL_UART_IRQHandler
                0x000000000800b804      0x51c ./Drivers/STM32F4xx_HAL_Driver/Src/stm32f4xx_hal_uart.o
                0x000000000800b804                HAL_UART_IRQHandler
 .text.HAL_UART_TxCpltCallback
                0x000000000800bd20       0x14 ./Drivers/STM32F4xx_HAL_Driver/Src/stm32f4xx_hal_uart.o
                0x000000000800bd20                HAL_UART_TxCpltCallback
 .text.HAL_UART_ErrorCallback
                0x000000000800bd34       0x14 ./Drivers/STM32F4xx_HAL_Driver/Src/stm32f4xx_hal_uart.o
                0x000000000800bd34                HAL_UART_ErrorCallback
 .text.HAL_UARTEx_RxEventCallback
                0x000000000800bd48       0x18 ./Drivers/STM32F4xx_HAL_Driver/Src/stm32f4xx_hal_uart.o
                0x000000000800bd48                HAL_UARTEx_RxEventCallback
 .text.UART_WaitOnFlagUntilTimeout
                0x000000000800bd60       0xdc ./Drivers/STM32F4xx_HAL_Driver/Src/stm32f4xx_hal_uart.o
 .text.UART_Start_Receive_IT
                0x000000000800be3c       0x7c ./Drivers/STM32F4xx_HAL_Driver/Src/stm32f4xx_hal_uart.o
                0x000000000800be3c                UART_Start_Receive_IT
 .text.UART_EndRxTransfer
                0x000000000800beb8       0xc6 ./Drivers/STM32F4xx_HAL_Driver/Src/stm32f4xx_hal_uart.o
 .text.UART_DMAAbortOnError
                0x000000000800bf7e       0x28 ./Drivers/STM32F4xx_HAL_Driver/Src/stm32f4xx_hal_uart.o
 .text.UART_Transmit_IT
                0x000000000800bfa6       0xa0 ./Drivers/STM32F4xx_HAL_Driver/Src/stm32f4xx_hal_uart.o
 .text.UART_EndTransmit_IT
                0x000000000800c046       0x30 ./Drivers/STM32F4xx_HAL_Driver/Src/stm32f4xx_hal_uart.o
 .text.UART_Receive_IT
                0x000000000800c076      0x176 ./Drivers/STM32F4xx_HAL_Driver/Src/stm32f4xx_hal_uart.o
 .text.UART_SetConfig
                0x000000000800c1ec      0x4e8 ./Drivers/STM32F4xx_HAL_Driver/Src/stm32f4xx_hal_uart.o
 .text.SDIO_Init
                0x000000000800c6d4       0x56 ./Drivers/STM32F4xx_HAL_Driver/Src/stm32f4xx_ll_sdmmc.o
                0x000000000800c6d4                SDIO_Init
 .text.SDIO_ReadFIFO
                0x000000000800c72a       0x1a ./Drivers/STM32F4xx_HAL_Driver/Src/stm32f4xx_ll_sdmmc.o
                0x000000000800c72a                SDIO_ReadFIFO
 .text.SDIO_WriteFIFO
                0x000000000800c744       0x22 ./Drivers/STM32F4xx_HAL_Driver/Src/stm32f4xx_ll_sdmmc.o
                0x000000000800c744                SDIO_WriteFIFO
 .text.SDIO_PowerState_ON
                0x000000000800c766       0x1c ./Drivers/STM32F4xx_HAL_Driver/Src/stm32f4xx_ll_sdmmc.o
                0x000000000800c766                SDIO_PowerState_ON
 .text.SDIO_GetPowerState
                0x000000000800c782       0x1c ./Drivers/STM32F4xx_HAL_Driver/Src/stm32f4xx_ll_sdmmc.o
                0x000000000800c782                SDIO_GetPowerState
 .text.SDIO_SendCommand
                0x000000000800c79e       0x54 ./Drivers/STM32F4xx_HAL_Driver/Src/stm32f4xx_ll_sdmmc.o
                0x000000000800c79e                SDIO_SendCommand
 .text.SDIO_GetCommandResponse
                0x000000000800c7f2       0x1a ./Drivers/STM32F4xx_HAL_Driver/Src/stm32f4xx_ll_sdmmc.o
                0x000000000800c7f2                SDIO_GetCommandResponse
 .text.SDIO_GetResponse
                0x000000000800c80c       0x26 ./Drivers/STM32F4xx_HAL_Driver/Src/stm32f4xx_ll_sdmmc.o
                0x000000000800c80c                SDIO_GetResponse
 .text.SDIO_ConfigData
                0x000000000800c832       0x58 ./Drivers/STM32F4xx_HAL_Driver/Src/stm32f4xx_ll_sdmmc.o
                0x000000000800c832                SDIO_ConfigData
 .text.SDMMC_CmdBlockLength
                0x000000000800c88a       0x44 ./Drivers/STM32F4xx_HAL_Driver/Src/stm32f4xx_ll_sdmmc.o
                0x000000000800c88a                SDMMC_CmdBlockLength
 .text.SDMMC_CmdReadSingleBlock
                0x000000000800c8ce       0x44 ./Drivers/STM32F4xx_HAL_Driver/Src/stm32f4xx_ll_sdmmc.o
                0x000000000800c8ce                SDMMC_CmdReadSingleBlock
 .text.SDMMC_CmdReadMultiBlock
                0x000000000800c912       0x44 ./Drivers/STM32F4xx_HAL_Driver/Src/stm32f4xx_ll_sdmmc.o
                0x000000000800c912                SDMMC_CmdReadMultiBlock
 .text.SDMMC_CmdWriteSingleBlock
                0x000000000800c956       0x44 ./Drivers/STM32F4xx_HAL_Driver/Src/stm32f4xx_ll_sdmmc.o
                0x000000000800c956                SDMMC_CmdWriteSingleBlock
 .text.SDMMC_CmdWriteMultiBlock
                0x000000000800c99a       0x44 ./Drivers/STM32F4xx_HAL_Driver/Src/stm32f4xx_ll_sdmmc.o
                0x000000000800c99a                SDMMC_CmdWriteMultiBlock
 *fill*         0x000000000800c9de        0x2 
 .text.SDMMC_CmdStopTransfer
                0x000000000800c9e0       0x44 ./Drivers/STM32F4xx_HAL_Driver/Src/stm32f4xx_ll_sdmmc.o
                0x000000000800c9e0                SDMMC_CmdStopTransfer
 .text.SDMMC_CmdSelDesel
                0x000000000800ca24       0x46 ./Drivers/STM32F4xx_HAL_Driver/Src/stm32f4xx_ll_sdmmc.o
                0x000000000800ca24                SDMMC_CmdSelDesel
 .text.SDMMC_CmdGoIdleState
                0x000000000800ca6a       0x3c ./Drivers/STM32F4xx_HAL_Driver/Src/stm32f4xx_ll_sdmmc.o
                0x000000000800ca6a                SDMMC_CmdGoIdleState
 .text.SDMMC_CmdOperCond
                0x000000000800caa6       0x3e ./Drivers/STM32F4xx_HAL_Driver/Src/stm32f4xx_ll_sdmmc.o
                0x000000000800caa6                SDMMC_CmdOperCond
 .text.SDMMC_CmdAppCommand
                0x000000000800cae4       0x44 ./Drivers/STM32F4xx_HAL_Driver/Src/stm32f4xx_ll_sdmmc.o
                0x000000000800cae4                SDMMC_CmdAppCommand
 .text.SDMMC_CmdAppOperCommand
                0x000000000800cb28       0x46 ./Drivers/STM32F4xx_HAL_Driver/Src/stm32f4xx_ll_sdmmc.o
                0x000000000800cb28                SDMMC_CmdAppOperCommand
 .text.SDMMC_CmdBusWidth
                0x000000000800cb6e       0x44 ./Drivers/STM32F4xx_HAL_Driver/Src/stm32f4xx_ll_sdmmc.o
                0x000000000800cb6e                SDMMC_CmdBusWidth
 .text.SDMMC_CmdSendSCR
                0x000000000800cbb2       0x42 ./Drivers/STM32F4xx_HAL_Driver/Src/stm32f4xx_ll_sdmmc.o
                0x000000000800cbb2                SDMMC_CmdSendSCR
 .text.SDMMC_CmdSendCID
                0x000000000800cbf4       0x3c ./Drivers/STM32F4xx_HAL_Driver/Src/stm32f4xx_ll_sdmmc.o
                0x000000000800cbf4                SDMMC_CmdSendCID
 .text.SDMMC_CmdSendCSD
                0x000000000800cc30       0x3e ./Drivers/STM32F4xx_HAL_Driver/Src/stm32f4xx_ll_sdmmc.o
                0x000000000800cc30                SDMMC_CmdSendCSD
 .text.SDMMC_CmdSetRelAdd
                0x000000000800cc6e       0x42 ./Drivers/STM32F4xx_HAL_Driver/Src/stm32f4xx_ll_sdmmc.o
                0x000000000800cc6e                SDMMC_CmdSetRelAdd
 .text.SDMMC_CmdSendStatus
                0x000000000800ccb0       0x44 ./Drivers/STM32F4xx_HAL_Driver/Src/stm32f4xx_ll_sdmmc.o
                0x000000000800ccb0                SDMMC_CmdSendStatus
 .text.SDMMC_GetCmdResp1
                0x000000000800ccf4      0x1dc ./Drivers/STM32F4xx_HAL_Driver/Src/stm32f4xx_ll_sdmmc.o
                0x000000000800ccf4                SDMMC_GetCmdResp1
 .text.SDMMC_GetCmdResp2
                0x000000000800ced0       0x90 ./Drivers/STM32F4xx_HAL_Driver/Src/stm32f4xx_ll_sdmmc.o
                0x000000000800ced0                SDMMC_GetCmdResp2
 .text.SDMMC_GetCmdResp3
                0x000000000800cf60       0x7c ./Drivers/STM32F4xx_HAL_Driver/Src/stm32f4xx_ll_sdmmc.o
                0x000000000800cf60                SDMMC_GetCmdResp3
 .text.SDMMC_GetCmdResp6
                0x000000000800cfdc       0xec ./Drivers/STM32F4xx_HAL_Driver/Src/stm32f4xx_ll_sdmmc.o
                0x000000000800cfdc                SDMMC_GetCmdResp6
 .text.SDMMC_GetCmdResp7
                0x000000000800d0c8       0x9c ./Drivers/STM32F4xx_HAL_Driver/Src/stm32f4xx_ll_sdmmc.o
                0x000000000800d0c8                SDMMC_GetCmdResp7
 .text.SDMMC_GetCmdError
                0x000000000800d164       0x58 ./Drivers/STM32F4xx_HAL_Driver/Src/stm32f4xx_ll_sdmmc.o
 .text.MX_FATFS_Init
                0x000000000800d1bc       0x24 ./FATFS/App/fatfs.o
                0x000000000800d1bc                MX_FATFS_Init
 .text.get_fattime
                0x000000000800d1e0       0x10 ./FATFS/App/fatfs.o
                0x000000000800d1e0                get_fattime
 .text.BSP_SD_Init
                0x000000000800d1f0       0x4c ./FATFS/Target/bsp_driver_sd.o
                0x000000000800d1f0                BSP_SD_Init
 .text.BSP_SD_ReadBlocks_DMA
                0x000000000800d23c       0x34 ./FATFS/Target/bsp_driver_sd.o
                0x000000000800d23c                BSP_SD_ReadBlocks_DMA
 .text.BSP_SD_WriteBlocks_DMA
                0x000000000800d270       0x34 ./FATFS/Target/bsp_driver_sd.o
                0x000000000800d270                BSP_SD_WriteBlocks_DMA
 .text.BSP_SD_GetCardState
                0x000000000800d2a4       0x20 ./FATFS/Target/bsp_driver_sd.o
                0x000000000800d2a4                BSP_SD_GetCardState
 .text.BSP_SD_GetCardInfo
                0x000000000800d2c4       0x1c ./FATFS/Target/bsp_driver_sd.o
                0x000000000800d2c4                BSP_SD_GetCardInfo
 .text.HAL_SD_AbortCallback
                0x000000000800d2e0       0x14 ./FATFS/Target/bsp_driver_sd.o
                0x000000000800d2e0                HAL_SD_AbortCallback
 .text.HAL_SD_TxCpltCallback
                0x000000000800d2f4       0x14 ./FATFS/Target/bsp_driver_sd.o
                0x000000000800d2f4                HAL_SD_TxCpltCallback
 .text.HAL_SD_RxCpltCallback
                0x000000000800d308       0x14 ./FATFS/Target/bsp_driver_sd.o
                0x000000000800d308                HAL_SD_RxCpltCallback
 .text.BSP_SD_AbortCallback
                0x000000000800d31c        0xe ./FATFS/Target/bsp_driver_sd.o
                0x000000000800d31c                BSP_SD_AbortCallback
 .text.BSP_SD_WriteCpltCallback
                0x000000000800d32a        0xe ./FATFS/Target/bsp_driver_sd.o
                0x000000000800d32a                BSP_SD_WriteCpltCallback
 .text.BSP_SD_ReadCpltCallback
                0x000000000800d338        0xe ./FATFS/Target/bsp_driver_sd.o
                0x000000000800d338                BSP_SD_ReadCpltCallback
 .text.BSP_SD_IsDetected
                0x000000000800d346       0x1a ./FATFS/Target/bsp_driver_sd.o
                0x000000000800d346                BSP_SD_IsDetected
 .text.SD_CheckStatus
                0x000000000800d360       0x3c ./FATFS/Target/sd_diskio.o
 .text.SD_initialize
                0x000000000800d39c       0x3c ./FATFS/Target/sd_diskio.o
                0x000000000800d39c                SD_initialize
 .text.SD_status
                0x000000000800d3d8       0x1c ./FATFS/Target/sd_diskio.o
                0x000000000800d3d8                SD_status
 .text.SD_read  0x000000000800d3f4       0x3e ./FATFS/Target/sd_diskio.o
                0x000000000800d3f4                SD_read
 .text.SD_write
                0x000000000800d432       0x3e ./FATFS/Target/sd_diskio.o
                0x000000000800d432                SD_write
 .text.SD_ioctl
                0x000000000800d470       0xb0 ./FATFS/Target/sd_diskio.o
                0x000000000800d470                SD_ioctl
 .text.disk_status
                0x000000000800d520       0x34 ./Middlewares/Third_Party/FatFs/src/diskio.o
                0x000000000800d520                disk_status
 .text.disk_initialize
                0x000000000800d554       0x4c ./Middlewares/Third_Party/FatFs/src/diskio.o
                0x000000000800d554                disk_initialize
 .text.disk_read
                0x000000000800d5a0       0x40 ./Middlewares/Third_Party/FatFs/src/diskio.o
                0x000000000800d5a0                disk_read
 .text.disk_write
                0x000000000800d5e0       0x40 ./Middlewares/Third_Party/FatFs/src/diskio.o
                0x000000000800d5e0                disk_write
 .text.disk_ioctl
                0x000000000800d620       0x3c ./Middlewares/Third_Party/FatFs/src/diskio.o
                0x000000000800d620                disk_ioctl
 .text.ld_word  0x000000000800d65c       0x30 ./Middlewares/Third_Party/FatFs/src/ff.o
 .text.ld_dword
                0x000000000800d68c       0x46 ./Middlewares/Third_Party/FatFs/src/ff.o
 .text.st_word  0x000000000800d6d2       0x36 ./Middlewares/Third_Party/FatFs/src/ff.o
 .text.st_dword
                0x000000000800d708       0x58 ./Middlewares/Third_Party/FatFs/src/ff.o
 .text.mem_cpy  0x000000000800d760       0x42 ./Middlewares/Third_Party/FatFs/src/ff.o
 .text.mem_set  0x000000000800d7a2       0x36 ./Middlewares/Third_Party/FatFs/src/ff.o
 .text.mem_cmp  0x000000000800d7d8       0x4e ./Middlewares/Third_Party/FatFs/src/ff.o
 .text.chk_chr  0x000000000800d826       0x36 ./Middlewares/Third_Party/FatFs/src/ff.o
 .text.chk_lock
                0x000000000800d85c       0xb8 ./Middlewares/Third_Party/FatFs/src/ff.o
 .text.enq_lock
                0x000000000800d914       0x44 ./Middlewares/Third_Party/FatFs/src/ff.o
 .text.inc_lock
                0x000000000800d958      0x11c ./Middlewares/Third_Party/FatFs/src/ff.o
 .text.dec_lock
                0x000000000800da74       0x78 ./Middlewares/Third_Party/FatFs/src/ff.o
 .text.clear_lock
                0x000000000800daec       0x48 ./Middlewares/Third_Party/FatFs/src/ff.o
 .text.sync_window
                0x000000000800db34       0x88 ./Middlewares/Third_Party/FatFs/src/ff.o
 .text.move_window
                0x000000000800dbbc       0x5a ./Middlewares/Third_Party/FatFs/src/ff.o
 *fill*         0x000000000800dc16        0x2 
 .text.sync_fs  0x000000000800dc18       0xe0 ./Middlewares/Third_Party/FatFs/src/ff.o
 .text.clust2sect
                0x000000000800dcf8       0x3e ./Middlewares/Third_Party/FatFs/src/ff.o
 .text.get_fat  0x000000000800dd36      0x1a8 ./Middlewares/Third_Party/FatFs/src/ff.o
 .text.put_fat  0x000000000800dede      0x238 ./Middlewares/Third_Party/FatFs/src/ff.o
 .text.remove_chain
                0x000000000800e116       0xca ./Middlewares/Third_Party/FatFs/src/ff.o
 .text.create_chain
                0x000000000800e1e0      0x130 ./Middlewares/Third_Party/FatFs/src/ff.o
 .text.clmt_clust
                0x000000000800e310       0x70 ./Middlewares/Third_Party/FatFs/src/ff.o
 .text.dir_sdi  0x000000000800e380      0x112 ./Middlewares/Third_Party/FatFs/src/ff.o
 .text.dir_next
                0x000000000800e492      0x1ac ./Middlewares/Third_Party/FatFs/src/ff.o
 .text.dir_alloc
                0x000000000800e63e       0x8e ./Middlewares/Third_Party/FatFs/src/ff.o
 .text.ld_clust
                0x000000000800e6cc       0x3e ./Middlewares/Third_Party/FatFs/src/ff.o
 .text.st_clust
                0x000000000800e70a       0x40 ./Middlewares/Third_Party/FatFs/src/ff.o
 *fill*         0x000000000800e74a        0x2 
 .text.cmp_lfn  0x000000000800e74c       0xe0 ./Middlewares/Third_Party/FatFs/src/ff.o
 .text.put_lfn  0x000000000800e82c       0xd0 ./Middlewares/Third_Party/FatFs/src/ff.o
 .text.gen_numname
                0x000000000800e8fc      0x11c ./Middlewares/Third_Party/FatFs/src/ff.o
 .text.sum_sfn  0x000000000800ea18       0x42 ./Middlewares/Third_Party/FatFs/src/ff.o
 .text.dir_find
                0x000000000800ea5a      0x180 ./Middlewares/Third_Party/FatFs/src/ff.o
 *fill*         0x000000000800ebda        0x2 
 .text.dir_register
                0x000000000800ebdc      0x1f0 ./Middlewares/Third_Party/FatFs/src/ff.o
 .text.create_name
                0x000000000800edcc      0x370 ./Middlewares/Third_Party/FatFs/src/ff.o
 .text.follow_path
                0x000000000800f13c       0xec ./Middlewares/Third_Party/FatFs/src/ff.o
 .text.get_ldnumber
                0x000000000800f228       0x88 ./Middlewares/Third_Party/FatFs/src/ff.o
 .text.check_fs
                0x000000000800f2b0       0xac ./Middlewares/Third_Party/FatFs/src/ff.o
 .text.find_volume
                0x000000000800f35c      0x50c ./Middlewares/Third_Party/FatFs/src/ff.o
 .text.validate
                0x000000000800f868       0x6a ./Middlewares/Third_Party/FatFs/src/ff.o
 *fill*         0x000000000800f8d2        0x2 
 .text.f_mount  0x000000000800f8d4       0x8c ./Middlewares/Third_Party/FatFs/src/ff.o
                0x000000000800f8d4                f_mount
 .text.f_open   0x000000000800f960      0x398 ./Middlewares/Third_Party/FatFs/src/ff.o
                0x000000000800f960                f_open
 .text.f_write  0x000000000800fcf8      0x328 ./Middlewares/Third_Party/FatFs/src/ff.o
                0x000000000800fcf8                f_write
 .text.f_sync   0x0000000008010020       0xfc ./Middlewares/Third_Party/FatFs/src/ff.o
                0x0000000008010020                f_sync
 .text.f_close  0x000000000801011c       0x54 ./Middlewares/Third_Party/FatFs/src/ff.o
                0x000000000801011c                f_close
 .text.FATFS_LinkDriverEx
                0x0000000008010170       0x98 ./Middlewares/Third_Party/FatFs/src/ff_gen_drv.o
                0x0000000008010170                FATFS_LinkDriverEx
 .text.FATFS_LinkDriver
                0x0000000008010208       0x1e ./Middlewares/Third_Party/FatFs/src/ff_gen_drv.o
                0x0000000008010208                FATFS_LinkDriver
 *fill*         0x0000000008010226        0x2 
 .text.ff_convert
                0x0000000008010228       0x78 ./Middlewares/Third_Party/FatFs/src/option/ccsbcs.o
                0x0000000008010228                ff_convert
 .text.ff_wtoupper
                0x00000000080102a0      0x114 ./Middlewares/Third_Party/FatFs/src/option/ccsbcs.o
                0x00000000080102a0                ff_wtoupper
 .text.__errno  0x00000000080103b4        0xc c:/st/stm32cubeide_1.10.1/stm32cubeide/plugins/com.st.stm32cube.ide.mcu.externaltools.gnu-tools-for-stm32.10.3-2021.10.win32_1.0.0.202111181127/tools/bin/../lib/gcc/arm-none-eabi/10.3.1/../../../../arm-none-eabi/lib/thumb/v7e-m+fp/hard\libc_nano.a(lib_a-errno.o)
                0x00000000080103b4                __errno
 .text.__libc_init_array
                0x00000000080103c0       0x48 c:/st/stm32cubeide_1.10.1/stm32cubeide/plugins/com.st.stm32cube.ide.mcu.externaltools.gnu-tools-for-stm32.10.3-2021.10.win32_1.0.0.202111181127/tools/bin/../lib/gcc/arm-none-eabi/10.3.1/../../../../arm-none-eabi/lib/thumb/v7e-m+fp/hard\libc_nano.a(lib_a-init.o)
                0x00000000080103c0                __libc_init_array
 .text.malloc   0x0000000008010408       0x10 c:/st/stm32cubeide_1.10.1/stm32cubeide/plugins/com.st.stm32cube.ide.mcu.externaltools.gnu-tools-for-stm32.10.3-2021.10.win32_1.0.0.202111181127/tools/bin/../lib/gcc/arm-none-eabi/10.3.1/../../../../arm-none-eabi/lib/thumb/v7e-m+fp/hard\libc_nano.a(lib_a-malloc.o)
                0x0000000008010408                malloc
 .text.free     0x0000000008010418       0x10 c:/st/stm32cubeide_1.10.1/stm32cubeide/plugins/com.st.stm32cube.ide.mcu.externaltools.gnu-tools-for-stm32.10.3-2021.10.win32_1.0.0.202111181127/tools/bin/../lib/gcc/arm-none-eabi/10.3.1/../../../../arm-none-eabi/lib/thumb/v7e-m+fp/hard\libc_nano.a(lib_a-malloc.o)
                0x0000000008010418                free
 .text.memset   0x0000000008010428       0x10 c:/st/stm32cubeide_1.10.1/stm32cubeide/plugins/com.st.stm32cube.ide.mcu.externaltools.gnu-tools-for-stm32.10.3-2021.10.win32_1.0.0.202111181127/tools/bin/../lib/gcc/arm-none-eabi/10.3.1/../../../../arm-none-eabi/lib/thumb/v7e-m+fp/hard\libc_nano.a(lib_a-memset.o)
                0x0000000008010428                memset
 .text._free_r  0x0000000008010438       0x98 c:/st/stm32cubeide_1.10.1/stm32cubeide/plugins/com.st.stm32cube.ide.mcu.externaltools.gnu-tools-for-stm32.10.3-2021.10.win32_1.0.0.202111181127/tools/bin/../lib/gcc/arm-none-eabi/10.3.1/../../../../arm-none-eabi/lib/thumb/v7e-m+fp/hard\libc_nano.a(lib_a-nano-freer.o)
                0x0000000008010438                _free_r
 .text.sbrk_aligned
                0x00000000080104d0       0x40 c:/st/stm32cubeide_1.10.1/stm32cubeide/plugins/com.st.stm32cube.ide.mcu.externaltools.gnu-tools-for-stm32.10.3-2021.10.win32_1.0.0.202111181127/tools/bin/../lib/gcc/arm-none-eabi/10.3.1/../../../../arm-none-eabi/lib/thumb/v7e-m+fp/hard\libc_nano.a(lib_a-nano-mallocr.o)
 .text._malloc_r
                0x0000000008010510       0xe8 c:/st/stm32cubeide_1.10.1/stm32cubeide/plugins/com.st.stm32cube.ide.mcu.externaltools.gnu-tools-for-stm32.10.3-2021.10.win32_1.0.0.202111181127/tools/bin/../lib/gcc/arm-none-eabi/10.3.1/../../../../arm-none-eabi/lib/thumb/v7e-m+fp/hard\libc_nano.a(lib_a-nano-mallocr.o)
                0x0000000008010510                _malloc_r
 .text.printf   0x00000000080105f8       0x30 c:/st/stm32cubeide_1.10.1/stm32cubeide/plugins/com.st.stm32cube.ide.mcu.externaltools.gnu-tools-for-stm32.10.3-2021.10.win32_1.0.0.202111181127/tools/bin/../lib/gcc/arm-none-eabi/10.3.1/../../../../arm-none-eabi/lib/thumb/v7e-m+fp/hard\libc_nano.a(lib_a-printf.o)
                0x00000000080105f8                iprintf
                0x00000000080105f8                printf
 .text._puts_r  0x0000000008010628       0xdc c:/st/stm32cubeide_1.10.1/stm32cubeide/plugins/com.st.stm32cube.ide.mcu.externaltools.gnu-tools-for-stm32.10.3-2021.10.win32_1.0.0.202111181127/tools/bin/../lib/gcc/arm-none-eabi/10.3.1/../../../../arm-none-eabi/lib/thumb/v7e-m+fp/hard\libc_nano.a(lib_a-puts.o)
                0x0000000008010628                _puts_r
 .text.puts     0x0000000008010704       0x10 c:/st/stm32cubeide_1.10.1/stm32cubeide/plugins/com.st.stm32cube.ide.mcu.externaltools.gnu-tools-for-stm32.10.3-2021.10.win32_1.0.0.202111181127/tools/bin/../lib/gcc/arm-none-eabi/10.3.1/../../../../arm-none-eabi/lib/thumb/v7e-m+fp/hard\libc_nano.a(lib_a-puts.o)
                0x0000000008010704                puts
 .text._sbrk_r  0x0000000008010714       0x20 c:/st/stm32cubeide_1.10.1/stm32cubeide/plugins/com.st.stm32cube.ide.mcu.externaltools.gnu-tools-for-stm32.10.3-2021.10.win32_1.0.0.202111181127/tools/bin/../lib/gcc/arm-none-eabi/10.3.1/../../../../arm-none-eabi/lib/thumb/v7e-m+fp/hard\libc_nano.a(lib_a-sbrkr.o)
                0x0000000008010714                _sbrk_r
 .text.sprintf  0x0000000008010734       0x40 c:/st/stm32cubeide_1.10.1/stm32cubeide/plugins/com.st.stm32cube.ide.mcu.externaltools.gnu-tools-for-stm32.10.3-2021.10.win32_1.0.0.202111181127/tools/bin/../lib/gcc/arm-none-eabi/10.3.1/../../../../arm-none-eabi/lib/thumb/v7e-m+fp/hard\libc_nano.a(lib_a-sprintf.o)
                0x0000000008010734                siprintf
                0x0000000008010734                sprintf
 .text.strchr   0x0000000008010774       0x1a c:/st/stm32cubeide_1.10.1/stm32cubeide/plugins/com.st.stm32cube.ide.mcu.externaltools.gnu-tools-for-stm32.10.3-2021.10.win32_1.0.0.202111181127/tools/bin/../lib/gcc/arm-none-eabi/10.3.1/../../../../arm-none-eabi/lib/thumb/v7e-m+fp/hard\libc_nano.a(lib_a-strchr.o)
                0x0000000008010774                strchr
 .text.strncpy  0x000000000801078e       0x26 c:/st/stm32cubeide_1.10.1/stm32cubeide/plugins/com.st.stm32cube.ide.mcu.externaltools.gnu-tools-for-stm32.10.3-2021.10.win32_1.0.0.202111181127/tools/bin/../lib/gcc/arm-none-eabi/10.3.1/../../../../arm-none-eabi/lib/thumb/v7e-m+fp/hard\libc_nano.a(lib_a-strncpy.o)
                0x000000000801078e                strncpy
 .text.strstr   0x00000000080107b4       0x2c c:/st/stm32cubeide_1.10.1/stm32cubeide/plugins/com.st.stm32cube.ide.mcu.externaltools.gnu-tools-for-stm32.10.3-2021.10.win32_1.0.0.202111181127/tools/bin/../lib/gcc/arm-none-eabi/10.3.1/../../../../arm-none-eabi/lib/thumb/v7e-m+fp/hard\libc_nano.a(lib_a-strstr.o)
                0x00000000080107b4                strstr
 .text._strtol_l.constprop.0
                0x00000000080107e0      0x104 c:/st/stm32cubeide_1.10.1/stm32cubeide/plugins/com.st.stm32cube.ide.mcu.externaltools.gnu-tools-for-stm32.10.3-2021.10.win32_1.0.0.202111181127/tools/bin/../lib/gcc/arm-none-eabi/10.3.1/../../../../arm-none-eabi/lib/thumb/v7e-m+fp/hard\libc_nano.a(lib_a-strtol.o)
 .text.strtol   0x00000000080108e4       0x14 c:/st/stm32cubeide_1.10.1/stm32cubeide/plugins/com.st.stm32cube.ide.mcu.externaltools.gnu-tools-for-stm32.10.3-2021.10.win32_1.0.0.202111181127/tools/bin/../lib/gcc/arm-none-eabi/10.3.1/../../../../arm-none-eabi/lib/thumb/v7e-m+fp/hard\libc_nano.a(lib_a-strtol.o)
                0x00000000080108e4                strtol
 .text.__swbuf_r
                0x00000000080108f8       0xa4 c:/st/stm32cubeide_1.10.1/stm32cubeide/plugins/com.st.stm32cube.ide.mcu.externaltools.gnu-tools-for-stm32.10.3-2021.10.win32_1.0.0.202111181127/tools/bin/../lib/gcc/arm-none-eabi/10.3.1/../../../../arm-none-eabi/lib/thumb/v7e-m+fp/hard\libc_nano.a(lib_a-wbuf.o)
                0x00000000080108f8                __swbuf_r
 .text.__swsetup_r
                0x000000000801099c       0xdc c:/st/stm32cubeide_1.10.1/stm32cubeide/plugins/com.st.stm32cube.ide.mcu.externaltools.gnu-tools-for-stm32.10.3-2021.10.win32_1.0.0.202111181127/tools/bin/../lib/gcc/arm-none-eabi/10.3.1/../../../../arm-none-eabi/lib/thumb/v7e-m+fp/hard\libc_nano.a(lib_a-wsetup.o)
                0x000000000801099c                __swsetup_r
 .text.__sflush_r
                0x0000000008010a78      0x10c c:/st/stm32cubeide_1.10.1/stm32cubeide/plugins/com.st.stm32cube.ide.mcu.externaltools.gnu-tools-for-stm32.10.3-2021.10.win32_1.0.0.202111181127/tools/bin/../lib/gcc/arm-none-eabi/10.3.1/../../../../arm-none-eabi/lib/thumb/v7e-m+fp/hard\libc_nano.a(lib_a-fflush.o)
                0x0000000008010a78                __sflush_r
 .text._fflush_r
                0x0000000008010b84       0x78 c:/st/stm32cubeide_1.10.1/stm32cubeide/plugins/com.st.stm32cube.ide.mcu.externaltools.gnu-tools-for-stm32.10.3-2021.10.win32_1.0.0.202111181127/tools/bin/../lib/gcc/arm-none-eabi/10.3.1/../../../../arm-none-eabi/lib/thumb/v7e-m+fp/hard\libc_nano.a(lib_a-fflush.o)
                0x0000000008010b84                _fflush_r
 .text.std      0x0000000008010bfc       0x48 c:/st/stm32cubeide_1.10.1/stm32cubeide/plugins/com.st.stm32cube.ide.mcu.externaltools.gnu-tools-for-stm32.10.3-2021.10.win32_1.0.0.202111181127/tools/bin/../lib/gcc/arm-none-eabi/10.3.1/../../../../arm-none-eabi/lib/thumb/v7e-m+fp/hard\libc_nano.a(lib_a-findfp.o)
 .text._cleanup_r
                0x0000000008010c44        0xc c:/st/stm32cubeide_1.10.1/stm32cubeide/plugins/com.st.stm32cube.ide.mcu.externaltools.gnu-tools-for-stm32.10.3-2021.10.win32_1.0.0.202111181127/tools/bin/../lib/gcc/arm-none-eabi/10.3.1/../../../../arm-none-eabi/lib/thumb/v7e-m+fp/hard\libc_nano.a(lib_a-findfp.o)
                0x0000000008010c44                _cleanup_r
 .text.__sfmoreglue
                0x0000000008010c50       0x2c c:/st/stm32cubeide_1.10.1/stm32cubeide/plugins/com.st.stm32cube.ide.mcu.externaltools.gnu-tools-for-stm32.10.3-2021.10.win32_1.0.0.202111181127/tools/bin/../lib/gcc/arm-none-eabi/10.3.1/../../../../arm-none-eabi/lib/thumb/v7e-m+fp/hard\libc_nano.a(lib_a-findfp.o)
                0x0000000008010c50                __sfmoreglue
 .text.__sfp_lock_acquire
                0x0000000008010c7c        0xc c:/st/stm32cubeide_1.10.1/stm32cubeide/plugins/com.st.stm32cube.ide.mcu.externaltools.gnu-tools-for-stm32.10.3-2021.10.win32_1.0.0.202111181127/tools/bin/../lib/gcc/arm-none-eabi/10.3.1/../../../../arm-none-eabi/lib/thumb/v7e-m+fp/hard\libc_nano.a(lib_a-findfp.o)
                0x0000000008010c7c                __sfp_lock_acquire
 .text.__sfp_lock_release
                0x0000000008010c88        0xc c:/st/stm32cubeide_1.10.1/stm32cubeide/plugins/com.st.stm32cube.ide.mcu.externaltools.gnu-tools-for-stm32.10.3-2021.10.win32_1.0.0.202111181127/tools/bin/../lib/gcc/arm-none-eabi/10.3.1/../../../../arm-none-eabi/lib/thumb/v7e-m+fp/hard\libc_nano.a(lib_a-findfp.o)
                0x0000000008010c88                __sfp_lock_release
 .text.__sinit_lock_acquire
                0x0000000008010c94        0xc c:/st/stm32cubeide_1.10.1/stm32cubeide/plugins/com.st.stm32cube.ide.mcu.externaltools.gnu-tools-for-stm32.10.3-2021.10.win32_1.0.0.202111181127/tools/bin/../lib/gcc/arm-none-eabi/10.3.1/../../../../arm-none-eabi/lib/thumb/v7e-m+fp/hard\libc_nano.a(lib_a-findfp.o)
                0x0000000008010c94                __sinit_lock_acquire
 .text.__sinit_lock_release
                0x0000000008010ca0        0xc c:/st/stm32cubeide_1.10.1/stm32cubeide/plugins/com.st.stm32cube.ide.mcu.externaltools.gnu-tools-for-stm32.10.3-2021.10.win32_1.0.0.202111181127/tools/bin/../lib/gcc/arm-none-eabi/10.3.1/../../../../arm-none-eabi/lib/thumb/v7e-m+fp/hard\libc_nano.a(lib_a-findfp.o)
                0x0000000008010ca0                __sinit_lock_release
 .text.__sinit  0x0000000008010cac       0x70 c:/st/stm32cubeide_1.10.1/stm32cubeide/plugins/com.st.stm32cube.ide.mcu.externaltools.gnu-tools-for-stm32.10.3-2021.10.win32_1.0.0.202111181127/tools/bin/../lib/gcc/arm-none-eabi/10.3.1/../../../../arm-none-eabi/lib/thumb/v7e-m+fp/hard\libc_nano.a(lib_a-findfp.o)
                0x0000000008010cac                __sinit
 .text.__sfp    0x0000000008010d1c       0x8c c:/st/stm32cubeide_1.10.1/stm32cubeide/plugins/com.st.stm32cube.ide.mcu.externaltools.gnu-tools-for-stm32.10.3-2021.10.win32_1.0.0.202111181127/tools/bin/../lib/gcc/arm-none-eabi/10.3.1/../../../../arm-none-eabi/lib/thumb/v7e-m+fp/hard\libc_nano.a(lib_a-findfp.o)
                0x0000000008010d1c                __sfp
 .text._fwalk_reent
                0x0000000008010da8       0x3e c:/st/stm32cubeide_1.10.1/stm32cubeide/plugins/com.st.stm32cube.ide.mcu.externaltools.gnu-tools-for-stm32.10.3-2021.10.win32_1.0.0.202111181127/tools/bin/../lib/gcc/arm-none-eabi/10.3.1/../../../../arm-none-eabi/lib/thumb/v7e-m+fp/hard\libc_nano.a(lib_a-fwalk.o)
                0x0000000008010da8                _fwalk_reent
 .text.__retarget_lock_init_recursive
                0x0000000008010de6        0x2 c:/st/stm32cubeide_1.10.1/stm32cubeide/plugins/com.st.stm32cube.ide.mcu.externaltools.gnu-tools-for-stm32.10.3-2021.10.win32_1.0.0.202111181127/tools/bin/../lib/gcc/arm-none-eabi/10.3.1/../../../../arm-none-eabi/lib/thumb/v7e-m+fp/hard\libc_nano.a(lib_a-lock.o)
                0x0000000008010de6                __retarget_lock_init_recursive
 .text.__retarget_lock_acquire_recursive
                0x0000000008010de8        0x2 c:/st/stm32cubeide_1.10.1/stm32cubeide/plugins/com.st.stm32cube.ide.mcu.externaltools.gnu-tools-for-stm32.10.3-2021.10.win32_1.0.0.202111181127/tools/bin/../lib/gcc/arm-none-eabi/10.3.1/../../../../arm-none-eabi/lib/thumb/v7e-m+fp/hard\libc_nano.a(lib_a-lock.o)
                0x0000000008010de8                __retarget_lock_acquire_recursive
 .text.__retarget_lock_release_recursive
                0x0000000008010dea        0x2 c:/st/stm32cubeide_1.10.1/stm32cubeide/plugins/com.st.stm32cube.ide.mcu.externaltools.gnu-tools-for-stm32.10.3-2021.10.win32_1.0.0.202111181127/tools/bin/../lib/gcc/arm-none-eabi/10.3.1/../../../../arm-none-eabi/lib/thumb/v7e-m+fp/hard\libc_nano.a(lib_a-lock.o)
                0x0000000008010dea                __retarget_lock_release_recursive
 .text.__swhatbuf_r
                0x0000000008010dec       0x4a c:/st/stm32cubeide_1.10.1/stm32cubeide/plugins/com.st.stm32cube.ide.mcu.externaltools.gnu-tools-for-stm32.10.3-2021.10.win32_1.0.0.202111181127/tools/bin/../lib/gcc/arm-none-eabi/10.3.1/../../../../arm-none-eabi/lib/thumb/v7e-m+fp/hard\libc_nano.a(lib_a-makebuf.o)
                0x0000000008010dec                __swhatbuf_r
 *fill*         0x0000000008010e36        0x2 
 .text.__smakebuf_r
                0x0000000008010e38       0x80 c:/st/stm32cubeide_1.10.1/stm32cubeide/plugins/com.st.stm32cube.ide.mcu.externaltools.gnu-tools-for-stm32.10.3-2021.10.win32_1.0.0.202111181127/tools/bin/../lib/gcc/arm-none-eabi/10.3.1/../../../../arm-none-eabi/lib/thumb/v7e-m+fp/hard\libc_nano.a(lib_a-makebuf.o)
                0x0000000008010e38                __smakebuf_r
 .text.__malloc_lock
                0x0000000008010eb8        0xc c:/st/stm32cubeide_1.10.1/stm32cubeide/plugins/com.st.stm32cube.ide.mcu.externaltools.gnu-tools-for-stm32.10.3-2021.10.win32_1.0.0.202111181127/tools/bin/../lib/gcc/arm-none-eabi/10.3.1/../../../../arm-none-eabi/lib/thumb/v7e-m+fp/hard\libc_nano.a(lib_a-mlock.o)
                0x0000000008010eb8                __malloc_lock
 .text.__malloc_unlock
                0x0000000008010ec4        0xc c:/st/stm32cubeide_1.10.1/stm32cubeide/plugins/com.st.stm32cube.ide.mcu.externaltools.gnu-tools-for-stm32.10.3-2021.10.win32_1.0.0.202111181127/tools/bin/../lib/gcc/arm-none-eabi/10.3.1/../../../../arm-none-eabi/lib/thumb/v7e-m+fp/hard\libc_nano.a(lib_a-mlock.o)
                0x0000000008010ec4                __malloc_unlock
 .text.__ssputs_r
                0x0000000008010ed0       0xb6 c:/st/stm32cubeide_1.10.1/stm32cubeide/plugins/com.st.stm32cube.ide.mcu.externaltools.gnu-tools-for-stm32.10.3-2021.10.win32_1.0.0.202111181127/tools/bin/../lib/gcc/arm-none-eabi/10.3.1/../../../../arm-none-eabi/lib/thumb/v7e-m+fp/hard\libc_nano.a(lib_a-nano-svfprintf.o)
                0x0000000008010ed0                __ssputs_r
 *fill*         0x0000000008010f86        0x2 
 .text._svfprintf_r