../Core/Src/stm32f4xx_it.c:79:6:NMI_Handler	8	static
../Core/Src/stm32f4xx_it.c:95:6:HardFault_Handler	4	static
../Core/Src/stm32f4xx_it.c:110:6:MemManage_Handler	4	static
../Core/Src/stm32f4xx_it.c:125:6:BusFault_Handler	4	static
../Core/Src/stm32f4xx_it.c:140:6:UsageFault_Handler	4	static
../Core/Src/stm32f4xx_it.c:155:6:SVC_Handler	4	static
../Core/Src/stm32f4xx_it.c:168:6:DebugMon_Handler	4	static
../Core/Src/stm32f4xx_it.c:181:6:PendSV_Handler	4	static
../Core/Src/stm32f4xx_it.c:194:6:SysTick_Handler	8	static
../Core/Src/stm32f4xx_it.c:215:6:ADC_IRQHandler	8	static
../Core/Src/stm32f4xx_it.c:231:6:CAN1_TX_IRQHandler	8	static
../Core/Src/stm32f4xx_it.c:245:6:CAN1_RX0_IRQHandler	8	static
../Core/Src/stm32f4xx_it.c:259:6:TIM1_UP_TIM10_IRQHandler	8	static
../Core/Src/stm32f4xx_it.c:273:6:I2C1_EV_IRQHandler	8	static
../Core/Src/stm32f4xx_it.c:287:6:I2C2_EV_IRQHandler	8	static
../Core/Src/stm32f4xx_it.c:301:6:USART1_IRQHandler	8	static
../Core/Src/stm32f4xx_it.c:315:6:SDIO_IRQHandler	8	static
../Core/Src/stm32f4xx_it.c:329:6:DMA2_Stream3_IRQHandler	8	static
../Core/Src/stm32f4xx_it.c:343:6:DMA2_Stream6_IRQHandler	8	static
