../Core/Src/main.c:221:5:_write	24	static
../Core/Src/main.c:227:10:getDateTimeBits	160	static
../Core/Src/main.c:248:6:SD_Setup	32	static
../Core/Src/main.c:278:10:log_string_generator	112	static
../Core/Src/main.c:292:6:LOGGER	4176	static
../Core/Src/main.c:367:6:Sensor_Setup	32	static
../Core/Src/main.c:392:6:Sensor_Manager	72	static
../Core/Src/main.c:455:6:RTD_Manager	48	static
../Core/Src/main.c:507:6:CAN_Setup	48	static
../Core/Src/main.c:571:6:HAL_CAN_RxFifo0MsgPendingCallback	16	static
../Core/Src/main.c:656:6:HAL_CAN_RxFifo0FullCallback	16	static
../Core/Src/main.c:671:6:CAN_Manager	80	static
../Core/Src/main.c:702:6:HAL_CAN_ErrorCallback	16	static
../Core/Src/main.c:715:6:HAL_UART_RxCpltCallback	16	static
../Core/Src/main.c:777:6:GPS_Setup	112	static
../Core/Src/main.c:798:6:GPS_Manager	120	static
../Core/Src/main.c:918:6:WiFi_Manager	120	static
../Core/Src/main.c:1036:6:HAL_TIM_PeriodElapsedCallback	16	static
../Core/Src/main.c:1069:6:HAL_ADC_ConvCpltCallback	24	static
../Core/Src/main.c:1076:6:LCD_Send_CMD	32	static
../Core/Src/main.c:1088:6:LCD_Send_DATA	32	static
../Core/Src/main.c:1100:6:LCD_Write	16	static
../Core/Src/main.c:1114:6:LCD_Setup	8	static
../Core/Src/main.c:1139:6:LCD_Manager	32	static
../Core/Src/main.c:1177:6:ACC_Send	32	static
../Core/Src/main.c:1182:6:ACC_Read	32	static
../Core/Src/main.c:1186:6:ACC_Setup	8	static
../Core/Src/main.c:1195:6:ACC_Manager	56	static
../Core/Src/main.c:1218:5:main	56	static
../Core/Src/main.c:1321:6:SystemClock_Config	88	static
../Core/Src/main.c:1375:6:Error_Handler	16	static
