../Core/Src/main.c:221:5:_write	24	static
../Core/Src/main.c:226:10:getDateTimeBits	160	static
../Core/Src/main.c:247:6:SD_Setup	32	static
../Core/Src/main.c:277:10:log_string_generator	112	static
../Core/Src/main.c:291:6:LOGGER	4176	static
../Core/Src/main.c:366:6:Sensor_Setup	32	static
../Core/Src/main.c:391:6:Sensor_Manager	72	static
../Core/Src/main.c:453:6:RTD_Manager	48	static
../Core/Src/main.c:502:6:CAN_Setup	48	static
../Core/Src/main.c:566:6:HAL_CAN_RxFifo0MsgPendingCallback	16	static
../Core/Src/main.c:651:6:HAL_CAN_RxFifo0FullCallback	16	static
../Core/Src/main.c:666:6:CAN_Manager	80	static
../Core/Src/main.c:697:6:HAL_CAN_ErrorCallback	16	static
../Core/Src/main.c:710:6:HAL_UART_RxCpltCallback	16	static
../Core/Src/main.c:772:6:GPS_Setup	48	static
../Core/Src/main.c:800:6:GPS_Manager	120	static
../Core/Src/main.c:920:6:WiFi_Manager	120	static
../Core/Src/main.c:1039:6:HAL_TIM_PeriodElapsedCallback	16	static
../Core/Src/main.c:1072:6:HAL_ADC_ConvCpltCallback	24	static
../Core/Src/main.c:1079:6:LCD_Send_CMD	32	static
../Core/Src/main.c:1091:6:LCD_Send_DATA	32	static
../Core/Src/main.c:1103:6:LCD_Write	16	static
../Core/Src/main.c:1117:6:LCD_Setup	8	static
../Core/Src/main.c:1142:6:LCD_Manager	32	static
../Core/Src/main.c:1180:6:ACC_Send	32	static
../Core/Src/main.c:1185:6:ACC_Read	32	static
../Core/Src/main.c:1189:6:ACC_Setup	8	static
../Core/Src/main.c:1198:6:ACC_Manager	56	static
../Core/Src/main.c:1223:5:main	56	static
../Core/Src/main.c:1327:6:SystemClock_Config	88	static
../Core/Src/main.c:1381:6:Error_Handler	16	static
