../Core/Src/main.c:154:5:_write	24	static
../Core/Src/main.c:160:10:getDateTimeBits	160	static
../Core/Src/main.c:180:6:LOGGER	4272	static
../Core/Src/main.c:244:6:Sensor_Setup	32	static
../Core/Src/main.c:269:6:Sensor_Manager	56	static
../Core/Src/main.c:302:6:RTD_Manager	48	static
../Core/Src/main.c:354:6:CAN_Setup	48	static
../Core/Src/main.c:387:6:HAL_CAN_RxFifo0MsgPendingCallback	56	static
../Core/Src/main.c:401:6:HAL_CAN_ErrorCallback	16	static
../Core/Src/main.c:406:6:CAN_Manager	4	static
../Core/Src/main.c:412:6:HAL_UART_RxCpltCallback	16	static
../Core/Src/main.c:474:6:GPS_Setup	112	static
../Core/Src/main.c:495:6:GPS_Manager	120	static
../Core/Src/main.c:615:6:WiFi_Manager	120	static
../Core/Src/main.c:735:6:HAL_TIM_PeriodElapsedCallback	16	static
../Core/Src/main.c:757:6:HAL_ADC_ConvCpltCallback	24	static
../Core/Src/main.c:763:6:SD_Setup	16	static
../Core/Src/main.c:784:5:main	56	static
../Core/Src/main.c:882:6:SystemClock_Config	88	static
../Core/Src/main.c:936:6:Error_Handler	8	static
