../Core/Src/main.c:219:5:_write	24	static
../Core/Src/main.c:225:10:getDateTimeBits	160	static
../Core/Src/main.c:246:6:SD_Setup	32	static
../Core/Src/main.c:276:7:log_string_generator	112	static
../Core/Src/main.c:290:6:LOGGER	4176	static
../Core/Src/main.c:373:6:Sensor_Setup	32	static
../Core/Src/main.c:398:6:Sensor_Manager	56	static
../Core/Src/main.c:431:6:RTD_Manager	48	static
../Core/Src/main.c:483:6:CAN_Setup	48	static
../Core/Src/main.c:547:6:HAL_CAN_RxFifo0MsgPendingCallback	16	static
../Core/Src/main.c:632:6:HAL_CAN_RxFifo0FullCallback	16	static
../Core/Src/main.c:647:6:CAN_Manager	80	static
../Core/Src/main.c:678:6:HAL_CAN_ErrorCallback	16	static
../Core/Src/main.c:691:6:HAL_UART_RxCpltCallback	16	static
../Core/Src/main.c:753:6:GPS_Setup	112	static
../Core/Src/main.c:774:6:GPS_Manager	120	static
../Core/Src/main.c:894:6:WiFi_Manager	136	static
../Core/Src/main.c:1037:6:HAL_TIM_PeriodElapsedCallback	16	static
../Core/Src/main.c:1063:6:HAL_ADC_ConvCpltCallback	24	static
../Core/Src/main.c:1070:6:LCD_Send_CMD	32	static
../Core/Src/main.c:1082:6:LCD_Send_DATA	32	static
../Core/Src/main.c:1094:6:LCD_Write	16	static
../Core/Src/main.c:1108:6:LCD_Setup	8	static
../Core/Src/main.c:1133:6:LCD_Manager	32	static
../Core/Src/main.c:1175:5:main	56	static
../Core/Src/main.c:1274:6:SystemClock_Config	88	static
../Core/Src/main.c:1328:6:Error_Handler	16	static
