../Core/Src/main.c:219:5:_write	24	static
../Core/Src/main.c:225:10:getDateTimeBits	160	static
../Core/Src/main.c:246:6:SD_Setup	32	static
../Core/Src/main.c:276:10:log_string_generator	112	static
../Core/Src/main.c:290:6:LOGGER	4176	static
../Core/Src/main.c:365:6:Sensor_Setup	32	static
../Core/Src/main.c:390:6:Sensor_Manager	56	static
../Core/Src/main.c:423:6:RTD_Manager	48	static
../Core/Src/main.c:475:6:CAN_Setup	48	static
../Core/Src/main.c:539:6:HAL_CAN_RxFifo0MsgPendingCallback	16	static
../Core/Src/main.c:624:6:HAL_CAN_RxFifo0FullCallback	16	static
../Core/Src/main.c:639:6:CAN_Manager	80	static
../Core/Src/main.c:670:6:HAL_CAN_ErrorCallback	16	static
../Core/Src/main.c:683:6:HAL_UART_RxCpltCallback	16	static
../Core/Src/main.c:745:6:GPS_Setup	112	static
../Core/Src/main.c:766:6:GPS_Manager	120	static
../Core/Src/main.c:886:6:WiFi_Manager	136	static
../Core/Src/main.c:1029:6:HAL_TIM_PeriodElapsedCallback	16	static
../Core/Src/main.c:1055:6:HAL_ADC_ConvCpltCallback	24	static
../Core/Src/main.c:1062:6:LCD_Send_CMD	32	static
../Core/Src/main.c:1074:6:LCD_Send_DATA	32	static
../Core/Src/main.c:1086:6:LCD_Write	16	static
../Core/Src/main.c:1100:6:LCD_Setup	8	static
../Core/Src/main.c:1125:6:LCD_Manager	32	static
../Core/Src/main.c:1167:5:main	56	static
../Core/Src/main.c:1266:6:SystemClock_Config	88	static
../Core/Src/main.c:1320:6:Error_Handler	16	static
