../Core/Src/main.c:221:5:_write	24	static
../Core/Src/main.c:226:10:getDateTimeBits	160	static
../Core/Src/main.c:247:6:SD_Setup	32	static
../Core/Src/main.c:277:10:log_string_generator	112	static
../Core/Src/main.c:291:6:LOGGER	4176	static
../Core/Src/main.c:366:6:Sensor_Setup	32	static
../Core/Src/main.c:391:6:Sensor_Manager	72	static
../Core/Src/main.c:454:6:RTD_Manager	48	static
../Core/Src/main.c:506:6:CAN_Setup	48	static
../Core/Src/main.c:570:6:HAL_CAN_RxFifo0MsgPendingCallback	16	static
../Core/Src/main.c:655:6:HAL_CAN_RxFifo0FullCallback	16	static
../Core/Src/main.c:670:6:CAN_Manager	80	static
../Core/Src/main.c:701:6:HAL_CAN_ErrorCallback	16	static
../Core/Src/main.c:714:6:HAL_UART_RxCpltCallback	16	static
../Core/Src/main.c:776:6:GPS_Setup	112	static
../Core/Src/main.c:797:6:GPS_Manager	120	static
../Core/Src/main.c:917:6:WiFi_Manager	120	static
../Core/Src/main.c:1037:6:HAL_TIM_PeriodElapsedCallback	16	static
../Core/Src/main.c:1070:6:HAL_ADC_ConvCpltCallback	24	static
../Core/Src/main.c:1077:6:LCD_Send_CMD	32	static
../Core/Src/main.c:1089:6:LCD_Send_DATA	32	static
../Core/Src/main.c:1101:6:LCD_Write	16	static
../Core/Src/main.c:1115:6:LCD_Setup	8	static
../Core/Src/main.c:1140:6:LCD_Manager	32	static
../Core/Src/main.c:1178:6:ACC_Send	32	static
../Core/Src/main.c:1183:6:ACC_Read	32	static
../Core/Src/main.c:1187:6:ACC_Setup	8	static
../Core/Src/main.c:1196:6:ACC_Manager	56	static
../Core/Src/main.c:1219:5:main	56	static
../Core/Src/main.c:1323:6:SystemClock_Config	88	static
../Core/Src/main.c:1377:6:Error_Handler	16	static
