../Core/Src/stm32f4xx_it.c:81:6:NMI_Handler	8	static
../Core/Src/stm32f4xx_it.c:97:6:HardFault_Handler	8	static
../Core/Src/stm32f4xx_it.c:117:6:MemManage_Handler	4	static
../Core/Src/stm32f4xx_it.c:132:6:BusFault_Handler	4	static
../Core/Src/stm32f4xx_it.c:147:6:UsageFault_Handler	4	static
../Core/Src/stm32f4xx_it.c:162:6:SVC_Handler	4	static
../Core/Src/stm32f4xx_it.c:175:6:DebugMon_Handler	4	static
../Core/Src/stm32f4xx_it.c:188:6:PendSV_Handler	4	static
../Core/Src/stm32f4xx_it.c:201:6:SysTick_Handler	8	static
../Core/Src/stm32f4xx_it.c:223:6:ADC_IRQHandler	8	static
../Core/Src/stm32f4xx_it.c:237:6:CAN1_TX_IRQHandler	8	static
../Core/Src/stm32f4xx_it.c:251:6:CAN1_RX0_IRQHandler	8	static
../Core/Src/stm32f4xx_it.c:265:6:TIM2_IRQHandler	8	static
../Core/Src/stm32f4xx_it.c:279:6:TIM3_IRQHandler	8	static
../Core/Src/stm32f4xx_it.c:293:6:TIM4_IRQHandler	8	static
../Core/Src/stm32f4xx_it.c:307:6:I2C1_EV_IRQHandler	8	static
../Core/Src/stm32f4xx_it.c:321:6:I2C2_EV_IRQHandler	8	static
../Core/Src/stm32f4xx_it.c:335:6:USART3_IRQHandler	8	static
../Core/Src/stm32f4xx_it.c:349:6:TIM8_BRK_TIM12_IRQHandler	8	static
../Core/Src/stm32f4xx_it.c:363:6:SDIO_IRQHandler	8	static
../Core/Src/stm32f4xx_it.c:377:6:DMA2_Stream3_IRQHandler	8	static
../Core/Src/stm32f4xx_it.c:391:6:DMA2_Stream6_IRQHandler	8	static
../Core/Src/stm32f4xx_it.c:405:6:USART6_IRQHandler	8	static
