../Core/Src/stm32f4xx_it.c:81:6:NMI_Handler	8	static
../Core/Src/stm32f4xx_it.c:97:6:HardFault_Handler	4	static
../Core/Src/stm32f4xx_it.c:112:6:MemManage_Handler	4	static
../Core/Src/stm32f4xx_it.c:127:6:BusFault_Handler	4	static
../Core/Src/stm32f4xx_it.c:142:6:UsageFault_Handler	4	static
../Core/Src/stm32f4xx_it.c:157:6:SVC_Handler	4	static
../Core/Src/stm32f4xx_it.c:170:6:DebugMon_Handler	4	static
../Core/Src/stm32f4xx_it.c:183:6:PendSV_Handler	4	static
../Core/Src/stm32f4xx_it.c:196:6:SysTick_Handler	8	static
../Core/Src/stm32f4xx_it.c:218:6:ADC_IRQHandler	8	static
../Core/Src/stm32f4xx_it.c:232:6:CAN1_TX_IRQHandler	8	static
../Core/Src/stm32f4xx_it.c:246:6:CAN1_RX0_IRQHandler	8	static
../Core/Src/stm32f4xx_it.c:260:6:TIM2_IRQHandler	8	static
../Core/Src/stm32f4xx_it.c:274:6:TIM3_IRQHandler	8	static
../Core/Src/stm32f4xx_it.c:288:6:TIM4_IRQHandler	8	static
../Core/Src/stm32f4xx_it.c:302:6:I2C1_EV_IRQHandler	8	static
../Core/Src/stm32f4xx_it.c:316:6:I2C2_EV_IRQHandler	8	static
../Core/Src/stm32f4xx_it.c:330:6:USART3_IRQHandler	8	static
../Core/Src/stm32f4xx_it.c:344:6:TIM8_BRK_TIM12_IRQHandler	8	static
../Core/Src/stm32f4xx_it.c:358:6:SDIO_IRQHandler	8	static
../Core/Src/stm32f4xx_it.c:372:6:DMA2_Stream3_IRQHandler	8	static
../Core/Src/stm32f4xx_it.c:386:6:DMA2_Stream6_IRQHandler	8	static
../Core/Src/stm32f4xx_it.c:400:6:USART6_IRQHandler	8	static
